<!doctype html public "-//w3c//dtd html 4.0 transitional//en">
<html><head>
<title>Static Call Graph - [.\Cube_MX\Cube_MX.axf]</title></head>
<body><HR>
<H1>Static Call Graph for image .\Cube_MX\Cube_MX.axf</H1><HR>
<BR><P>#&#060CALLGRAPH&#062# ARM Linker, 6160001: Last Updated: Sun Feb 27 20:30:13 2022
<BR><P>
<H3>Maximum Stack Usage =       1856 bytes + Unknown(Cycles, Untraceable Function Pointers)</H3><H3>
Call chain for Maximum Stack Depth:</H3>
lv_meter_event &rArr; lv_draw_arc &rArr; lv_draw_rect &rArr; lv_draw_img &rArr; show_error &rArr;  lv_draw_rect (Cycle)
<P>
<H3>
Mutually Recursive functions
</H3> <LI><a href="#[33]">ADC_IRQHandler</a>&nbsp;&nbsp;&nbsp;&rArr;&nbsp;&nbsp;&nbsp;<a href="#[33]">ADC_IRQHandler</a><BR>
 <LI><a href="#[1b8]">UART_EndRxTransfer</a>&nbsp;&nbsp;&nbsp;&rArr;&nbsp;&nbsp;&nbsp;<a href="#[1b8]">UART_EndRxTransfer</a><BR>
 <LI><a href="#[257]">lv_obj_get_style_prop</a>&nbsp;&nbsp;&nbsp;&rArr;&nbsp;&nbsp;&nbsp;<a href="#[257]">lv_obj_get_style_prop</a><BR>
 <LI><a href="#[2c2]">event_send_core</a>&nbsp;&nbsp;&nbsp;&rArr;&nbsp;&nbsp;&nbsp;<a href="#[2c2]">event_send_core</a><BR>
 <LI><a href="#[295]">lv_obj_move_children_by</a>&nbsp;&nbsp;&nbsp;&rArr;&nbsp;&nbsp;&nbsp;<a href="#[295]">lv_obj_move_children_by</a><BR>
 <LI><a href="#[34e]">layout_update_core</a>&nbsp;&nbsp;&nbsp;&rArr;&nbsp;&nbsp;&nbsp;<a href="#[34e]">layout_update_core</a><BR>
 <LI><a href="#[2b1]">lv_draw_label</a>&nbsp;&nbsp;&nbsp;&rArr;&nbsp;&nbsp;&nbsp;<a href="#[2ac]">lv_draw_rect</a><BR>
 <LI><a href="#[2bc]">lv_draw_line</a>&nbsp;&nbsp;&nbsp;&rArr;&nbsp;&nbsp;&nbsp;<a href="#[2ac]">lv_draw_rect</a><BR>
 <LI><a href="#[39b]">show_error</a>&nbsp;&nbsp;&nbsp;&rArr;&nbsp;&nbsp;&nbsp;<a href="#[2ac]">lv_draw_rect</a><BR>
 <LI><a href="#[443]">lv_refr_obj</a>&nbsp;&nbsp;&nbsp;&rArr;&nbsp;&nbsp;&nbsp;<a href="#[443]">lv_refr_obj</a><BR>
 <LI><a href="#[441]">lv_refr_get_top_obj</a>&nbsp;&nbsp;&nbsp;&rArr;&nbsp;&nbsp;&nbsp;<a href="#[441]">lv_refr_get_top_obj</a><BR>
 <LI><a href="#[3db]">lv_textarea_add_char</a>&nbsp;&nbsp;&nbsp;&rArr;&nbsp;&nbsp;&nbsp;<a href="#[2fd]">insert_handler</a><BR>
 <LI><a href="#[2ff]">lv_textarea_add_text</a>&nbsp;&nbsp;&nbsp;&rArr;&nbsp;&nbsp;&nbsp;<a href="#[2fd]">insert_handler</a><BR>
 <LI><a href="#[26a]">_vsnprintf</a>&nbsp;&nbsp;&nbsp;&rArr;&nbsp;&nbsp;&nbsp;<a href="#[26a]">_vsnprintf</a><BR>
 <LI><a href="#[425]">refresh_children_style</a>&nbsp;&nbsp;&nbsp;&rArr;&nbsp;&nbsp;&nbsp;<a href="#[425]">refresh_children_style</a><BR>
 <LI><a href="#[408]">lv_obj_construct</a>&nbsp;&nbsp;&nbsp;&rArr;&nbsp;&nbsp;&nbsp;<a href="#[408]">lv_obj_construct</a><BR>
 <LI><a href="#[26e]">apply_theme</a>&nbsp;&nbsp;&nbsp;&rArr;&nbsp;&nbsp;&nbsp;<a href="#[26e]">apply_theme</a><BR>
 <LI><a href="#[42a]">report_style_change_core</a>&nbsp;&nbsp;&nbsp;&rArr;&nbsp;&nbsp;&nbsp;<a href="#[42a]">report_style_change_core</a><BR>
 <LI><a href="#[40f]">lv_obj_is_editable</a>&nbsp;&nbsp;&nbsp;&rArr;&nbsp;&nbsp;&nbsp;<a href="#[40f]">lv_obj_is_editable</a><BR>
 <LI><a href="#[40b]">obj_del_core</a>&nbsp;&nbsp;&nbsp;&rArr;&nbsp;&nbsp;&nbsp;<a href="#[40b]">obj_del_core</a><BR>
</UL>
<P>
<H3>
Function Pointers
</H3><UL>
 <LI><a href="#[33]">ADC_IRQHandler</a> from startup_stm32f405xx.o(.text) referenced from startup_stm32f405xx.o(RESET)
 <LI><a href="#[1b]">BusFault_Handler</a> from stm32f4xx_it.o(.text.BusFault_Handler) referenced from startup_stm32f405xx.o(RESET)
 <LI><a href="#[35]">CAN1_RX0_IRQHandler</a> from startup_stm32f405xx.o(.text) referenced from startup_stm32f405xx.o(RESET)
 <LI><a href="#[36]">CAN1_RX1_IRQHandler</a> from startup_stm32f405xx.o(.text) referenced from startup_stm32f405xx.o(RESET)
 <LI><a href="#[37]">CAN1_SCE_IRQHandler</a> from startup_stm32f405xx.o(.text) referenced from startup_stm32f405xx.o(RESET)
 <LI><a href="#[34]">CAN1_TX_IRQHandler</a> from startup_stm32f405xx.o(.text) referenced from startup_stm32f405xx.o(RESET)
 <LI><a href="#[5f]">CAN2_RX0_IRQHandler</a> from startup_stm32f405xx.o(.text) referenced from startup_stm32f405xx.o(RESET)
 <LI><a href="#[60]">CAN2_RX1_IRQHandler</a> from startup_stm32f405xx.o(.text) referenced from startup_stm32f405xx.o(RESET)
 <LI><a href="#[61]">CAN2_SCE_IRQHandler</a> from startup_stm32f405xx.o(.text) referenced from startup_stm32f405xx.o(RESET)
 <LI><a href="#[5e]">CAN2_TX_IRQHandler</a> from startup_stm32f405xx.o(.text) referenced from startup_stm32f405xx.o(RESET)
 <LI><a href="#[2c]">DMA1_Stream0_IRQHandler</a> from startup_stm32f405xx.o(.text) referenced from startup_stm32f405xx.o(RESET)
 <LI><a href="#[2d]">DMA1_Stream1_IRQHandler</a> from stm32f4xx_it.o(.text.DMA1_Stream1_IRQHandler) referenced from startup_stm32f405xx.o(RESET)
 <LI><a href="#[2e]">DMA1_Stream2_IRQHandler</a> from startup_stm32f405xx.o(.text) referenced from startup_stm32f405xx.o(RESET)
 <LI><a href="#[2f]">DMA1_Stream3_IRQHandler</a> from stm32f4xx_it.o(.text.DMA1_Stream3_IRQHandler) referenced from startup_stm32f405xx.o(RESET)
 <LI><a href="#[30]">DMA1_Stream4_IRQHandler</a> from startup_stm32f405xx.o(.text) referenced from startup_stm32f405xx.o(RESET)
 <LI><a href="#[31]">DMA1_Stream5_IRQHandler</a> from startup_stm32f405xx.o(.text) referenced from startup_stm32f405xx.o(RESET)
 <LI><a href="#[32]">DMA1_Stream6_IRQHandler</a> from startup_stm32f405xx.o(.text) referenced from startup_stm32f405xx.o(RESET)
 <LI><a href="#[50]">DMA1_Stream7_IRQHandler</a> from startup_stm32f405xx.o(.text) referenced from startup_stm32f405xx.o(RESET)
 <LI><a href="#[59]">DMA2_Stream0_IRQHandler</a> from startup_stm32f405xx.o(.text) referenced from startup_stm32f405xx.o(RESET)
 <LI><a href="#[5a]">DMA2_Stream1_IRQHandler</a> from startup_stm32f405xx.o(.text) referenced from startup_stm32f405xx.o(RESET)
 <LI><a href="#[5b]">DMA2_Stream2_IRQHandler</a> from stm32f4xx_it.o(.text.DMA2_Stream2_IRQHandler) referenced from startup_stm32f405xx.o(RESET)
 <LI><a href="#[5c]">DMA2_Stream3_IRQHandler</a> from stm32f4xx_it.o(.text.DMA2_Stream3_IRQHandler) referenced from startup_stm32f405xx.o(RESET)
 <LI><a href="#[5d]">DMA2_Stream4_IRQHandler</a> from startup_stm32f405xx.o(.text) referenced from startup_stm32f405xx.o(RESET)
 <LI><a href="#[63]">DMA2_Stream5_IRQHandler</a> from startup_stm32f405xx.o(.text) referenced from startup_stm32f405xx.o(RESET)
 <LI><a href="#[64]">DMA2_Stream6_IRQHandler</a> from startup_stm32f405xx.o(.text) referenced from startup_stm32f405xx.o(RESET)
 <LI><a href="#[65]">DMA2_Stream7_IRQHandler</a> from stm32f4xx_it.o(.text.DMA2_Stream7_IRQHandler) referenced from startup_stm32f405xx.o(RESET)
 <LI><a href="#[1e]">DebugMon_Handler</a> from stm32f4xx_it.o(.text.DebugMon_Handler) referenced from startup_stm32f405xx.o(RESET)
 <LI><a href="#[27]">EXTI0_IRQHandler</a> from bsp_interface.o(.text.EXTI0_IRQHandler) referenced from startup_stm32f405xx.o(RESET)
 <LI><a href="#[49]">EXTI15_10_IRQHandler</a> from startup_stm32f405xx.o(.text) referenced from startup_stm32f405xx.o(RESET)
 <LI><a href="#[28]">EXTI1_IRQHandler</a> from startup_stm32f405xx.o(.text) referenced from startup_stm32f405xx.o(RESET)
 <LI><a href="#[29]">EXTI2_IRQHandler</a> from bsp_interface.o(.text.EXTI2_IRQHandler) referenced from startup_stm32f405xx.o(RESET)
 <LI><a href="#[2a]">EXTI3_IRQHandler</a> from stm32f4xx_it.o(.text.EXTI3_IRQHandler) referenced from startup_stm32f405xx.o(RESET)
 <LI><a href="#[2b]">EXTI4_IRQHandler</a> from startup_stm32f405xx.o(.text) referenced from startup_stm32f405xx.o(RESET)
 <LI><a href="#[38]">EXTI9_5_IRQHandler</a> from stm32f4xx_it.o(.text.EXTI9_5_IRQHandler) referenced from startup_stm32f405xx.o(RESET)
 <LI><a href="#[25]">FLASH_IRQHandler</a> from startup_stm32f405xx.o(.text) referenced from startup_stm32f405xx.o(RESET)
 <LI><a href="#[51]">FMC_IRQHandler</a> from startup_stm32f405xx.o(.text) referenced from startup_stm32f405xx.o(RESET)
 <LI><a href="#[6e]">FPU_IRQHandler</a> from startup_stm32f405xx.o(.text) referenced from startup_stm32f405xx.o(RESET)
 <LI><a href="#[6d]">HASH_RNG_IRQHandler</a> from startup_stm32f405xx.o(.text) referenced from startup_stm32f405xx.o(RESET)
 <LI><a href="#[19]">HardFault_Handler</a> from stm32f4xx_it.o(.text.HardFault_Handler) referenced from startup_stm32f405xx.o(RESET)
 <LI><a href="#[41]">I2C1_ER_IRQHandler</a> from startup_stm32f405xx.o(.text) referenced from startup_stm32f405xx.o(RESET)
 <LI><a href="#[40]">I2C1_EV_IRQHandler</a> from startup_stm32f405xx.o(.text) referenced from startup_stm32f405xx.o(RESET)
 <LI><a href="#[43]">I2C2_ER_IRQHandler</a> from startup_stm32f405xx.o(.text) referenced from startup_stm32f405xx.o(RESET)
 <LI><a href="#[42]">I2C2_EV_IRQHandler</a> from startup_stm32f405xx.o(.text) referenced from startup_stm32f405xx.o(RESET)
 <LI><a href="#[68]">I2C3_ER_IRQHandler</a> from startup_stm32f405xx.o(.text) referenced from startup_stm32f405xx.o(RESET)
 <LI><a href="#[67]">I2C3_EV_IRQHandler</a> from startup_stm32f405xx.o(.text) referenced from startup_stm32f405xx.o(RESET)
 <LI><a href="#[1a]">MemManage_Handler</a> from stm32f4xx_it.o(.text.MemManage_Handler) referenced from startup_stm32f405xx.o(RESET)
 <LI><a href="#[18]">NMI_Handler</a> from stm32f4xx_it.o(.text.NMI_Handler) referenced from startup_stm32f405xx.o(RESET)
 <LI><a href="#[62]">OTG_FS_IRQHandler</a> from stm32f4xx_it.o(.text.OTG_FS_IRQHandler) referenced from startup_stm32f405xx.o(RESET)
 <LI><a href="#[4b]">OTG_FS_WKUP_IRQHandler</a> from startup_stm32f405xx.o(.text) referenced from startup_stm32f405xx.o(RESET)
 <LI><a href="#[6a]">OTG_HS_EP1_IN_IRQHandler</a> from startup_stm32f405xx.o(.text) referenced from startup_stm32f405xx.o(RESET)
 <LI><a href="#[69]">OTG_HS_EP1_OUT_IRQHandler</a> from startup_stm32f405xx.o(.text) referenced from startup_stm32f405xx.o(RESET)
 <LI><a href="#[6c]">OTG_HS_IRQHandler</a> from startup_stm32f405xx.o(.text) referenced from startup_stm32f405xx.o(RESET)
 <LI><a href="#[6b]">OTG_HS_WKUP_IRQHandler</a> from startup_stm32f405xx.o(.text) referenced from startup_stm32f405xx.o(RESET)
 <LI><a href="#[22]">PVD_IRQHandler</a> from startup_stm32f405xx.o(.text) referenced from startup_stm32f405xx.o(RESET)
 <LI><a href="#[1f]">PendSV_Handler</a> from port.o(.text.PendSV_Handler) referenced from startup_stm32f405xx.o(RESET)
 <LI><a href="#[26]">RCC_IRQHandler</a> from startup_stm32f405xx.o(.text) referenced from startup_stm32f405xx.o(RESET)
 <LI><a href="#[4a]">RTC_Alarm_IRQHandler</a> from startup_stm32f405xx.o(.text) referenced from startup_stm32f405xx.o(RESET)
 <LI><a href="#[24]">RTC_WKUP_IRQHandler</a> from startup_stm32f405xx.o(.text) referenced from startup_stm32f405xx.o(RESET)
 <LI><a href="#[17]">Reset_Handler</a> from startup_stm32f405xx.o(.text) referenced from startup_stm32f405xx.o(RESET)
 <LI><a href="#[52]">SDIO_IRQHandler</a> from startup_stm32f405xx.o(.text) referenced from startup_stm32f405xx.o(RESET)
 <LI><a href="#[44]">SPI1_IRQHandler</a> from startup_stm32f405xx.o(.text) referenced from startup_stm32f405xx.o(RESET)
 <LI><a href="#[45]">SPI2_IRQHandler</a> from startup_stm32f405xx.o(.text) referenced from startup_stm32f405xx.o(RESET)
 <LI><a href="#[54]">SPI3_IRQHandler</a> from startup_stm32f405xx.o(.text) referenced from startup_stm32f405xx.o(RESET)
 <LI><a href="#[74]">SPI_DMAError</a> from stm32f4xx_hal_spi.o(.text.SPI_DMAError) referenced 2 times from stm32f4xx_hal_spi.o(.text.HAL_SPI_Transmit_DMA)
 <LI><a href="#[72]">SPI_DMAHalfTransmitCplt</a> from stm32f4xx_hal_spi.o(.text.SPI_DMAHalfTransmitCplt) referenced 2 times from stm32f4xx_hal_spi.o(.text.HAL_SPI_Transmit_DMA)
 <LI><a href="#[73]">SPI_DMATransmitCplt</a> from stm32f4xx_hal_spi.o(.text.SPI_DMATransmitCplt) referenced 2 times from stm32f4xx_hal_spi.o(.text.HAL_SPI_Transmit_DMA)
 <LI><a href="#[1d]">SVC_Handler</a> from port.o(.text.SVC_Handler) referenced from startup_stm32f405xx.o(RESET)
 <LI><a href="#[20]">SysTick_Handler</a> from stm32f4xx_it.o(.text.SysTick_Handler) referenced from startup_stm32f405xx.o(RESET)
 <LI><a href="#[70]">SystemInit</a> from system_stm32f4xx.o(.text.SystemInit) referenced from startup_stm32f405xx.o(.text)
 <LI><a href="#[23]">TAMP_STAMP_IRQHandler</a> from startup_stm32f405xx.o(.text) referenced from startup_stm32f405xx.o(RESET)
 <LI><a href="#[39]">TIM1_BRK_TIM9_IRQHandler</a> from startup_stm32f405xx.o(.text) referenced from startup_stm32f405xx.o(RESET)
 <LI><a href="#[3c]">TIM1_CC_IRQHandler</a> from startup_stm32f405xx.o(.text) referenced from startup_stm32f405xx.o(RESET)
 <LI><a href="#[3b]">TIM1_TRG_COM_TIM11_IRQHandler</a> from startup_stm32f405xx.o(.text) referenced from startup_stm32f405xx.o(RESET)
 <LI><a href="#[3a]">TIM1_UP_TIM10_IRQHandler</a> from stm32f4xx_it.o(.text.TIM1_UP_TIM10_IRQHandler) referenced from startup_stm32f405xx.o(RESET)
 <LI><a href="#[3d]">TIM2_IRQHandler</a> from startup_stm32f405xx.o(.text) referenced from startup_stm32f405xx.o(RESET)
 <LI><a href="#[3e]">TIM3_IRQHandler</a> from startup_stm32f405xx.o(.text) referenced from startup_stm32f405xx.o(RESET)
 <LI><a href="#[3f]">TIM4_IRQHandler</a> from stm32f4xx_it.o(.text.TIM4_IRQHandler) referenced from startup_stm32f405xx.o(RESET)
 <LI><a href="#[53]">TIM5_IRQHandler</a> from startup_stm32f405xx.o(.text) referenced from startup_stm32f405xx.o(RESET)
 <LI><a href="#[57]">TIM6_DAC_IRQHandler</a> from startup_stm32f405xx.o(.text) referenced from startup_stm32f405xx.o(RESET)
 <LI><a href="#[58]">TIM7_IRQHandler</a> from startup_stm32f405xx.o(.text) referenced from startup_stm32f405xx.o(RESET)
 <LI><a href="#[4c]">TIM8_BRK_TIM12_IRQHandler</a> from startup_stm32f405xx.o(.text) referenced from startup_stm32f405xx.o(RESET)
 <LI><a href="#[4f]">TIM8_CC_IRQHandler</a> from startup_stm32f405xx.o(.text) referenced from startup_stm32f405xx.o(RESET)
 <LI><a href="#[4e]">TIM8_TRG_COM_TIM14_IRQHandler</a> from startup_stm32f405xx.o(.text) referenced from startup_stm32f405xx.o(RESET)
 <LI><a href="#[4d]">TIM8_UP_TIM13_IRQHandler</a> from startup_stm32f405xx.o(.text) referenced from startup_stm32f405xx.o(RESET)
 <LI><a href="#[55]">UART4_IRQHandler</a> from startup_stm32f405xx.o(.text) referenced from startup_stm32f405xx.o(RESET)
 <LI><a href="#[56]">UART5_IRQHandler</a> from startup_stm32f405xx.o(.text) referenced from startup_stm32f405xx.o(RESET)
 <LI><a href="#[75]">UART_DMAAbortOnError</a> from stm32f4xx_hal_uart.o(.text.UART_DMAAbortOnError) referenced 2 times from stm32f4xx_hal_uart.o(.text.HAL_UART_IRQHandler)
 <LI><a href="#[76]">UART_DMAError</a> from stm32f4xx_hal_uart.o(.text.UART_DMAError) referenced 2 times from stm32f4xx_hal_uart.o(.text.HAL_UART_Transmit_DMA)
 <LI><a href="#[77]">UART_DMATransmitCplt</a> from stm32f4xx_hal_uart.o(.text.UART_DMATransmitCplt) referenced 2 times from stm32f4xx_hal_uart.o(.text.HAL_UART_Transmit_DMA)
 <LI><a href="#[78]">UART_DMATxHalfCplt</a> from stm32f4xx_hal_uart.o(.text.UART_DMATxHalfCplt) referenced 2 times from stm32f4xx_hal_uart.o(.text.HAL_UART_Transmit_DMA)
 <LI><a href="#[46]">USART1_IRQHandler</a> from stm32f4xx_it.o(.text.USART1_IRQHandler) referenced from startup_stm32f405xx.o(RESET)
 <LI><a href="#[47]">USART2_IRQHandler</a> from startup_stm32f405xx.o(.text) referenced from startup_stm32f405xx.o(RESET)
 <LI><a href="#[48]">USART3_IRQHandler</a> from stm32f4xx_it.o(.text.USART3_IRQHandler) referenced from startup_stm32f405xx.o(RESET)
 <LI><a href="#[66]">USART6_IRQHandler</a> from startup_stm32f405xx.o(.text) referenced from startup_stm32f405xx.o(RESET)
 <LI><a href="#[5]">USBD_FS_ConfigStrDescriptor</a> from usbd_desc.o(.text.USBD_FS_ConfigStrDescriptor) referenced 2 times from usbd_desc.o(.data.FS_Desc)
 <LI><a href="#[0]">USBD_FS_DeviceDescriptor</a> from usbd_desc.o(.text.USBD_FS_DeviceDescriptor) referenced 2 times from usbd_desc.o(.data.FS_Desc)
 <LI><a href="#[6]">USBD_FS_InterfaceStrDescriptor</a> from usbd_desc.o(.text.USBD_FS_InterfaceStrDescriptor) referenced 2 times from usbd_desc.o(.data.FS_Desc)
 <LI><a href="#[1]">USBD_FS_LangIDStrDescriptor</a> from usbd_desc.o(.text.USBD_FS_LangIDStrDescriptor) referenced 2 times from usbd_desc.o(.data.FS_Desc)
 <LI><a href="#[2]">USBD_FS_ManufacturerStrDescriptor</a> from usbd_desc.o(.text.USBD_FS_ManufacturerStrDescriptor) referenced 2 times from usbd_desc.o(.data.FS_Desc)
 <LI><a href="#[3]">USBD_FS_ProductStrDescriptor</a> from usbd_desc.o(.text.USBD_FS_ProductStrDescriptor) referenced 2 times from usbd_desc.o(.data.FS_Desc)
 <LI><a href="#[4]">USBD_FS_SerialStrDescriptor</a> from usbd_desc.o(.text.USBD_FS_SerialStrDescriptor) referenced 2 times from usbd_desc.o(.data.FS_Desc)
 <LI><a href="#[a]">USBD_HID_DataIn</a> from usbd_hid.o(.text.USBD_HID_DataIn) referenced 2 times from usbd_hid.o(.data.USBD_HID)
 <LI><a href="#[b]">USBD_HID_DataOut</a> from usbd_hid.o(.text.USBD_HID_DataOut) referenced 2 times from usbd_hid.o(.data.USBD_HID)
 <LI><a href="#[8]">USBD_HID_DeInit</a> from usbd_hid.o(.text.USBD_HID_DeInit) referenced 2 times from usbd_hid.o(.data.USBD_HID)
 <LI><a href="#[f]">USBD_HID_GetDeviceQualifierDesc</a> from usbd_hid.o(.text.USBD_HID_GetDeviceQualifierDesc) referenced 2 times from usbd_hid.o(.data.USBD_HID)
 <LI><a href="#[d]">USBD_HID_GetFSCfgDesc</a> from usbd_hid.o(.text.USBD_HID_GetFSCfgDesc) referenced 2 times from usbd_hid.o(.data.USBD_HID)
 <LI><a href="#[c]">USBD_HID_GetHSCfgDesc</a> from usbd_hid.o(.text.USBD_HID_GetHSCfgDesc) referenced 2 times from usbd_hid.o(.data.USBD_HID)
 <LI><a href="#[e]">USBD_HID_GetOtherSpeedCfgDesc</a> from usbd_hid.o(.text.USBD_HID_GetOtherSpeedCfgDesc) referenced 2 times from usbd_hid.o(.data.USBD_HID)
 <LI><a href="#[7]">USBD_HID_Init</a> from usbd_hid.o(.text.USBD_HID_Init) referenced 2 times from usbd_hid.o(.data.USBD_HID)
 <LI><a href="#[9]">USBD_HID_Setup</a> from usbd_hid.o(.text.USBD_HID_Setup) referenced 2 times from usbd_hid.o(.data.USBD_HID)
 <LI><a href="#[1c]">UsageFault_Handler</a> from stm32f4xx_it.o(.text.UsageFault_Handler) referenced from startup_stm32f405xx.o(RESET)
 <LI><a href="#[21]">WWDG_IRQHandler</a> from startup_stm32f405xx.o(.text) referenced from startup_stm32f405xx.o(RESET)
 <LI><a href="#[71]">__main</a> from entry.o(.ARM.Collect$$$$00000000) referenced from startup_stm32f405xx.o(.text)
 <LI><a href="#[a0]">_lv_disp_refr_timer</a> from lv_refr.o(.text._lv_disp_refr_timer) referenced 2 times from lv_hal_disp.o(.text.lv_disp_drv_register)
 <LI><a href="#[a8]">_lv_ll_get_head</a> from lv_ll.o(.text._lv_ll_get_head) referenced 2 times from lv_group.o(.text.lv_group_refocus)
 <LI><a href="#[a9]">_lv_ll_get_next</a> from lv_ll.o(.text._lv_ll_get_next) referenced 2 times from lv_group.o(.text.lv_group_refocus)
 <LI><a href="#[ab]">_lv_ll_get_prev</a> from lv_ll.o(.text._lv_ll_get_prev) referenced 2 times from lv_group.o(.text.lv_group_refocus)
 <LI><a href="#[aa]">_lv_ll_get_tail</a> from lv_ll.o(.text._lv_ll_get_tail) referenced 2 times from lv_group.o(.text.lv_group_refocus)
 <LI><a href="#[b6]">_out_buffer</a> from lv_printf.o(.text._out_buffer) referenced 2 times from lv_printf.o(.text.lv_snprintf)
 <LI><a href="#[b6]">_out_buffer</a> from lv_printf.o(.text._out_buffer) referenced 2 times from lv_printf.o(.text.lv_vsnprintf)
 <LI><a href="#[83]">_out_null</a> from lv_printf.o(.text._out_null) referenced 2 times from lv_printf.o(.text._vsnprintf)
 <LI><a href="#[cf]">_snputc</a> from printf8.o(i._snputc) referenced from printf8.o(i.__0snprintf$8)
 <LI><a href="#[79]">anim_timer</a> from lv_anim.o(.text.anim_timer) referenced 2 times from lv_anim.o(.text._lv_anim_core_init)
 <LI><a href="#[b7]">arc_anim_end_angle</a> from lv_spinner.o(.text.arc_anim_end_angle) referenced 2 times from lv_spinner.o(.text.lv_spinner_constructor)
 <LI><a href="#[b9]">arc_anim_start_angle</a> from lv_spinner.o(.text.arc_anim_start_angle) referenced 2 times from lv_spinner.o(.text.lv_spinner_constructor)
 <LI><a href="#[84]">bm2166_transmit</a> from bsp_bm2166.o(.text.bm2166_transmit) referenced 2 times from bsp_bm2166.o(.text.bm2166_init)
 <LI><a href="#[bc]">btns_value_changed_event_cb</a> from lv_tabview.o(.text.btns_value_changed_event_cb) referenced 2 times from lv_tabview.o(.text.lv_tabview_constructor)
 <LI><a href="#[7b]">color_blend_true_color_additive</a> from lv_draw_blend.o(.text.color_blend_true_color_additive) referenced 2 times from lv_draw_blend.o(.text._lv_blend_fill)
 <LI><a href="#[7b]">color_blend_true_color_additive</a> from lv_draw_blend.o(.text.color_blend_true_color_additive) referenced 2 times from lv_draw_blend.o(.text._lv_blend_map)
 <LI><a href="#[7a]">color_blend_true_color_subtractive</a> from lv_draw_blend.o(.text.color_blend_true_color_subtractive) referenced 2 times from lv_draw_blend.o(.text._lv_blend_fill)
 <LI><a href="#[7a]">color_blend_true_color_subtractive</a> from lv_draw_blend.o(.text.color_blend_true_color_subtractive) referenced 2 times from lv_draw_blend.o(.text._lv_blend_map)
 <LI><a href="#[bd]">cont_scroll_end_event_cb</a> from lv_tabview.o(.text.cont_scroll_end_event_cb) referenced 2 times from lv_tabview.o(.text.lv_tabview_constructor)
 <LI><a href="#[cb]">cursor_blink_anim_cb</a> from lv_textarea.o(.text.cursor_blink_anim_cb) referenced 4 times from lv_textarea.o(.text.start_cursor_blink)
 <LI><a href="#[cc]">dark_color_filter_cb</a> from lv_theme_default.o(.text.dark_color_filter_cb) referenced 2 times from lv_theme_default.o(.text.style_init)
 <LI><a href="#[c3]">default_walker</a> from lv_tlsf.o(.text.default_walker) referenced 2 times from lv_tlsf.o(.text.lv_tlsf_walk_pool)
 <LI><a href="#[b4]">disp_flush</a> from lv_port_disp.o(.text.disp_flush) referenced 2 times from lv_port_disp.o(.text.lv_port_disp_init)
 <LI><a href="#[9f]">draw_part_begin_event_cb</a> from lv_calendar.o(.text.draw_part_begin_event_cb) referenced 2 times from lv_calendar.o(.text.lv_calendar_constructor)
 <LI><a href="#[88]">esp32_power_set</a> from bsp_interface.o(.text.esp32_power_set) referenced 2 times from bsp_interface.o(.text.bsp_interface_init)
 <LI><a href="#[d0]">flash_task</a> from flash_task.o(.text.flash_task) referenced from flash_task.o(.rodata..L__const.flash_task_creat.os_thread_def_flash_task_t)
 <LI><a href="#[a4]">flex_update</a> from lv_flex.o(.text.flex_update) referenced 2 times from lv_flex.o(.text.lv_flex_init)
 <LI><a href="#[99]">get_click_state_num_clark</a> from key_task.o(.text.get_click_state_num_clark) referenced 2 times from key_task.o(.text.key_scan_task)
 <LI><a href="#[99]">get_click_state_num_clark</a> from key_task.o(.text.get_click_state_num_clark) referenced 2 times from key_task.o(.text.key_scanf_for_standby)
 <LI><a href="#[cd]">grey_filter_cb</a> from lv_theme_default.o(.text.grey_filter_cb) referenced 2 times from lv_theme_default.o(.text.style_init)
 <LI><a href="#[a7]">grid_update</a> from lv_grid.o(.text.grid_update) referenced 2 times from lv_grid.o(.text.lv_grid_init)
 <LI><a href="#[a6]">kern_pair_16_compare</a> from lv_font_fmt_txt.o(.text.kern_pair_16_compare) referenced 2 times from lv_font_fmt_txt.o(.text.lv_font_get_glyph_dsc_fmt_txt)
 <LI><a href="#[a5]">kern_pair_8_compare</a> from lv_font_fmt_txt.o(.text.kern_pair_8_compare) referenced 2 times from lv_font_fmt_txt.o(.text.lv_font_get_glyph_dsc_fmt_txt)
 <LI><a href="#[d1]">key_scan_task</a> from key_task.o(.text.key_scan_task) referenced from key_task.o(.rodata..L__const.key_task_creat.os_thread_def_key_task)
 <LI><a href="#[d2]">keyboard_task</a> from keyboard_task.o(.text.keyboard_task) referenced from keyboard_task.o(.rodata..L__const.keyboard_task_creat.os_thread_def_keyboard_task_t)
 <LI><a href="#[85]">led_power_set</a> from bsp_interface.o(.text.led_power_set) referenced 2 times from bsp_interface.o(.text.bsp_interface_init)
 <LI><a href="#[b8]">lv_anim_path_ease_in_out</a> from lv_anim.o(.text.lv_anim_path_ease_in_out) referenced 2 times from lv_spinner.o(.text.lv_spinner_constructor)
 <LI><a href="#[b3]">lv_anim_path_ease_out</a> from lv_anim.o(.text.lv_anim_path_ease_out) referenced 2 times from lv_obj_scroll.o(.text.lv_obj_scroll_by)
 <LI><a href="#[b3]">lv_anim_path_ease_out</a> from lv_anim.o(.text.lv_anim_path_ease_out) referenced 2 times from lv_roller.o(.text.refr_position)
 <LI><a href="#[9a]">lv_anim_path_linear</a> from lv_anim.o(.text.lv_anim_path_linear) referenced 2 times from lv_anim.o(.text.lv_anim_init)
 <LI><a href="#[9a]">lv_anim_path_linear</a> from lv_anim.o(.text.lv_anim_path_linear) referenced 2 times from lv_style.o(.text.lv_style_transition_dsc_init)
 <LI><a href="#[9a]">lv_anim_path_linear</a> from lv_anim.o(.text.lv_anim_path_linear) referenced 2 times from lv_theme_default.o(.text.style_init)
 <LI><a href="#[bf]">lv_anim_path_step</a> from lv_anim.o(.text.lv_anim_path_step) referenced 2 times from lv_textarea.o(.text.lv_textarea_add_char)
 <LI><a href="#[bf]">lv_anim_path_step</a> from lv_anim.o(.text.lv_anim_path_step) referenced 2 times from lv_textarea.o(.text.lv_textarea_add_text)
 <LI><a href="#[bf]">lv_anim_path_step</a> from lv_anim.o(.text.lv_anim_path_step) referenced 2 times from lv_textarea.o(.text.lv_textarea_set_text)
 <LI><a href="#[bf]">lv_anim_path_step</a> from lv_anim.o(.text.lv_anim_path_step) referenced 2 times from lv_textarea.o(.text.start_cursor_blink)
 <LI><a href="#[d9]">lv_arc_constructor</a> from lv_arc.o(.text.lv_arc_constructor) referenced from lv_arc.o(.rodata.lv_arc_class)
 <LI><a href="#[da]">lv_arc_event</a> from lv_arc.o(.text.lv_arc_event) referenced from lv_arc.o(.rodata.lv_arc_class)
 <LI><a href="#[92]">lv_area_get_height</a> from lv_flex.o(.text.lv_area_get_height) referenced 2 times from lv_flex.o(.text.children_repos)
 <LI><a href="#[9b]">lv_area_get_height</a> from lv_bar.o(.text.lv_area_get_height) referenced 2 times from lv_bar.o(.text.lv_bar_event)
 <LI><a href="#[93]">lv_area_get_width</a> from lv_flex.o(.text.lv_area_get_width) referenced 4 times from lv_flex.o(.text.children_repos)
 <LI><a href="#[9c]">lv_area_get_width</a> from lv_bar.o(.text.lv_area_get_width) referenced 2 times from lv_bar.o(.text.lv_bar_event)
 <LI><a href="#[95]">lv_area_set_height</a> from lv_area.o(.text.lv_area_set_height) referenced 2 times from lv_flex.o(.text.children_repos)
 <LI><a href="#[94]">lv_area_set_width</a> from lv_area.o(.text.lv_area_set_width) referenced 2 times from lv_flex.o(.text.children_repos)
 <LI><a href="#[9d]">lv_bar_anim</a> from lv_bar.o(.text.lv_bar_anim) referenced 2 times from lv_bar.o(.text.lv_bar_set_value_with_anim)
 <LI><a href="#[9e]">lv_bar_anim_ready</a> from lv_bar.o(.text.lv_bar_anim_ready) referenced 2 times from lv_bar.o(.text.lv_bar_set_value_with_anim)
 <LI><a href="#[db]">lv_bar_constructor</a> from lv_bar.o(.text.lv_bar_constructor) referenced from lv_bar.o(.rodata.lv_bar_class)
 <LI><a href="#[dc]">lv_bar_destructor</a> from lv_bar.o(.text.lv_bar_destructor) referenced from lv_bar.o(.rodata.lv_bar_class)
 <LI><a href="#[dd]">lv_bar_event</a> from lv_bar.o(.text.lv_bar_event) referenced from lv_bar.o(.rodata.lv_bar_class)
 <LI><a href="#[de]">lv_btn_constructor</a> from lv_btn.o(.text.lv_btn_constructor) referenced from lv_btn.o(.rodata.lv_btn_class)
 <LI><a href="#[df]">lv_btnmatrix_constructor</a> from lv_btnmatrix.o(.text.lv_btnmatrix_constructor) referenced from lv_btnmatrix.o(.rodata.lv_btnmatrix_class)
 <LI><a href="#[e0]">lv_btnmatrix_destructor</a> from lv_btnmatrix.o(.text.lv_btnmatrix_destructor) referenced from lv_btnmatrix.o(.rodata.lv_btnmatrix_class)
 <LI><a href="#[e1]">lv_btnmatrix_event</a> from lv_btnmatrix.o(.text.lv_btnmatrix_event) referenced from lv_btnmatrix.o(.rodata.lv_btnmatrix_class)
 <LI><a href="#[e2]">lv_calendar_constructor</a> from lv_calendar.o(.text.lv_calendar_constructor) referenced from lv_calendar.o(.rodata.lv_calendar_class)
 <LI><a href="#[e5]">lv_chart_constructor</a> from lv_chart.o(.text.lv_chart_constructor) referenced from lv_chart.o(.rodata.lv_chart_class)
 <LI><a href="#[e6]">lv_chart_destructor</a> from lv_chart.o(.text.lv_chart_destructor) referenced from lv_chart.o(.rodata.lv_chart_class)
 <LI><a href="#[e7]">lv_chart_event</a> from lv_chart.o(.text.lv_chart_event) referenced from lv_chart.o(.rodata.lv_chart_class)
 <LI><a href="#[e8]">lv_checkbox_constructor</a> from lv_checkbox.o(.text.lv_checkbox_constructor) referenced from lv_checkbox.o(.rodata.lv_checkbox_class)
 <LI><a href="#[e9]">lv_checkbox_destructor</a> from lv_checkbox.o(.text.lv_checkbox_destructor) referenced from lv_checkbox.o(.rodata.lv_checkbox_class)
 <LI><a href="#[ea]">lv_checkbox_event</a> from lv_checkbox.o(.text.lv_checkbox_event) referenced from lv_checkbox.o(.rodata.lv_checkbox_class)
 <LI><a href="#[eb]">lv_colorwheel_constructor</a> from lv_colorwheel.o(.text.lv_colorwheel_constructor) referenced from lv_colorwheel.o(.rodata.lv_colorwheel_class)
 <LI><a href="#[ec]">lv_colorwheel_event</a> from lv_colorwheel.o(.text.lv_colorwheel_event) referenced from lv_colorwheel.o(.rodata.lv_colorwheel_class)
 <LI><a href="#[a1]">lv_draw_mask_angle</a> from lv_draw_mask.o(.text.lv_draw_mask_angle) referenced 2 times from lv_draw_mask.o(.text.lv_draw_mask_angle_init)
 <LI><a href="#[a2]">lv_draw_mask_line</a> from lv_draw_mask.o(.text.lv_draw_mask_line) referenced 2 times from lv_draw_mask.o(.text.lv_draw_mask_line_points_init)
 <LI><a href="#[a3]">lv_draw_mask_radius</a> from lv_draw_mask.o(.text.lv_draw_mask_radius) referenced 2 times from lv_draw_mask.o(.text.lv_draw_mask_radius_init)
 <LI><a href="#[ed]">lv_dropdown_constructor</a> from lv_dropdown.o(.text.lv_dropdown_constructor) referenced from lv_dropdown.o(.rodata.lv_dropdown_class)
 <LI><a href="#[ee]">lv_dropdown_destructor</a> from lv_dropdown.o(.text.lv_dropdown_destructor) referenced from lv_dropdown.o(.rodata.lv_dropdown_class)
 <LI><a href="#[ef]">lv_dropdown_event</a> from lv_dropdown.o(.text.lv_dropdown_event) referenced from lv_dropdown.o(.rodata.lv_dropdown_class)
 <LI><a href="#[f2]">lv_dropdown_list_event</a> from lv_dropdown.o(.text.lv_dropdown_list_event) referenced from lv_dropdown.o(.rodata.lv_dropdownlist_class)
 <LI><a href="#[f0]">lv_dropdownlist_constructor</a> from lv_dropdown.o(.text.lv_dropdownlist_constructor) referenced from lv_dropdown.o(.rodata.lv_dropdownlist_class)
 <LI><a href="#[f1]">lv_dropdownlist_destructor</a> from lv_dropdown.o(.text.lv_dropdownlist_destructor) referenced from lv_dropdown.o(.rodata.lv_dropdownlist_class)
 <LI><a href="#[f4]">lv_font_get_bitmap_fmt_txt</a> from lv_font_fmt_txt.o(.text.lv_font_get_bitmap_fmt_txt) referenced from lv_font_montserrat_14.o(.rodata.lv_font_montserrat_14)
 <LI><a href="#[f3]">lv_font_get_glyph_dsc_fmt_txt</a> from lv_font_fmt_txt.o(.text.lv_font_get_glyph_dsc_fmt_txt) referenced from lv_font_montserrat_14.o(.rodata.lv_font_montserrat_14)
 <LI><a href="#[f5]">lv_img_constructor</a> from lv_img.o(.text.lv_img_constructor) referenced from lv_img.o(.rodata.lv_img_class)
 <LI><a href="#[7f]">lv_img_decoder_built_in_close</a> from lv_img_decoder.o(.text.lv_img_decoder_built_in_close) referenced 2 times from lv_img_decoder.o(.text._lv_img_decoder_init)
 <LI><a href="#[7c]">lv_img_decoder_built_in_info</a> from lv_img_decoder.o(.text.lv_img_decoder_built_in_info) referenced 2 times from lv_img_decoder.o(.text._lv_img_decoder_init)
 <LI><a href="#[7d]">lv_img_decoder_built_in_open</a> from lv_img_decoder.o(.text.lv_img_decoder_built_in_open) referenced 2 times from lv_img_decoder.o(.text._lv_img_decoder_init)
 <LI><a href="#[7e]">lv_img_decoder_built_in_read_line</a> from lv_img_decoder.o(.text.lv_img_decoder_built_in_read_line) referenced 2 times from lv_img_decoder.o(.text._lv_img_decoder_init)
 <LI><a href="#[f6]">lv_img_destructor</a> from lv_img.o(.text.lv_img_destructor) referenced from lv_img.o(.rodata.lv_img_class)
 <LI><a href="#[f7]">lv_img_event</a> from lv_img.o(.text.lv_img_event) referenced from lv_img.o(.rodata.lv_img_class)
 <LI><a href="#[f8]">lv_keyboard_constructor</a> from lv_keyboard.o(.text.lv_keyboard_constructor) referenced from lv_keyboard.o(.rodata.lv_keyboard_class)
 <LI><a href="#[ac]">lv_keyboard_def_event_cb</a> from lv_keyboard.o(.text.lv_keyboard_def_event_cb) referenced 2 times from lv_keyboard.o(.text.lv_keyboard_constructor)
 <LI><a href="#[f9]">lv_label_constructor</a> from lv_label.o(.text.lv_label_constructor) referenced from lv_label.o(.rodata.lv_label_class)
 <LI><a href="#[fa]">lv_label_destructor</a> from lv_label.o(.text.lv_label_destructor) referenced from lv_label.o(.rodata.lv_label_class)
 <LI><a href="#[fb]">lv_label_event</a> from lv_label.o(.text.lv_label_event) referenced from lv_label.o(.rodata.lv_label_class)
 <LI><a href="#[fc]">lv_led_constructor</a> from lv_led.o(.text.lv_led_constructor) referenced from lv_led.o(.rodata.lv_led_class)
 <LI><a href="#[fd]">lv_led_event</a> from lv_led.o(.text.lv_led_event) referenced from lv_led.o(.rodata.lv_led_class)
 <LI><a href="#[fe]">lv_line_constructor</a> from lv_line.o(.text.lv_line_constructor) referenced from lv_line.o(.rodata.lv_line_class)
 <LI><a href="#[ff]">lv_line_event</a> from lv_line.o(.text.lv_line_event) referenced from lv_line.o(.rodata.lv_line_class)
 <LI><a href="#[af]">lv_mem_walker</a> from lv_mem.o(.text.lv_mem_walker) referenced 2 times from lv_mem.o(.text.lv_mem_monitor)
 <LI><a href="#[100]">lv_meter_constructor</a> from lv_meter.o(.text.lv_meter_constructor) referenced from lv_meter.o(.rodata.lv_meter_class)
 <LI><a href="#[101]">lv_meter_destructor</a> from lv_meter.o(.text.lv_meter_destructor) referenced from lv_meter.o(.rodata.lv_meter_class)
 <LI><a href="#[102]">lv_meter_event</a> from lv_meter.o(.text.lv_meter_event) referenced from lv_meter.o(.rodata.lv_meter_class)
 <LI><a href="#[103]">lv_obj_constructor</a> from lv_obj.o(.text.lv_obj_constructor) referenced from lv_obj.o(.rodata.lv_obj_class)
 <LI><a href="#[104]">lv_obj_destructor</a> from lv_obj.o(.text.lv_obj_destructor) referenced from lv_obj.o(.rodata.lv_obj_class)
 <LI><a href="#[105]">lv_obj_event</a> from lv_obj.o(.text.lv_obj_event) referenced from lv_obj.o(.rodata.lv_obj_class)
 <LI><a href="#[97]">lv_obj_get_height</a> from lv_obj_pos.o(.text.lv_obj_get_height) referenced 2 times from lv_flex.o(.text.find_track_end)
 <LI><a href="#[96]">lv_obj_get_width</a> from lv_obj_pos.o(.text.lv_obj_get_width) referenced 2 times from lv_flex.o(.text.find_track_end)
 <LI><a href="#[106]">lv_roller_constructor</a> from lv_roller.o(.text.lv_roller_constructor) referenced from lv_roller.o(.rodata.lv_roller_class)
 <LI><a href="#[107]">lv_roller_event</a> from lv_roller.o(.text.lv_roller_event) referenced from lv_roller.o(.rodata.lv_roller_class)
 <LI><a href="#[108]">lv_roller_label_event</a> from lv_roller.o(.text.lv_roller_label_event) referenced from lv_roller.o(.rodata.lv_roller_label_class)
 <LI><a href="#[109]">lv_slider_constructor</a> from lv_slider.o(.text.lv_slider_constructor) referenced from lv_slider.o(.rodata.lv_slider_class)
 <LI><a href="#[10a]">lv_slider_event</a> from lv_slider.o(.text.lv_slider_event) referenced from lv_slider.o(.rodata.lv_slider_class)
 <LI><a href="#[10b]">lv_spinbox_constructor</a> from lv_spinbox.o(.text.lv_spinbox_constructor) referenced from lv_spinbox.o(.rodata.lv_spinbox_class)
 <LI><a href="#[10c]">lv_spinbox_event</a> from lv_spinbox.o(.text.lv_spinbox_event) referenced from lv_spinbox.o(.rodata.lv_spinbox_class)
 <LI><a href="#[10d]">lv_spinner_constructor</a> from lv_spinner.o(.text.lv_spinner_constructor) referenced from lv_spinner.o(.rodata.lv_spinner_class)
 <LI><a href="#[ba]">lv_switch_anim_exec_cb</a> from lv_switch.o(.text.lv_switch_anim_exec_cb) referenced 2 times from lv_switch.o(.text.lv_switch_event)
 <LI><a href="#[bb]">lv_switch_anim_ready</a> from lv_switch.o(.text.lv_switch_anim_ready) referenced 2 times from lv_switch.o(.text.lv_switch_event)
 <LI><a href="#[10e]">lv_switch_constructor</a> from lv_switch.o(.text.lv_switch_constructor) referenced from lv_switch.o(.rodata.lv_switch_class)
 <LI><a href="#[10f]">lv_switch_destructor</a> from lv_switch.o(.text.lv_switch_destructor) referenced from lv_switch.o(.rodata.lv_switch_class)
 <LI><a href="#[110]">lv_switch_event</a> from lv_switch.o(.text.lv_switch_event) referenced from lv_switch.o(.rodata.lv_switch_class)
 <LI><a href="#[111]">lv_table_constructor</a> from lv_table.o(.text.lv_table_constructor) referenced from lv_table.o(.rodata.lv_table_class)
 <LI><a href="#[112]">lv_table_destructor</a> from lv_table.o(.text.lv_table_destructor) referenced from lv_table.o(.rodata.lv_table_class)
 <LI><a href="#[113]">lv_table_event</a> from lv_table.o(.text.lv_table_event) referenced from lv_table.o(.rodata.lv_table_class)
 <LI><a href="#[114]">lv_tabview_constructor</a> from lv_tabview.o(.text.lv_tabview_constructor) referenced from lv_tabview.o(.rodata.lv_tabview_class)
 <LI><a href="#[115]">lv_tabview_destructor</a> from lv_tabview.o(.text.lv_tabview_destructor) referenced from lv_tabview.o(.rodata.lv_tabview_class)
 <LI><a href="#[116]">lv_tabview_event</a> from lv_tabview.o(.text.lv_tabview_event) referenced from lv_tabview.o(.rodata.lv_tabview_class)
 <LI><a href="#[117]">lv_textarea_constructor</a> from lv_textarea.o(.text.lv_textarea_constructor) referenced from lv_textarea.o(.rodata.lv_textarea_class)
 <LI><a href="#[118]">lv_textarea_destructor</a> from lv_textarea.o(.text.lv_textarea_destructor) referenced from lv_textarea.o(.rodata.lv_textarea_class)
 <LI><a href="#[119]">lv_textarea_event</a> from lv_textarea.o(.text.lv_textarea_event) referenced from lv_textarea.o(.rodata.lv_textarea_class)
 <LI><a href="#[11a]">lv_tileview_constructor</a> from lv_tileview.o(.text.lv_tileview_constructor) referenced from lv_tileview.o(.rodata.lv_tileview_class)
 <LI><a href="#[11b]">lv_tileview_tile_constructor</a> from lv_tileview.o(.text.lv_tileview_tile_constructor) referenced from lv_tileview.o(.rodata.lv_tileview_tile_class)
 <LI><a href="#[16]">lv_txt_unicode_to_utf8</a> from lv_txt.o(.text.lv_txt_unicode_to_utf8) referenced 2 times from lv_txt.o(.data._lv_txt_unicode_to_encoded)
 <LI><a href="#[10]">lv_txt_utf8_get_byte_id</a> from lv_txt.o(.text.lv_txt_utf8_get_byte_id) referenced 2 times from lv_txt.o(.data._lv_txt_encoded_get_byte_id)
 <LI><a href="#[11]">lv_txt_utf8_get_char_id</a> from lv_txt.o(.text.lv_txt_utf8_get_char_id) referenced 2 times from lv_txt.o(.data._lv_txt_encoded_get_char_id)
 <LI><a href="#[15]">lv_txt_utf8_get_length</a> from lv_txt.o(.text.lv_txt_utf8_get_length) referenced 2 times from lv_txt.o(.data._lv_txt_get_encoded_length)
 <LI><a href="#[12]">lv_txt_utf8_next</a> from lv_txt.o(.text.lv_txt_utf8_next) referenced 2 times from lv_txt.o(.data._lv_txt_encoded_next)
 <LI><a href="#[13]">lv_txt_utf8_prev</a> from lv_txt.o(.text.lv_txt_utf8_prev) referenced 2 times from lv_txt.o(.data._lv_txt_encoded_prev)
 <LI><a href="#[14]">lv_txt_utf8_size</a> from lv_txt.o(.text.lv_txt_utf8_size) referenced 2 times from lv_txt.o(.data._lv_txt_encoded_size)
 <LI><a href="#[11c]">lv_win_constructor</a> from lv_win.o(.text.lv_win_constructor) referenced from lv_win.o(.rodata.lv_win_class)
 <LI><a href="#[d3]">lvgl_task</a> from lvgl_task.o(.text.lvgl_task) referenced from lvgl_task.o(.rodata..L__const.lvgl_task_creat.os_thread_def_lvgl_task_t)
 <LI><a href="#[d4]">lvgl_tick_task</a> from lvgl_task.o(.text.lvgl_tick_task) referenced from lvgl_task.o(.rodata..L__const.lvgl_task_creat.os_thread_def_lvgl_tick_task_t)
 <LI><a href="#[d5]">lvgl_user_task</a> from lvgl_task.o(.text.lvgl_user_task) referenced from lvgl_task.o(.rodata..L__const.lvgl_task_creat.os_thread_def_lvgl_user_task_t)
 <LI><a href="#[6f]">main</a> from main.o(.text.main) referenced from entry9a.o(.ARM.Collect$$$$0000000B)
 <LI><a href="#[c4]">month_event_cb</a> from lv_calendar_header_arrow.o(.text.month_event_cb) referenced 4 times from lv_calendar_header_arrow.o(.text.my_constructor)
 <LI><a href="#[e3]">my_constructor</a> from lv_calendar_header_arrow.o(.text.my_constructor) referenced from lv_calendar_header_arrow.o(.rodata.lv_calendar_header_arrow_class)
 <LI><a href="#[e4]">my_constructor</a> from lv_calendar_header_dropdown.o(.text.my_constructor) referenced from lv_calendar_header_dropdown.o(.rodata.lv_calendar_header_dropdown_class)
 <LI><a href="#[91]">power_all_close_fun</a> from bsp_interface.o(.text.power_all_close_fun) referenced 2 times from bsp_interface.o(.text.bsp_interface_init)
 <LI><a href="#[90]">power_all_open_fun</a> from bsp_interface.o(.text.power_all_open_fun) referenced 2 times from bsp_interface.o(.text.bsp_interface_init)
 <LI><a href="#[8a]">power_ble_close_fun</a> from bsp_interface.o(.text.power_ble_close_fun) referenced 2 times from bsp_interface.o(.text.bsp_interface_init)
 <LI><a href="#[87]">power_ble_open_fun</a> from bsp_interface.o(.text.power_ble_open_fun) referenced 2 times from bsp_interface.o(.text.bsp_interface_init)
 <LI><a href="#[d6]">power_info_task</a> from power_task.o(.text.power_info_task) referenced from power_task.o(.rodata..L__const.power_task_creat.os_thread_def_power_task)
 <LI><a href="#[86]">power_init_fun</a> from bsp_interface.o(.text.power_init_fun) referenced 2 times from bsp_interface.o(.text.bsp_interface_init)
 <LI><a href="#[8c]">power_lcd_close_fun</a> from bsp_interface.o(.text.power_lcd_close_fun) referenced 2 times from bsp_interface.o(.text.bsp_interface_init)
 <LI><a href="#[8b]">power_lcd_open_fun</a> from bsp_interface.o(.text.power_lcd_open_fun) referenced 2 times from bsp_interface.o(.text.bsp_interface_init)
 <LI><a href="#[8f]">power_led_close_fun</a> from bsp_interface.o(.text.power_led_close_fun) referenced 2 times from bsp_interface.o(.text.bsp_interface_init)
 <LI><a href="#[8d]">power_led_open_fun</a> from bsp_interface.o(.text.power_led_open_fun) referenced 2 times from bsp_interface.o(.text.bsp_interface_init)
 <LI><a href="#[ce]">prvIdleTask</a> from tasks.o(.text.prvIdleTask) referenced 2 times from tasks.o(.text.vTaskStartScheduler)
 <LI><a href="#[c9]">prvTaskExitError</a> from port.o(.text.prvTaskExitError) referenced 2 times from port.o(.text.pxPortInitialiseStack)
 <LI><a href="#[be]">pwd_char_hider_anim</a> from lv_textarea.o(.text.pwd_char_hider_anim) referenced 2 times from lv_textarea.o(.text.lv_textarea_add_char)
 <LI><a href="#[be]">pwd_char_hider_anim</a> from lv_textarea.o(.text.pwd_char_hider_anim) referenced 2 times from lv_textarea.o(.text.lv_textarea_add_text)
 <LI><a href="#[be]">pwd_char_hider_anim</a> from lv_textarea.o(.text.pwd_char_hider_anim) referenced 2 times from lv_textarea.o(.text.lv_textarea_set_text)
 <LI><a href="#[c0]">pwd_char_hider_anim_ready</a> from lv_textarea.o(.text.pwd_char_hider_anim_ready) referenced 2 times from lv_textarea.o(.text.lv_textarea_add_char)
 <LI><a href="#[c0]">pwd_char_hider_anim_ready</a> from lv_textarea.o(.text.pwd_char_hider_anim_ready) referenced 2 times from lv_textarea.o(.text.lv_textarea_add_text)
 <LI><a href="#[c0]">pwd_char_hider_anim_ready</a> from lv_textarea.o(.text.pwd_char_hider_anim_ready) referenced 2 times from lv_textarea.o(.text.lv_textarea_set_text)
 <LI><a href="#[b2]">scroll_anim_ready_cb</a> from lv_obj_scroll.o(.text.scroll_anim_ready_cb) referenced 2 times from lv_obj_scroll.o(.text.lv_obj_scroll_by)
 <LI><a href="#[ca]">scroll_anim_ready_cb</a> from lv_roller.o(.text.scroll_anim_ready_cb) referenced 2 times from lv_roller.o(.text.refr_position)
 <LI><a href="#[b0]">scroll_x_anim</a> from lv_obj_scroll.o(.text.scroll_x_anim) referenced 2 times from lv_obj_scroll.o(.text.lv_obj_get_scroll_end)
 <LI><a href="#[b0]">scroll_x_anim</a> from lv_obj_scroll.o(.text.scroll_x_anim) referenced 4 times from lv_obj_scroll.o(.text.lv_obj_scroll_by)
 <LI><a href="#[b0]">scroll_x_anim</a> from lv_obj_scroll.o(.text.scroll_x_anim) referenced 2 times from lv_obj_scroll.o(.text.lv_obj_scroll_to_x)
 <LI><a href="#[b0]">scroll_x_anim</a> from lv_obj_scroll.o(.text.scroll_x_anim) referenced 2 times from lv_obj_scroll.o(.text.scroll_area_into_view)
 <LI><a href="#[b1]">scroll_y_anim</a> from lv_obj_scroll.o(.text.scroll_y_anim) referenced 2 times from lv_obj_scroll.o(.text.lv_obj_get_scroll_end)
 <LI><a href="#[b1]">scroll_y_anim</a> from lv_obj_scroll.o(.text.scroll_y_anim) referenced 4 times from lv_obj_scroll.o(.text.lv_obj_scroll_by)
 <LI><a href="#[b1]">scroll_y_anim</a> from lv_obj_scroll.o(.text.scroll_y_anim) referenced 2 times from lv_obj_scroll.o(.text.lv_obj_scroll_to_y)
 <LI><a href="#[b1]">scroll_y_anim</a> from lv_obj_scroll.o(.text.scroll_y_anim) referenced 2 times from lv_obj_scroll.o(.text.scroll_area_into_view)
 <LI><a href="#[ad]">set_ofs_x_anim</a> from lv_label.o(.text.set_ofs_x_anim) referenced 8 times from lv_label.o(.text.lv_label_refr_text)
 <LI><a href="#[ad]">set_ofs_x_anim</a> from lv_label.o(.text.set_ofs_x_anim) referenced 2 times from lv_label.o(.text.lv_label_set_long_mode)
 <LI><a href="#[ae]">set_ofs_y_anim</a> from lv_label.o(.text.set_ofs_y_anim) referenced 6 times from lv_label.o(.text.lv_label_refr_text)
 <LI><a href="#[ae]">set_ofs_y_anim</a> from lv_label.o(.text.set_ofs_y_anim) referenced 2 times from lv_label.o(.text.lv_label_set_long_mode)
 <LI><a href="#[b5]">set_y_anim</a> from lv_roller.o(.text.set_y_anim) referenced 2 times from lv_roller.o(.text.lv_roller_event)
 <LI><a href="#[b5]">set_y_anim</a> from lv_roller.o(.text.set_y_anim) referenced 4 times from lv_roller.o(.text.refr_position)
 <LI><a href="#[8e]">sys_enter_stop</a> from bsp_interface.o(.text.sys_enter_stop) referenced 2 times from bsp_interface.o(.text.bsp_interface_init)
 <LI><a href="#[c1]">theme_apply</a> from lv_theme_default.o(.text.theme_apply) referenced 2 times from lv_theme_default.o(.text.lv_theme_default_init)
 <LI><a href="#[c2]">tileview_event_cb</a> from lv_tileview.o(.text.tileview_event_cb) referenced 2 times from lv_tileview.o(.text.lv_tileview_constructor)
 <LI><a href="#[89]">touch_lcd_power_set</a> from bsp_interface.o(.text.touch_lcd_power_set) referenced 2 times from bsp_interface.o(.text.bsp_interface_init)
 <LI><a href="#[d7]">touch_task</a> from touch_task.o(.text.touch_task) referenced from touch_task.o(.rodata..L__const.touch_task_creat.os_thread_def_touch_task_t)
 <LI><a href="#[80]">trans_anim_cb</a> from lv_obj_style.o(.text.trans_anim_cb) referenced 2 times from lv_obj_style.o(.text._lv_obj_style_create_transition)
 <LI><a href="#[82]">trans_anim_ready_cb</a> from lv_obj_style.o(.text.trans_anim_ready_cb) referenced 2 times from lv_obj_style.o(.text._lv_obj_style_create_transition)
 <LI><a href="#[81]">trans_anim_start_cb</a> from lv_obj_style.o(.text.trans_anim_start_cb) referenced 2 times from lv_obj_style.o(.text._lv_obj_style_create_transition)
 <LI><a href="#[98]">unicode_list_compare</a> from lv_font_fmt_txt.o(.text.unicode_list_compare) referenced 4 times from lv_font_fmt_txt.o(.text.get_glyph_dsc_id)
 <LI><a href="#[c5]">value_changed_event_cb</a> from lv_calendar_header_arrow.o(.text.value_changed_event_cb) referenced 4 times from lv_calendar_header_arrow.o(.text.my_constructor)
 <LI><a href="#[d8]">ws2812b_task</a> from ws2812b_task.o(.text.ws2812b_task) referenced from ws2812b_task.o(.rodata..L__const.ws2812b_task_creat.os_thread_def_rgbled_task)
 <LI><a href="#[c6]">year_event_cb</a> from lv_calendar_header_dropdown.o(.text.year_event_cb) referenced 2 times from lv_calendar_header_dropdown.o(.text.my_constructor)
</UL>
<P>
<H3>
Global Symbols
</H3>
<P><STRONG><a name="[71]"></a>__main</STRONG> (Thumb, 0 bytes, Stack size unknown bytes, entry.o(.ARM.Collect$$$$00000000))
<BR>[Address Reference Count : 1]<UL><LI> startup_stm32f405xx.o(.text)
</UL>
<P><STRONG><a name="[4d5]"></a>_main_stk</STRONG> (Thumb, 0 bytes, Stack size unknown bytes, entry2.o(.ARM.Collect$$$$00000001))

<P><STRONG><a name="[11d]"></a>_main_scatterload</STRONG> (Thumb, 0 bytes, Stack size unknown bytes, entry5.o(.ARM.Collect$$$$00000004))
<BR><BR>[Calls]<UL><LI><a href="#[11e]">&gt;&gt;</a>&nbsp;&nbsp;&nbsp;__scatterload
</UL>

<P><STRONG><a name="[131]"></a>__main_after_scatterload</STRONG> (Thumb, 0 bytes, Stack size unknown bytes, entry5.o(.ARM.Collect$$$$00000004))
<BR><BR>[Called By]<UL><LI><a href="#[11e]">&gt;&gt;</a>&nbsp;&nbsp;&nbsp;__scatterload
</UL>

<P><STRONG><a name="[4d6]"></a>_main_clock</STRONG> (Thumb, 0 bytes, Stack size unknown bytes, entry7b.o(.ARM.Collect$$$$00000008))

<P><STRONG><a name="[4d7]"></a>_main_cpp_init</STRONG> (Thumb, 0 bytes, Stack size unknown bytes, entry8b.o(.ARM.Collect$$$$0000000A))

<P><STRONG><a name="[4d8]"></a>_main_init</STRONG> (Thumb, 0 bytes, Stack size unknown bytes, entry9a.o(.ARM.Collect$$$$0000000B))

<P><STRONG><a name="[4d9]"></a>__rt_final_cpp</STRONG> (Thumb, 0 bytes, Stack size unknown bytes, entry10a.o(.ARM.Collect$$$$0000000D))

<P><STRONG><a name="[4da]"></a>__rt_final_exit</STRONG> (Thumb, 0 bytes, Stack size unknown bytes, entry11a.o(.ARM.Collect$$$$0000000F))

<P><STRONG><a name="[17]"></a>Reset_Handler</STRONG> (Thumb, 8 bytes, Stack size 0 bytes, startup_stm32f405xx.o(.text))
<BR>[Address Reference Count : 1]<UL><LI> startup_stm32f405xx.o(RESET)
</UL>
<P><STRONG><a name="[33]"></a>ADC_IRQHandler</STRONG> (Thumb, 0 bytes, Stack size 0 bytes, startup_stm32f405xx.o(.text))
<BR><BR>[Calls]<UL><LI><a href="#[33]">&gt;&gt;</a>&nbsp;&nbsp;&nbsp;ADC_IRQHandler
</UL>
<BR>[Called By]<UL><LI><a href="#[33]">&gt;&gt;</a>&nbsp;&nbsp;&nbsp;ADC_IRQHandler
</UL>
<BR>[Address Reference Count : 1]<UL><LI> startup_stm32f405xx.o(RESET)
</UL>
<P><STRONG><a name="[35]"></a>CAN1_RX0_IRQHandler</STRONG> (Thumb, 0 bytes, Stack size 0 bytes, startup_stm32f405xx.o(.text))
<BR>[Address Reference Count : 1]<UL><LI> startup_stm32f405xx.o(RESET)
</UL>
<P><STRONG><a name="[36]"></a>CAN1_RX1_IRQHandler</STRONG> (Thumb, 0 bytes, Stack size 0 bytes, startup_stm32f405xx.o(.text))
<BR>[Address Reference Count : 1]<UL><LI> startup_stm32f405xx.o(RESET)
</UL>
<P><STRONG><a name="[37]"></a>CAN1_SCE_IRQHandler</STRONG> (Thumb, 0 bytes, Stack size 0 bytes, startup_stm32f405xx.o(.text))
<BR>[Address Reference Count : 1]<UL><LI> startup_stm32f405xx.o(RESET)
</UL>
<P><STRONG><a name="[34]"></a>CAN1_TX_IRQHandler</STRONG> (Thumb, 0 bytes, Stack size 0 bytes, startup_stm32f405xx.o(.text))
<BR>[Address Reference Count : 1]<UL><LI> startup_stm32f405xx.o(RESET)
</UL>
<P><STRONG><a name="[5f]"></a>CAN2_RX0_IRQHandler</STRONG> (Thumb, 0 bytes, Stack size 0 bytes, startup_stm32f405xx.o(.text))
<BR>[Address Reference Count : 1]<UL><LI> startup_stm32f405xx.o(RESET)
</UL>
<P><STRONG><a name="[60]"></a>CAN2_RX1_IRQHandler</STRONG> (Thumb, 0 bytes, Stack size 0 bytes, startup_stm32f405xx.o(.text))
<BR>[Address Reference Count : 1]<UL><LI> startup_stm32f405xx.o(RESET)
</UL>
<P><STRONG><a name="[61]"></a>CAN2_SCE_IRQHandler</STRONG> (Thumb, 0 bytes, Stack size 0 bytes, startup_stm32f405xx.o(.text))
<BR>[Address Reference Count : 1]<UL><LI> startup_stm32f405xx.o(RESET)
</UL>
<P><STRONG><a name="[5e]"></a>CAN2_TX_IRQHandler</STRONG> (Thumb, 0 bytes, Stack size 0 bytes, startup_stm32f405xx.o(.text))
<BR>[Address Reference Count : 1]<UL><LI> startup_stm32f405xx.o(RESET)
</UL>
<P><STRONG><a name="[2c]"></a>DMA1_Stream0_IRQHandler</STRONG> (Thumb, 0 bytes, Stack size 0 bytes, startup_stm32f405xx.o(.text))
<BR>[Address Reference Count : 1]<UL><LI> startup_stm32f405xx.o(RESET)
</UL>
<P><STRONG><a name="[2e]"></a>DMA1_Stream2_IRQHandler</STRONG> (Thumb, 0 bytes, Stack size 0 bytes, startup_stm32f405xx.o(.text))
<BR>[Address Reference Count : 1]<UL><LI> startup_stm32f405xx.o(RESET)
</UL>
<P><STRONG><a name="[30]"></a>DMA1_Stream4_IRQHandler</STRONG> (Thumb, 0 bytes, Stack size 0 bytes, startup_stm32f405xx.o(.text))
<BR>[Address Reference Count : 1]<UL><LI> startup_stm32f405xx.o(RESET)
</UL>
<P><STRONG><a name="[31]"></a>DMA1_Stream5_IRQHandler</STRONG> (Thumb, 0 bytes, Stack size 0 bytes, startup_stm32f405xx.o(.text))
<BR>[Address Reference Count : 1]<UL><LI> startup_stm32f405xx.o(RESET)
</UL>
<P><STRONG><a name="[32]"></a>DMA1_Stream6_IRQHandler</STRONG> (Thumb, 0 bytes, Stack size 0 bytes, startup_stm32f405xx.o(.text))
<BR>[Address Reference Count : 1]<UL><LI> startup_stm32f405xx.o(RESET)
</UL>
<P><STRONG><a name="[50]"></a>DMA1_Stream7_IRQHandler</STRONG> (Thumb, 0 bytes, Stack size 0 bytes, startup_stm32f405xx.o(.text))
<BR>[Address Reference Count : 1]<UL><LI> startup_stm32f405xx.o(RESET)
</UL>
<P><STRONG><a name="[59]"></a>DMA2_Stream0_IRQHandler</STRONG> (Thumb, 0 bytes, Stack size 0 bytes, startup_stm32f405xx.o(.text))
<BR>[Address Reference Count : 1]<UL><LI> startup_stm32f405xx.o(RESET)
</UL>
<P><STRONG><a name="[5a]"></a>DMA2_Stream1_IRQHandler</STRONG> (Thumb, 0 bytes, Stack size 0 bytes, startup_stm32f405xx.o(.text))
<BR>[Address Reference Count : 1]<UL><LI> startup_stm32f405xx.o(RESET)
</UL>
<P><STRONG><a name="[5d]"></a>DMA2_Stream4_IRQHandler</STRONG> (Thumb, 0 bytes, Stack size 0 bytes, startup_stm32f405xx.o(.text))
<BR>[Address Reference Count : 1]<UL><LI> startup_stm32f405xx.o(RESET)
</UL>
<P><STRONG><a name="[63]"></a>DMA2_Stream5_IRQHandler</STRONG> (Thumb, 0 bytes, Stack size 0 bytes, startup_stm32f405xx.o(.text))
<BR>[Address Reference Count : 1]<UL><LI> startup_stm32f405xx.o(RESET)
</UL>
<P><STRONG><a name="[64]"></a>DMA2_Stream6_IRQHandler</STRONG> (Thumb, 0 bytes, Stack size 0 bytes, startup_stm32f405xx.o(.text))
<BR>[Address Reference Count : 1]<UL><LI> startup_stm32f405xx.o(RESET)
</UL>
<P><STRONG><a name="[49]"></a>EXTI15_10_IRQHandler</STRONG> (Thumb, 0 bytes, Stack size 0 bytes, startup_stm32f405xx.o(.text))
<BR>[Address Reference Count : 1]<UL><LI> startup_stm32f405xx.o(RESET)
</UL>
<P><STRONG><a name="[28]"></a>EXTI1_IRQHandler</STRONG> (Thumb, 0 bytes, Stack size 0 bytes, startup_stm32f405xx.o(.text))
<BR>[Address Reference Count : 1]<UL><LI> startup_stm32f405xx.o(RESET)
</UL>
<P><STRONG><a name="[2b]"></a>EXTI4_IRQHandler</STRONG> (Thumb, 0 bytes, Stack size 0 bytes, startup_stm32f405xx.o(.text))
<BR>[Address Reference Count : 1]<UL><LI> startup_stm32f405xx.o(RESET)
</UL>
<P><STRONG><a name="[25]"></a>FLASH_IRQHandler</STRONG> (Thumb, 0 bytes, Stack size 0 bytes, startup_stm32f405xx.o(.text))
<BR>[Address Reference Count : 1]<UL><LI> startup_stm32f405xx.o(RESET)
</UL>
<P><STRONG><a name="[51]"></a>FMC_IRQHandler</STRONG> (Thumb, 0 bytes, Stack size 0 bytes, startup_stm32f405xx.o(.text))
<BR>[Address Reference Count : 1]<UL><LI> startup_stm32f405xx.o(RESET)
</UL>
<P><STRONG><a name="[6e]"></a>FPU_IRQHandler</STRONG> (Thumb, 0 bytes, Stack size 0 bytes, startup_stm32f405xx.o(.text))
<BR>[Address Reference Count : 1]<UL><LI> startup_stm32f405xx.o(RESET)
</UL>
<P><STRONG><a name="[6d]"></a>HASH_RNG_IRQHandler</STRONG> (Thumb, 0 bytes, Stack size 0 bytes, startup_stm32f405xx.o(.text))
<BR>[Address Reference Count : 1]<UL><LI> startup_stm32f405xx.o(RESET)
</UL>
<P><STRONG><a name="[41]"></a>I2C1_ER_IRQHandler</STRONG> (Thumb, 0 bytes, Stack size 0 bytes, startup_stm32f405xx.o(.text))
<BR>[Address Reference Count : 1]<UL><LI> startup_stm32f405xx.o(RESET)
</UL>
<P><STRONG><a name="[40]"></a>I2C1_EV_IRQHandler</STRONG> (Thumb, 0 bytes, Stack size 0 bytes, startup_stm32f405xx.o(.text))
<BR>[Address Reference Count : 1]<UL><LI> startup_stm32f405xx.o(RESET)
</UL>
<P><STRONG><a name="[43]"></a>I2C2_ER_IRQHandler</STRONG> (Thumb, 0 bytes, Stack size 0 bytes, startup_stm32f405xx.o(.text))
<BR>[Address Reference Count : 1]<UL><LI> startup_stm32f405xx.o(RESET)
</UL>
<P><STRONG><a name="[42]"></a>I2C2_EV_IRQHandler</STRONG> (Thumb, 0 bytes, Stack size 0 bytes, startup_stm32f405xx.o(.text))
<BR>[Address Reference Count : 1]<UL><LI> startup_stm32f405xx.o(RESET)
</UL>
<P><STRONG><a name="[68]"></a>I2C3_ER_IRQHandler</STRONG> (Thumb, 0 bytes, Stack size 0 bytes, startup_stm32f405xx.o(.text))
<BR>[Address Reference Count : 1]<UL><LI> startup_stm32f405xx.o(RESET)
</UL>
<P><STRONG><a name="[67]"></a>I2C3_EV_IRQHandler</STRONG> (Thumb, 0 bytes, Stack size 0 bytes, startup_stm32f405xx.o(.text))
<BR>[Address Reference Count : 1]<UL><LI> startup_stm32f405xx.o(RESET)
</UL>
<P><STRONG><a name="[4b]"></a>OTG_FS_WKUP_IRQHandler</STRONG> (Thumb, 0 bytes, Stack size 0 bytes, startup_stm32f405xx.o(.text))
<BR>[Address Reference Count : 1]<UL><LI> startup_stm32f405xx.o(RESET)
</UL>
<P><STRONG><a name="[6a]"></a>OTG_HS_EP1_IN_IRQHandler</STRONG> (Thumb, 0 bytes, Stack size 0 bytes, startup_stm32f405xx.o(.text))
<BR>[Address Reference Count : 1]<UL><LI> startup_stm32f405xx.o(RESET)
</UL>
<P><STRONG><a name="[69]"></a>OTG_HS_EP1_OUT_IRQHandler</STRONG> (Thumb, 0 bytes, Stack size 0 bytes, startup_stm32f405xx.o(.text))
<BR>[Address Reference Count : 1]<UL><LI> startup_stm32f405xx.o(RESET)
</UL>
<P><STRONG><a name="[6c]"></a>OTG_HS_IRQHandler</STRONG> (Thumb, 0 bytes, Stack size 0 bytes, startup_stm32f405xx.o(.text))
<BR>[Address Reference Count : 1]<UL><LI> startup_stm32f405xx.o(RESET)
</UL>
<P><STRONG><a name="[6b]"></a>OTG_HS_WKUP_IRQHandler</STRONG> (Thumb, 0 bytes, Stack size 0 bytes, startup_stm32f405xx.o(.text))
<BR>[Address Reference Count : 1]<UL><LI> startup_stm32f405xx.o(RESET)
</UL>
<P><STRONG><a name="[22]"></a>PVD_IRQHandler</STRONG> (Thumb, 0 bytes, Stack size 0 bytes, startup_stm32f405xx.o(.text))
<BR>[Address Reference Count : 1]<UL><LI> startup_stm32f405xx.o(RESET)
</UL>
<P><STRONG><a name="[26]"></a>RCC_IRQHandler</STRONG> (Thumb, 0 bytes, Stack size 0 bytes, startup_stm32f405xx.o(.text))
<BR>[Address Reference Count : 1]<UL><LI> startup_stm32f405xx.o(RESET)
</UL>
<P><STRONG><a name="[4a]"></a>RTC_Alarm_IRQHandler</STRONG> (Thumb, 0 bytes, Stack size 0 bytes, startup_stm32f405xx.o(.text))
<BR>[Address Reference Count : 1]<UL><LI> startup_stm32f405xx.o(RESET)
</UL>
<P><STRONG><a name="[24]"></a>RTC_WKUP_IRQHandler</STRONG> (Thumb, 0 bytes, Stack size 0 bytes, startup_stm32f405xx.o(.text))
<BR>[Address Reference Count : 1]<UL><LI> startup_stm32f405xx.o(RESET)
</UL>
<P><STRONG><a name="[52]"></a>SDIO_IRQHandler</STRONG> (Thumb, 0 bytes, Stack size 0 bytes, startup_stm32f405xx.o(.text))
<BR>[Address Reference Count : 1]<UL><LI> startup_stm32f405xx.o(RESET)
</UL>
<P><STRONG><a name="[44]"></a>SPI1_IRQHandler</STRONG> (Thumb, 0 bytes, Stack size 0 bytes, startup_stm32f405xx.o(.text))
<BR>[Address Reference Count : 1]<UL><LI> startup_stm32f405xx.o(RESET)
</UL>
<P><STRONG><a name="[45]"></a>SPI2_IRQHandler</STRONG> (Thumb, 0 bytes, Stack size 0 bytes, startup_stm32f405xx.o(.text))
<BR>[Address Reference Count : 1]<UL><LI> startup_stm32f405xx.o(RESET)
</UL>
<P><STRONG><a name="[54]"></a>SPI3_IRQHandler</STRONG> (Thumb, 0 bytes, Stack size 0 bytes, startup_stm32f405xx.o(.text))
<BR>[Address Reference Count : 1]<UL><LI> startup_stm32f405xx.o(RESET)
</UL>
<P><STRONG><a name="[23]"></a>TAMP_STAMP_IRQHandler</STRONG> (Thumb, 0 bytes, Stack size 0 bytes, startup_stm32f405xx.o(.text))
<BR>[Address Reference Count : 1]<UL><LI> startup_stm32f405xx.o(RESET)
</UL>
<P><STRONG><a name="[39]"></a>TIM1_BRK_TIM9_IRQHandler</STRONG> (Thumb, 0 bytes, Stack size 0 bytes, startup_stm32f405xx.o(.text))
<BR>[Address Reference Count : 1]<UL><LI> startup_stm32f405xx.o(RESET)
</UL>
<P><STRONG><a name="[3c]"></a>TIM1_CC_IRQHandler</STRONG> (Thumb, 0 bytes, Stack size 0 bytes, startup_stm32f405xx.o(.text))
<BR>[Address Reference Count : 1]<UL><LI> startup_stm32f405xx.o(RESET)
</UL>
<P><STRONG><a name="[3b]"></a>TIM1_TRG_COM_TIM11_IRQHandler</STRONG> (Thumb, 0 bytes, Stack size 0 bytes, startup_stm32f405xx.o(.text))
<BR>[Address Reference Count : 1]<UL><LI> startup_stm32f405xx.o(RESET)
</UL>
<P><STRONG><a name="[3d]"></a>TIM2_IRQHandler</STRONG> (Thumb, 0 bytes, Stack size 0 bytes, startup_stm32f405xx.o(.text))
<BR>[Address Reference Count : 1]<UL><LI> startup_stm32f405xx.o(RESET)
</UL>
<P><STRONG><a name="[3e]"></a>TIM3_IRQHandler</STRONG> (Thumb, 0 bytes, Stack size 0 bytes, startup_stm32f405xx.o(.text))
<BR>[Address Reference Count : 1]<UL><LI> startup_stm32f405xx.o(RESET)
</UL>
<P><STRONG><a name="[53]"></a>TIM5_IRQHandler</STRONG> (Thumb, 0 bytes, Stack size 0 bytes, startup_stm32f405xx.o(.text))
<BR>[Address Reference Count : 1]<UL><LI> startup_stm32f405xx.o(RESET)
</UL>
<P><STRONG><a name="[57]"></a>TIM6_DAC_IRQHandler</STRONG> (Thumb, 0 bytes, Stack size 0 bytes, startup_stm32f405xx.o(.text))
<BR>[Address Reference Count : 1]<UL><LI> startup_stm32f405xx.o(RESET)
</UL>
<P><STRONG><a name="[58]"></a>TIM7_IRQHandler</STRONG> (Thumb, 0 bytes, Stack size 0 bytes, startup_stm32f405xx.o(.text))
<BR>[Address Reference Count : 1]<UL><LI> startup_stm32f405xx.o(RESET)
</UL>
<P><STRONG><a name="[4c]"></a>TIM8_BRK_TIM12_IRQHandler</STRONG> (Thumb, 0 bytes, Stack size 0 bytes, startup_stm32f405xx.o(.text))
<BR>[Address Reference Count : 1]<UL><LI> startup_stm32f405xx.o(RESET)
</UL>
<P><STRONG><a name="[4f]"></a>TIM8_CC_IRQHandler</STRONG> (Thumb, 0 bytes, Stack size 0 bytes, startup_stm32f405xx.o(.text))
<BR>[Address Reference Count : 1]<UL><LI> startup_stm32f405xx.o(RESET)
</UL>
<P><STRONG><a name="[4e]"></a>TIM8_TRG_COM_TIM14_IRQHandler</STRONG> (Thumb, 0 bytes, Stack size 0 bytes, startup_stm32f405xx.o(.text))
<BR>[Address Reference Count : 1]<UL><LI> startup_stm32f405xx.o(RESET)
</UL>
<P><STRONG><a name="[4d]"></a>TIM8_UP_TIM13_IRQHandler</STRONG> (Thumb, 0 bytes, Stack size 0 bytes, startup_stm32f405xx.o(.text))
<BR>[Address Reference Count : 1]<UL><LI> startup_stm32f405xx.o(RESET)
</UL>
<P><STRONG><a name="[55]"></a>UART4_IRQHandler</STRONG> (Thumb, 0 bytes, Stack size 0 bytes, startup_stm32f405xx.o(.text))
<BR>[Address Reference Count : 1]<UL><LI> startup_stm32f405xx.o(RESET)
</UL>
<P><STRONG><a name="[56]"></a>UART5_IRQHandler</STRONG> (Thumb, 0 bytes, Stack size 0 bytes, startup_stm32f405xx.o(.text))
<BR>[Address Reference Count : 1]<UL><LI> startup_stm32f405xx.o(RESET)
</UL>
<P><STRONG><a name="[47]"></a>USART2_IRQHandler</STRONG> (Thumb, 0 bytes, Stack size 0 bytes, startup_stm32f405xx.o(.text))
<BR>[Address Reference Count : 1]<UL><LI> startup_stm32f405xx.o(RESET)
</UL>
<P><STRONG><a name="[66]"></a>USART6_IRQHandler</STRONG> (Thumb, 0 bytes, Stack size 0 bytes, startup_stm32f405xx.o(.text))
<BR>[Address Reference Count : 1]<UL><LI> startup_stm32f405xx.o(RESET)
</UL>
<P><STRONG><a name="[21]"></a>WWDG_IRQHandler</STRONG> (Thumb, 0 bytes, Stack size 0 bytes, startup_stm32f405xx.o(.text))
<BR>[Address Reference Count : 1]<UL><LI> startup_stm32f405xx.o(RESET)
</UL>
<P><STRONG><a name="[11f]"></a>__aeabi_uldivmod</STRONG> (Thumb, 98 bytes, Stack size 40 bytes, uldiv.o(.text))
<BR><BR>[Stack]<UL><LI>Max Depth = 40<LI>Call Chain = __aeabi_uldivmod
</UL>
<BR>[Calls]<UL><LI><a href="#[120]">&gt;&gt;</a>&nbsp;&nbsp;&nbsp;__aeabi_llsr
<LI><a href="#[121]">&gt;&gt;</a>&nbsp;&nbsp;&nbsp;__aeabi_llsl
</UL>
<BR>[Called By]<UL><LI><a href="#[19e]">&gt;&gt;</a>&nbsp;&nbsp;&nbsp;HAL_RCC_GetSysClockFreq
<LI><a href="#[1be]">&gt;&gt;</a>&nbsp;&nbsp;&nbsp;UART_SetConfig
<LI><a href="#[269]">&gt;&gt;</a>&nbsp;&nbsp;&nbsp;_ntoa_long_long
<LI><a href="#[4d2]">&gt;&gt;</a>&nbsp;&nbsp;&nbsp;_printf_core
</UL>

<P><STRONG><a name="[275]"></a>__aeabi_memcpy</STRONG> (Thumb, 36 bytes, Stack size 0 bytes, memcpya.o(.text))
<BR><BR>[Called By]<UL><LI><a href="#[1c7]">&gt;&gt;</a>&nbsp;&nbsp;&nbsp;ble_tx_buff_updata
</UL>

<P><STRONG><a name="[2c9]"></a>__aeabi_memcpy4</STRONG> (Thumb, 0 bytes, Stack size 0 bytes, memcpya.o(.text))
<BR><BR>[Called By]<UL><LI><a href="#[1d5]">&gt;&gt;</a>&nbsp;&nbsp;&nbsp;flash_info_init
<LI><a href="#[d0]">&gt;&gt;</a>&nbsp;&nbsp;&nbsp;flash_task
</UL>

<P><STRONG><a name="[4db]"></a>__aeabi_memcpy8</STRONG> (Thumb, 0 bytes, Stack size 0 bytes, memcpya.o(.text), UNUSED)

<P><STRONG><a name="[123]"></a>__aeabi_memset</STRONG> (Thumb, 14 bytes, Stack size 0 bytes, memseta.o(.text))
<BR><BR>[Called By]<UL><LI><a href="#[3a9]">&gt;&gt;</a>&nbsp;&nbsp;&nbsp;lv_memset
<LI><a href="#[2a4]">&gt;&gt;</a>&nbsp;&nbsp;&nbsp;lv_memset_ff
<LI><a href="#[267]">&gt;&gt;</a>&nbsp;&nbsp;&nbsp;_ntoa_format
<LI><a href="#[124]">&gt;&gt;</a>&nbsp;&nbsp;&nbsp;_memset$wrapper
<LI><a href="#[122]">&gt;&gt;</a>&nbsp;&nbsp;&nbsp;__aeabi_memclr
</UL>

<P><STRONG><a name="[33f]"></a>__aeabi_memset4</STRONG> (Thumb, 0 bytes, Stack size 0 bytes, memseta.o(.text))
<BR><BR>[Called By]<UL><LI><a href="#[309]">&gt;&gt;</a>&nbsp;&nbsp;&nbsp;keyboard_buffer_show
<LI><a href="#[2a4]">&gt;&gt;</a>&nbsp;&nbsp;&nbsp;lv_memset_ff
<LI><a href="#[44f]">&gt;&gt;</a>&nbsp;&nbsp;&nbsp;lv_spinbox_updatevalue
</UL>

<P><STRONG><a name="[4dc]"></a>__aeabi_memset8</STRONG> (Thumb, 0 bytes, Stack size 0 bytes, memseta.o(.text), UNUSED)

<P><STRONG><a name="[122]"></a>__aeabi_memclr</STRONG> (Thumb, 4 bytes, Stack size 0 bytes, memseta.o(.text))
<BR><BR>[Calls]<UL><LI><a href="#[123]">&gt;&gt;</a>&nbsp;&nbsp;&nbsp;__aeabi_memset
</UL>
<BR>[Called By]<UL><LI><a href="#[1d5]">&gt;&gt;</a>&nbsp;&nbsp;&nbsp;flash_info_init
<LI><a href="#[4b7]">&gt;&gt;</a>&nbsp;&nbsp;&nbsp;write_user_info
<LI><a href="#[239]">&gt;&gt;</a>&nbsp;&nbsp;&nbsp;lv_memset_00
</UL>

<P><STRONG><a name="[13f]"></a>__aeabi_memclr4</STRONG> (Thumb, 0 bytes, Stack size 0 bytes, memseta.o(.text))
<BR><BR>[Called By]<UL><LI><a href="#[1bd]">&gt;&gt;</a>&nbsp;&nbsp;&nbsp;HAL_UART_MspInit
<LI><a href="#[1ab]">&gt;&gt;</a>&nbsp;&nbsp;&nbsp;HAL_TIM_Encoder_MspInit
<LI><a href="#[13e]">&gt;&gt;</a>&nbsp;&nbsp;&nbsp;HAL_DMA_DeInit
<LI><a href="#[1d6]">&gt;&gt;</a>&nbsp;&nbsp;&nbsp;key_scanf_for_standby
<LI><a href="#[1d5]">&gt;&gt;</a>&nbsp;&nbsp;&nbsp;flash_info_init
<LI><a href="#[1df]">&gt;&gt;</a>&nbsp;&nbsp;&nbsp;MX_TIM4_Init
<LI><a href="#[1fb]">&gt;&gt;</a>&nbsp;&nbsp;&nbsp;SystemClock_Config
<LI><a href="#[d7]">&gt;&gt;</a>&nbsp;&nbsp;&nbsp;touch_task
<LI><a href="#[d1]">&gt;&gt;</a>&nbsp;&nbsp;&nbsp;key_scan_task
<LI><a href="#[309]">&gt;&gt;</a>&nbsp;&nbsp;&nbsp;keyboard_buffer_show
<LI><a href="#[d2]">&gt;&gt;</a>&nbsp;&nbsp;&nbsp;keyboard_task
<LI><a href="#[239]">&gt;&gt;</a>&nbsp;&nbsp;&nbsp;lv_memset_00
<LI><a href="#[350]">&gt;&gt;</a>&nbsp;&nbsp;&nbsp;llq_lvgl_updata_style_code
<LI><a href="#[3f2]">&gt;&gt;</a>&nbsp;&nbsp;&nbsp;lv_main_lable_updata
</UL>

<P><STRONG><a name="[4dd]"></a>__aeabi_memclr8</STRONG> (Thumb, 0 bytes, Stack size 0 bytes, memseta.o(.text), UNUSED)

<P><STRONG><a name="[124]"></a>_memset$wrapper</STRONG> (Thumb, 18 bytes, Stack size 8 bytes, memseta.o(.text), UNUSED)
<BR><BR>[Calls]<UL><LI><a href="#[123]">&gt;&gt;</a>&nbsp;&nbsp;&nbsp;__aeabi_memset
</UL>

<P><STRONG><a name="[34b]"></a>strcat</STRONG> (Thumb, 24 bytes, Stack size 0 bytes, strcat.o(.text))
<BR><BR>[Called By]<UL><LI><a href="#[d2]">&gt;&gt;</a>&nbsp;&nbsp;&nbsp;keyboard_task
<LI><a href="#[3f2]">&gt;&gt;</a>&nbsp;&nbsp;&nbsp;lv_main_lable_updata
</UL>

<P><STRONG><a name="[261]"></a>strlen</STRONG> (Thumb, 14 bytes, Stack size 0 bytes, strlen.o(.text))
<BR><BR>[Called By]<UL><LI><a href="#[4b8]">&gt;&gt;</a>&nbsp;&nbsp;&nbsp;str_to_key_msg
<LI><a href="#[309]">&gt;&gt;</a>&nbsp;&nbsp;&nbsp;keyboard_buffer_show
<LI><a href="#[d2]">&gt;&gt;</a>&nbsp;&nbsp;&nbsp;keyboard_task
<LI><a href="#[29d]">&gt;&gt;</a>&nbsp;&nbsp;&nbsp;delete_one_char
<LI><a href="#[3d2]">&gt;&gt;</a>&nbsp;&nbsp;&nbsp;lv_img_set_src
<LI><a href="#[3f2]">&gt;&gt;</a>&nbsp;&nbsp;&nbsp;lv_main_lable_updata
<LI><a href="#[3c7]">&gt;&gt;</a>&nbsp;&nbsp;&nbsp;lv_fs_get_ext
<LI><a href="#[24b]">&gt;&gt;</a>&nbsp;&nbsp;&nbsp;lv_img_decoder_open
<LI><a href="#[444]">&gt;&gt;</a>&nbsp;&nbsp;&nbsp;lv_roller_set_options
<LI><a href="#[3e4]">&gt;&gt;</a>&nbsp;&nbsp;&nbsp;lv_label_set_text
<LI><a href="#[3ec]">&gt;&gt;</a>&nbsp;&nbsp;&nbsp;lv_label_ins_text
<LI><a href="#[3e7]">&gt;&gt;</a>&nbsp;&nbsp;&nbsp;lv_label_refr_text
<LI><a href="#[3bd]">&gt;&gt;</a>&nbsp;&nbsp;&nbsp;lv_dropdown_set_options
<LI><a href="#[3b0]">&gt;&gt;</a>&nbsp;&nbsp;&nbsp;lv_dropdown_get_selected_str
<LI><a href="#[264]">&gt;&gt;</a>&nbsp;&nbsp;&nbsp;_lv_txt_ins
<LI><a href="#[260]">&gt;&gt;</a>&nbsp;&nbsp;&nbsp;_lv_txt_cut
<LI><a href="#[44f]">&gt;&gt;</a>&nbsp;&nbsp;&nbsp;lv_spinbox_updatevalue
<LI><a href="#[10c]">&gt;&gt;</a>&nbsp;&nbsp;&nbsp;lv_spinbox_event
<LI><a href="#[454]">&gt;&gt;</a>&nbsp;&nbsp;&nbsp;lv_textarea_set_text
<LI><a href="#[3df]">&gt;&gt;</a>&nbsp;&nbsp;&nbsp;lv_textarea_del_char
<LI><a href="#[2ff]">&gt;&gt;</a>&nbsp;&nbsp;&nbsp;lv_textarea_add_text
<LI><a href="#[3db]">&gt;&gt;</a>&nbsp;&nbsp;&nbsp;lv_textarea_add_char
</UL>

<P><STRONG><a name="[2fe]"></a>strcmp</STRONG> (Thumb, 28 bytes, Stack size 8 bytes, strcmp.o(.text))
<BR><BR>[Stack]<UL><LI>Max Depth = 8<LI>Call Chain = strcmp
</UL>
<BR>[Called By]<UL><LI><a href="#[7d]">&gt;&gt;</a>&nbsp;&nbsp;&nbsp;lv_img_decoder_built_in_open
<LI><a href="#[7c]">&gt;&gt;</a>&nbsp;&nbsp;&nbsp;lv_img_decoder_built_in_info
<LI><a href="#[370]">&gt;&gt;</a>&nbsp;&nbsp;&nbsp;lv_btnmatrix_set_map
<LI><a href="#[374]">&gt;&gt;</a>&nbsp;&nbsp;&nbsp;lv_btnmatrix_get_btn_text
<LI><a href="#[e1]">&gt;&gt;</a>&nbsp;&nbsp;&nbsp;lv_btnmatrix_event
<LI><a href="#[ac]">&gt;&gt;</a>&nbsp;&nbsp;&nbsp;lv_keyboard_def_event_cb
<LI><a href="#[2fd]">&gt;&gt;</a>&nbsp;&nbsp;&nbsp;insert_handler
</UL>

<P><STRONG><a name="[3be]"></a>strcpy</STRONG> (Thumb, 18 bytes, Stack size 0 bytes, strcpy.o(.text))
<BR><BR>[Called By]<UL><LI><a href="#[3d2]">&gt;&gt;</a>&nbsp;&nbsp;&nbsp;lv_img_set_src
<LI><a href="#[24b]">&gt;&gt;</a>&nbsp;&nbsp;&nbsp;lv_img_decoder_open
<LI><a href="#[444]">&gt;&gt;</a>&nbsp;&nbsp;&nbsp;lv_roller_set_options
<LI><a href="#[3e4]">&gt;&gt;</a>&nbsp;&nbsp;&nbsp;lv_label_set_text
<LI><a href="#[3bd]">&gt;&gt;</a>&nbsp;&nbsp;&nbsp;lv_dropdown_set_options
<LI><a href="#[454]">&gt;&gt;</a>&nbsp;&nbsp;&nbsp;lv_textarea_set_text
</UL>

<P><STRONG><a name="[125]"></a>__aeabi_dadd</STRONG> (Thumb, 322 bytes, Stack size 48 bytes, dadd.o(.text))
<BR><BR>[Stack]<UL><LI>Max Depth = 88<LI>Call Chain = __aeabi_dadd &rArr; _double_epilogue &rArr; _double_round
</UL>
<BR>[Calls]<UL><LI><a href="#[126]">&gt;&gt;</a>&nbsp;&nbsp;&nbsp;__aeabi_lasr
<LI><a href="#[121]">&gt;&gt;</a>&nbsp;&nbsp;&nbsp;__aeabi_llsl
<LI><a href="#[128]">&gt;&gt;</a>&nbsp;&nbsp;&nbsp;_double_round
<LI><a href="#[127]">&gt;&gt;</a>&nbsp;&nbsp;&nbsp;_double_epilogue
</UL>
<BR>[Called By]<UL><LI><a href="#[27f]">&gt;&gt;</a>&nbsp;&nbsp;&nbsp;bsp_sw6208_for_gui
<LI><a href="#[12a]">&gt;&gt;</a>&nbsp;&nbsp;&nbsp;__aeabi_drsub
<LI><a href="#[129]">&gt;&gt;</a>&nbsp;&nbsp;&nbsp;__aeabi_dsub
</UL>

<P><STRONG><a name="[129]"></a>__aeabi_dsub</STRONG> (Thumb, 6 bytes, Stack size 0 bytes, dadd.o(.text), UNUSED)
<BR><BR>[Calls]<UL><LI><a href="#[125]">&gt;&gt;</a>&nbsp;&nbsp;&nbsp;__aeabi_dadd
</UL>

<P><STRONG><a name="[12a]"></a>__aeabi_drsub</STRONG> (Thumb, 6 bytes, Stack size 0 bytes, dadd.o(.text), UNUSED)
<BR><BR>[Calls]<UL><LI><a href="#[125]">&gt;&gt;</a>&nbsp;&nbsp;&nbsp;__aeabi_dadd
</UL>

<P><STRONG><a name="[12b]"></a>__aeabi_dmul</STRONG> (Thumb, 228 bytes, Stack size 48 bytes, dmul.o(.text))
<BR><BR>[Stack]<UL><LI>Max Depth = 88<LI>Call Chain = __aeabi_dmul &rArr; _double_epilogue &rArr; _double_round
</UL>
<BR>[Calls]<UL><LI><a href="#[127]">&gt;&gt;</a>&nbsp;&nbsp;&nbsp;_double_epilogue
</UL>
<BR>[Called By]<UL><LI><a href="#[281]">&gt;&gt;</a>&nbsp;&nbsp;&nbsp;bsp_sw6208_get_info
</UL>

<P><STRONG><a name="[12c]"></a>__aeabi_ddiv</STRONG> (Thumb, 222 bytes, Stack size 32 bytes, ddiv.o(.text))
<BR><BR>[Stack]<UL><LI>Max Depth = 40<LI>Call Chain = __aeabi_ddiv &rArr; _double_round
</UL>
<BR>[Calls]<UL><LI><a href="#[128]">&gt;&gt;</a>&nbsp;&nbsp;&nbsp;_double_round
</UL>
<BR>[Called By]<UL><LI><a href="#[27f]">&gt;&gt;</a>&nbsp;&nbsp;&nbsp;bsp_sw6208_for_gui
</UL>

<P><STRONG><a name="[12d]"></a>__aeabi_i2d</STRONG> (Thumb, 34 bytes, Stack size 16 bytes, dflti.o(.text))
<BR><BR>[Stack]<UL><LI>Max Depth = 56<LI>Call Chain = __aeabi_i2d &rArr; _double_epilogue &rArr; _double_round
</UL>
<BR>[Calls]<UL><LI><a href="#[127]">&gt;&gt;</a>&nbsp;&nbsp;&nbsp;_double_epilogue
</UL>
<BR>[Called By]<UL><LI><a href="#[281]">&gt;&gt;</a>&nbsp;&nbsp;&nbsp;bsp_sw6208_get_info
</UL>

<P><STRONG><a name="[12e]"></a>__aeabi_d2iz</STRONG> (Thumb, 62 bytes, Stack size 16 bytes, dfixi.o(.text))
<BR><BR>[Stack]<UL><LI>Max Depth = 16<LI>Call Chain = __aeabi_d2iz
</UL>
<BR>[Calls]<UL><LI><a href="#[120]">&gt;&gt;</a>&nbsp;&nbsp;&nbsp;__aeabi_llsr
</UL>
<BR>[Called By]<UL><LI><a href="#[27f]">&gt;&gt;</a>&nbsp;&nbsp;&nbsp;bsp_sw6208_for_gui
</UL>

<P><STRONG><a name="[280]"></a>__aeabi_f2d</STRONG> (Thumb, 38 bytes, Stack size 0 bytes, f2d.o(.text))
<BR><BR>[Called By]<UL><LI><a href="#[27f]">&gt;&gt;</a>&nbsp;&nbsp;&nbsp;bsp_sw6208_for_gui
</UL>

<P><STRONG><a name="[12f]"></a>__aeabi_d2f</STRONG> (Thumb, 56 bytes, Stack size 8 bytes, d2f.o(.text))
<BR><BR>[Stack]<UL><LI>Max Depth = 8<LI>Call Chain = __aeabi_d2f
</UL>
<BR>[Calls]<UL><LI><a href="#[130]">&gt;&gt;</a>&nbsp;&nbsp;&nbsp;_float_round
</UL>
<BR>[Called By]<UL><LI><a href="#[281]">&gt;&gt;</a>&nbsp;&nbsp;&nbsp;bsp_sw6208_get_info
</UL>

<P><STRONG><a name="[121]"></a>__aeabi_llsl</STRONG> (Thumb, 30 bytes, Stack size 0 bytes, llshl.o(.text))
<BR><BR>[Called By]<UL><LI><a href="#[125]">&gt;&gt;</a>&nbsp;&nbsp;&nbsp;__aeabi_dadd
<LI><a href="#[127]">&gt;&gt;</a>&nbsp;&nbsp;&nbsp;_double_epilogue
<LI><a href="#[11f]">&gt;&gt;</a>&nbsp;&nbsp;&nbsp;__aeabi_uldivmod
</UL>

<P><STRONG><a name="[4de]"></a>_ll_shift_l</STRONG> (Thumb, 0 bytes, Stack size 0 bytes, llshl.o(.text), UNUSED)

<P><STRONG><a name="[120]"></a>__aeabi_llsr</STRONG> (Thumb, 32 bytes, Stack size 0 bytes, llushr.o(.text))
<BR><BR>[Called By]<UL><LI><a href="#[12e]">&gt;&gt;</a>&nbsp;&nbsp;&nbsp;__aeabi_d2iz
<LI><a href="#[127]">&gt;&gt;</a>&nbsp;&nbsp;&nbsp;_double_epilogue
<LI><a href="#[11f]">&gt;&gt;</a>&nbsp;&nbsp;&nbsp;__aeabi_uldivmod
</UL>

<P><STRONG><a name="[4df]"></a>_ll_ushift_r</STRONG> (Thumb, 0 bytes, Stack size 0 bytes, llushr.o(.text), UNUSED)

<P><STRONG><a name="[126]"></a>__aeabi_lasr</STRONG> (Thumb, 36 bytes, Stack size 0 bytes, llsshr.o(.text))
<BR><BR>[Called By]<UL><LI><a href="#[125]">&gt;&gt;</a>&nbsp;&nbsp;&nbsp;__aeabi_dadd
</UL>

<P><STRONG><a name="[4e0]"></a>_ll_sshift_r</STRONG> (Thumb, 0 bytes, Stack size 0 bytes, llsshr.o(.text), UNUSED)

<P><STRONG><a name="[4e1]"></a>__I$use$fp</STRONG> (Thumb, 0 bytes, Stack size 0 bytes, iusefp.o(.text), UNUSED)

<P><STRONG><a name="[130]"></a>_float_round</STRONG> (Thumb, 18 bytes, Stack size 0 bytes, fepilogue.o(.text))
<BR><BR>[Called By]<UL><LI><a href="#[12f]">&gt;&gt;</a>&nbsp;&nbsp;&nbsp;__aeabi_d2f
</UL>

<P><STRONG><a name="[4e2]"></a>_float_epilogue</STRONG> (Thumb, 92 bytes, Stack size 4 bytes, fepilogue.o(.text), UNUSED)

<P><STRONG><a name="[128]"></a>_double_round</STRONG> (Thumb, 30 bytes, Stack size 8 bytes, depilogue.o(.text))
<BR><BR>[Stack]<UL><LI>Max Depth = 8<LI>Call Chain = _double_round
</UL>
<BR>[Called By]<UL><LI><a href="#[12c]">&gt;&gt;</a>&nbsp;&nbsp;&nbsp;__aeabi_ddiv
<LI><a href="#[125]">&gt;&gt;</a>&nbsp;&nbsp;&nbsp;__aeabi_dadd
<LI><a href="#[127]">&gt;&gt;</a>&nbsp;&nbsp;&nbsp;_double_epilogue
</UL>

<P><STRONG><a name="[127]"></a>_double_epilogue</STRONG> (Thumb, 156 bytes, Stack size 32 bytes, depilogue.o(.text))
<BR><BR>[Stack]<UL><LI>Max Depth = 40<LI>Call Chain = _double_epilogue &rArr; _double_round
</UL>
<BR>[Calls]<UL><LI><a href="#[120]">&gt;&gt;</a>&nbsp;&nbsp;&nbsp;__aeabi_llsr
<LI><a href="#[121]">&gt;&gt;</a>&nbsp;&nbsp;&nbsp;__aeabi_llsl
<LI><a href="#[128]">&gt;&gt;</a>&nbsp;&nbsp;&nbsp;_double_round
</UL>
<BR>[Called By]<UL><LI><a href="#[12b]">&gt;&gt;</a>&nbsp;&nbsp;&nbsp;__aeabi_dmul
<LI><a href="#[12d]">&gt;&gt;</a>&nbsp;&nbsp;&nbsp;__aeabi_i2d
<LI><a href="#[125]">&gt;&gt;</a>&nbsp;&nbsp;&nbsp;__aeabi_dadd
</UL>

<P><STRONG><a name="[11e]"></a>__scatterload</STRONG> (Thumb, 28 bytes, Stack size 0 bytes, init.o(.text))
<BR><BR>[Calls]<UL><LI><a href="#[131]">&gt;&gt;</a>&nbsp;&nbsp;&nbsp;__main_after_scatterload
</UL>
<BR>[Called By]<UL><LI><a href="#[11d]">&gt;&gt;</a>&nbsp;&nbsp;&nbsp;_main_scatterload
</UL>

<P><STRONG><a name="[4e3]"></a>__scatterload_rt2</STRONG> (Thumb, 0 bytes, Stack size 0 bytes, init.o(.text), UNUSED)

<P><STRONG><a name="[4e4]"></a>__decompress</STRONG> (Thumb, 0 bytes, Stack size unknown bytes, __dczerorl2.o(.text), UNUSED)

<P><STRONG><a name="[4e5]"></a>__decompress1</STRONG> (Thumb, 86 bytes, Stack size unknown bytes, __dczerorl2.o(.text), UNUSED)

<P><STRONG><a name="[1b]"></a>BusFault_Handler</STRONG> (Thumb, 4 bytes, Stack size 0 bytes, stm32f4xx_it.o(.text.BusFault_Handler))
<BR><BR>[Calls]<UL><LI><a href="#[132]">&gt;&gt;</a>&nbsp;&nbsp;&nbsp;__NVIC_SystemReset
</UL>
<BR>[Address Reference Count : 1]<UL><LI> startup_stm32f405xx.o(RESET)
</UL>
<P><STRONG><a name="[2d]"></a>DMA1_Stream1_IRQHandler</STRONG> (Thumb, 12 bytes, Stack size 0 bytes, stm32f4xx_it.o(.text.DMA1_Stream1_IRQHandler))
<BR><BR>[Stack]<UL><LI>Max Depth = 24<LI>Call Chain = DMA1_Stream1_IRQHandler &rArr; HAL_DMA_IRQHandler
</UL>
<BR>[Calls]<UL><LI><a href="#[133]">&gt;&gt;</a>&nbsp;&nbsp;&nbsp;HAL_DMA_IRQHandler
</UL>
<BR>[Address Reference Count : 1]<UL><LI> startup_stm32f405xx.o(RESET)
</UL>
<P><STRONG><a name="[2f]"></a>DMA1_Stream3_IRQHandler</STRONG> (Thumb, 12 bytes, Stack size 0 bytes, stm32f4xx_it.o(.text.DMA1_Stream3_IRQHandler))
<BR><BR>[Stack]<UL><LI>Max Depth = 24<LI>Call Chain = DMA1_Stream3_IRQHandler &rArr; HAL_DMA_IRQHandler
</UL>
<BR>[Calls]<UL><LI><a href="#[133]">&gt;&gt;</a>&nbsp;&nbsp;&nbsp;HAL_DMA_IRQHandler
</UL>
<BR>[Address Reference Count : 1]<UL><LI> startup_stm32f405xx.o(RESET)
</UL>
<P><STRONG><a name="[5b]"></a>DMA2_Stream2_IRQHandler</STRONG> (Thumb, 12 bytes, Stack size 0 bytes, stm32f4xx_it.o(.text.DMA2_Stream2_IRQHandler))
<BR><BR>[Stack]<UL><LI>Max Depth = 24<LI>Call Chain = DMA2_Stream2_IRQHandler &rArr; HAL_DMA_IRQHandler
</UL>
<BR>[Calls]<UL><LI><a href="#[133]">&gt;&gt;</a>&nbsp;&nbsp;&nbsp;HAL_DMA_IRQHandler
</UL>
<BR>[Address Reference Count : 1]<UL><LI> startup_stm32f405xx.o(RESET)
</UL>
<P><STRONG><a name="[5c]"></a>DMA2_Stream3_IRQHandler</STRONG> (Thumb, 12 bytes, Stack size 0 bytes, stm32f4xx_it.o(.text.DMA2_Stream3_IRQHandler))
<BR><BR>[Stack]<UL><LI>Max Depth = 24<LI>Call Chain = DMA2_Stream3_IRQHandler &rArr; HAL_DMA_IRQHandler
</UL>
<BR>[Calls]<UL><LI><a href="#[133]">&gt;&gt;</a>&nbsp;&nbsp;&nbsp;HAL_DMA_IRQHandler
</UL>
<BR>[Address Reference Count : 1]<UL><LI> startup_stm32f405xx.o(RESET)
</UL>
<P><STRONG><a name="[65]"></a>DMA2_Stream7_IRQHandler</STRONG> (Thumb, 12 bytes, Stack size 0 bytes, stm32f4xx_it.o(.text.DMA2_Stream7_IRQHandler))
<BR><BR>[Stack]<UL><LI>Max Depth = 24<LI>Call Chain = DMA2_Stream7_IRQHandler &rArr; HAL_DMA_IRQHandler
</UL>
<BR>[Calls]<UL><LI><a href="#[133]">&gt;&gt;</a>&nbsp;&nbsp;&nbsp;HAL_DMA_IRQHandler
</UL>
<BR>[Address Reference Count : 1]<UL><LI> startup_stm32f405xx.o(RESET)
</UL>
<P><STRONG><a name="[1e]"></a>DebugMon_Handler</STRONG> (Thumb, 2 bytes, Stack size 0 bytes, stm32f4xx_it.o(.text.DebugMon_Handler))
<BR>[Address Reference Count : 1]<UL><LI> startup_stm32f405xx.o(RESET)
</UL>
<P><STRONG><a name="[27]"></a>EXTI0_IRQHandler</STRONG> (Thumb, 6 bytes, Stack size 0 bytes, bsp_interface.o(.text.EXTI0_IRQHandler))
<BR><BR>[Calls]<UL><LI><a href="#[134]">&gt;&gt;</a>&nbsp;&nbsp;&nbsp;HAL_GPIO_EXTI_IRQHandler
</UL>
<BR>[Address Reference Count : 1]<UL><LI> startup_stm32f405xx.o(RESET)
</UL>
<P><STRONG><a name="[29]"></a>EXTI2_IRQHandler</STRONG> (Thumb, 6 bytes, Stack size 0 bytes, bsp_interface.o(.text.EXTI2_IRQHandler))
<BR><BR>[Calls]<UL><LI><a href="#[134]">&gt;&gt;</a>&nbsp;&nbsp;&nbsp;HAL_GPIO_EXTI_IRQHandler
</UL>
<BR>[Address Reference Count : 1]<UL><LI> startup_stm32f405xx.o(RESET)
</UL>
<P><STRONG><a name="[2a]"></a>EXTI3_IRQHandler</STRONG> (Thumb, 16 bytes, Stack size 8 bytes, stm32f4xx_it.o(.text.EXTI3_IRQHandler))
<BR><BR>[Stack]<UL><LI>Max Depth = 8<LI>Call Chain = EXTI3_IRQHandler
</UL>
<BR>[Calls]<UL><LI><a href="#[135]">&gt;&gt;</a>&nbsp;&nbsp;&nbsp;touch_task_irq
<LI><a href="#[134]">&gt;&gt;</a>&nbsp;&nbsp;&nbsp;HAL_GPIO_EXTI_IRQHandler
</UL>
<BR>[Address Reference Count : 1]<UL><LI> startup_stm32f405xx.o(RESET)
</UL>
<P><STRONG><a name="[38]"></a>EXTI9_5_IRQHandler</STRONG> (Thumb, 8 bytes, Stack size 0 bytes, stm32f4xx_it.o(.text.EXTI9_5_IRQHandler))
<BR><BR>[Calls]<UL><LI><a href="#[134]">&gt;&gt;</a>&nbsp;&nbsp;&nbsp;HAL_GPIO_EXTI_IRQHandler
</UL>
<BR>[Address Reference Count : 1]<UL><LI> startup_stm32f405xx.o(RESET)
</UL>
[...]
</UL>
<P><STRONG><a name="[101]"></a>lv_meter_destructor</STRONG> (Thumb, 24 bytes, Stack size 8 bytes, lv_meter.o(.text.lv_meter_destructor))
<BR><BR>[Stack]<UL><LI>Max Depth = 64<LI>Call Chain = lv_meter_destructor &rArr; _lv_ll_clear &rArr; lv_mem_free &rArr; lv_tlsf_free &rArr; block_merge_next &rArr; block_remove &rArr; remove_free_block
</UL>
<BR>[Calls]<UL><LI><a href="#[251]">&gt;&gt;</a>&nbsp;&nbsp;&nbsp;_lv_ll_clear
</UL>
<BR>[Address Reference Count : 1]<UL><LI> lv_meter.o(.rodata.lv_meter_class)
</UL>
<P><STRONG><a name="[102]"></a>lv_meter_event</STRONG> (Thumb, 2316 bytes, Stack size 408 bytes, lv_meter.o(.text.lv_meter_event))
<BR><BR>[Stack]<UL><LI>Max Depth = 1856<LI>Call Chain = lv_meter_event &rArr; lv_draw_arc &rArr; lv_draw_rect &rArr; lv_draw_img &rArr; show_error &rArr;  lv_draw_rect (Cycle)
</UL>
<BR>[Calls]<UL><LI><a href="#[3e8]">&gt;&gt;</a>&nbsp;&nbsp;&nbsp;lv_obj_get_content_coords
<LI><a href="#[2b9]">&gt;&gt;</a>&nbsp;&nbsp;&nbsp;lv_obj_init_draw_line_dsc
<LI><a href="#[2af]">&gt;&gt;</a>&nbsp;&nbsp;&nbsp;lv_obj_init_draw_label_dsc
<LI><a href="#[3b3]">&gt;&gt;</a>&nbsp;&nbsp;&nbsp;lv_obj_init_draw_img_dsc
<LI><a href="#[2ab]">&gt;&gt;</a>&nbsp;&nbsp;&nbsp;lv_obj_init_draw_rect_dsc
<LI><a href="#[2ba]">&gt;&gt;</a>&nbsp;&nbsp;&nbsp;lv_obj_draw_dsc_init
<LI><a href="#[2aa]">&gt;&gt;</a>&nbsp;&nbsp;&nbsp;lv_draw_rect_dsc_init
<LI><a href="#[2ac]">&gt;&gt;</a>&nbsp;&nbsp;&nbsp;lv_draw_rect
<LI><a href="#[2a2]">&gt;&gt;</a>&nbsp;&nbsp;&nbsp;lv_draw_mask_radius_init
<LI><a href="#[2a6]">&gt;&gt;</a>&nbsp;&nbsp;&nbsp;lv_draw_mask_free_param
<LI><a href="#[2a3]">&gt;&gt;</a>&nbsp;&nbsp;&nbsp;lv_draw_mask_add
<LI><a href="#[257]">&gt;&gt;</a>&nbsp;&nbsp;&nbsp;lv_obj_get_style_prop
<LI><a href="#[aa]">&gt;&gt;</a>&nbsp;&nbsp;&nbsp;_lv_ll_get_tail
<LI><a href="#[ab]">&gt;&gt;</a>&nbsp;&nbsp;&nbsp;_lv_ll_get_prev
<LI><a href="#[359]">&gt;&gt;</a>&nbsp;&nbsp;&nbsp;lv_obj_event_base
<LI><a href="#[28c]">&gt;&gt;</a>&nbsp;&nbsp;&nbsp;lv_event_get_target
<LI><a href="#[2b2]">&gt;&gt;</a>&nbsp;&nbsp;&nbsp;lv_event_get_param
<LI><a href="#[297]">&gt;&gt;</a>&nbsp;&nbsp;&nbsp;lv_event_get_code
<LI><a href="#[287]">&gt;&gt;</a>&nbsp;&nbsp;&nbsp;lv_event_send
<LI><a href="#[2bb]">&gt;&gt;</a>&nbsp;&nbsp;&nbsp;lv_map
<LI><a href="#[2be]">&gt;&gt;</a>&nbsp;&nbsp;&nbsp;lv_txt_get_size
<LI><a href="#[2b8]">&gt;&gt;</a>&nbsp;&nbsp;&nbsp;lv_draw_line_dsc_init
<LI><a href="#[2bc]">&gt;&gt;</a>&nbsp;&nbsp;&nbsp;lv_draw_line
<LI><a href="#[2ae]">&gt;&gt;</a>&nbsp;&nbsp;&nbsp;lv_draw_label_dsc_init
<LI><a href="#[2b1]">&gt;&gt;</a>&nbsp;&nbsp;&nbsp;lv_draw_label
<LI><a href="#[22f]">&gt;&gt;</a>&nbsp;&nbsp;&nbsp;lv_memcpy
<LI><a href="#[242]">&gt;&gt;</a>&nbsp;&nbsp;&nbsp;lv_trigo_sin
<LI><a href="#[2a7]">&gt;&gt;</a>&nbsp;&nbsp;&nbsp;lv_draw_mask_remove_id
<LI><a href="#[35e]">&gt;&gt;</a>&nbsp;&nbsp;&nbsp;lv_draw_arc_dsc_init
<LI><a href="#[360]">&gt;&gt;</a>&nbsp;&nbsp;&nbsp;lv_draw_arc
<LI><a href="#[3ab]">&gt;&gt;</a>&nbsp;&nbsp;&nbsp;lv_img_decoder_get_info
<LI><a href="#[39f]">&gt;&gt;</a>&nbsp;&nbsp;&nbsp;lv_draw_img_dsc_init
<LI><a href="#[39a]">&gt;&gt;</a>&nbsp;&nbsp;&nbsp;lv_draw_img
<LI><a href="#[2bd]">&gt;&gt;</a>&nbsp;&nbsp;&nbsp;lv_snprintf
</UL>
<BR>[Address Reference Count : 1]<UL><LI> lv_meter.o(.rodata.lv_meter_class)
</UL>
<P><STRONG><a name="[10b]"></a>lv_spinbox_constructor</STRONG> (Thumb, 88 bytes, Stack size 8 bytes, lv_spinbox.o(.text.lv_spinbox_constructor))
<BR><BR>[Stack]<UL><LI>Max Depth = 704<LI>Call Chain = lv_spinbox_constructor &rArr; lv_spinbox_updatevalue &rArr; lv_textarea_set_text &rArr; lv_textarea_add_char &rArr;  insert_handler (Cycle)
</UL>
<BR>[Calls]<UL><LI><a href="#[37a]">&gt;&gt;</a>&nbsp;&nbsp;&nbsp;lv_obj_set_width
<LI><a href="#[44f]">&gt;&gt;</a>&nbsp;&nbsp;&nbsp;lv_spinbox_updatevalue
<LI><a href="#[44d]">&gt;&gt;</a>&nbsp;&nbsp;&nbsp;lv_textarea_set_one_line
<LI><a href="#[44e]">&gt;&gt;</a>&nbsp;&nbsp;&nbsp;lv_textarea_set_cursor_click_pos
</UL>
<BR>[Address Reference Count : 1]<UL><LI> lv_spinbox.o(.rodata.lv_spinbox_class)
</UL>
<P><STRONG><a name="[10c]"></a>lv_spinbox_event</STRONG> (Thumb, 440 bytes, Stack size 16 bytes, lv_spinbox.o(.text.lv_spinbox_event))
<BR><BR>[Stack]<UL><LI>Max Depth = 712<LI>Call Chain = lv_spinbox_event &rArr; lv_spinbox_step_prev &rArr; lv_spinbox_updatevalue &rArr; lv_textarea_set_text &rArr; lv_textarea_add_char &rArr;  insert_handler (Cycle)
</UL>
<BR>[Calls]<UL><LI><a href="#[289]">&gt;&gt;</a>&nbsp;&nbsp;&nbsp;lv_obj_get_group
<LI><a href="#[288]">&gt;&gt;</a>&nbsp;&nbsp;&nbsp;lv_indev_get_type
<LI><a href="#[35b]">&gt;&gt;</a>&nbsp;&nbsp;&nbsp;lv_group_get_editing
<LI><a href="#[359]">&gt;&gt;</a>&nbsp;&nbsp;&nbsp;lv_obj_event_base
<LI><a href="#[283]">&gt;&gt;</a>&nbsp;&nbsp;&nbsp;lv_indev_get_act
<LI><a href="#[28c]">&gt;&gt;</a>&nbsp;&nbsp;&nbsp;lv_event_get_target
<LI><a href="#[2b2]">&gt;&gt;</a>&nbsp;&nbsp;&nbsp;lv_event_get_param
<LI><a href="#[297]">&gt;&gt;</a>&nbsp;&nbsp;&nbsp;lv_event_get_code
<LI><a href="#[452]">&gt;&gt;</a>&nbsp;&nbsp;&nbsp;lv_pow
<LI><a href="#[453]">&gt;&gt;</a>&nbsp;&nbsp;&nbsp;lv_spinbox_step_prev
<LI><a href="#[451]">&gt;&gt;</a>&nbsp;&nbsp;&nbsp;lv_spinbox_increment
<LI><a href="#[450]">&gt;&gt;</a>&nbsp;&nbsp;&nbsp;lv_spinbox_decrement
<LI><a href="#[44f]">&gt;&gt;</a>&nbsp;&nbsp;&nbsp;lv_spinbox_updatevalue
<LI><a href="#[3e2]">&gt;&gt;</a>&nbsp;&nbsp;&nbsp;lv_textarea_set_cursor_pos
<LI><a href="#[3e1]">&gt;&gt;</a>&nbsp;&nbsp;&nbsp;lv_textarea_get_text
<LI><a href="#[3dd]">&gt;&gt;</a>&nbsp;&nbsp;&nbsp;lv_textarea_cursor_left
<LI><a href="#[3db]">&gt;&gt;</a>&nbsp;&nbsp;&nbsp;lv_textarea_add_char
<LI><a href="#[261]">&gt;&gt;</a>&nbsp;&nbsp;&nbsp;strlen
</UL>
<BR>[Address Reference Count : 1]<UL><LI> lv_spinbox.o(.rodata.lv_spinbox_class)
</UL>
<P><STRONG><a name="[44f]"></a>lv_spinbox_updatevalue</STRONG> (Thumb, 284 bytes, Stack size 64 bytes, lv_spinbox.o(.text.lv_spinbox_updatevalue))
<BR><BR>[Stack]<UL><LI>Max Depth = 696<LI>Call Chain = lv_spinbox_updatevalue &rArr; lv_textarea_set_text &rArr; lv_textarea_add_char &rArr;  insert_handler (Cycle)
</UL>
<BR>[Calls]<UL><LI><a href="#[239]">&gt;&gt;</a>&nbsp;&nbsp;&nbsp;lv_memset_00
<LI><a href="#[2bd]">&gt;&gt;</a>&nbsp;&nbsp;&nbsp;lv_snprintf
<LI><a href="#[454]">&gt;&gt;</a>&nbsp;&nbsp;&nbsp;lv_textarea_set_text
<LI><a href="#[3e2]">&gt;&gt;</a>&nbsp;&nbsp;&nbsp;lv_textarea_set_cursor_pos
<LI><a href="#[261]">&gt;&gt;</a>&nbsp;&nbsp;&nbsp;strlen
<LI><a href="#[33f]">&gt;&gt;</a>&nbsp;&nbsp;&nbsp;__aeabi_memset4
</UL>
<BR>[Called By]<UL><LI><a href="#[453]">&gt;&gt;</a>&nbsp;&nbsp;&nbsp;lv_spinbox_step_prev
<LI><a href="#[451]">&gt;&gt;</a>&nbsp;&nbsp;&nbsp;lv_spinbox_increment
<LI><a href="#[450]">&gt;&gt;</a>&nbsp;&nbsp;&nbsp;lv_spinbox_decrement
<LI><a href="#[10c]">&gt;&gt;</a>&nbsp;&nbsp;&nbsp;lv_spinbox_event
<LI><a href="#[10b]">&gt;&gt;</a>&nbsp;&nbsp;&nbsp;lv_spinbox_constructor
</UL>

<P><STRONG><a name="[b7]"></a>arc_anim_end_angle</STRONG> (Thumb, 6 bytes, Stack size 0 bytes, lv_spinner.o(.text.arc_anim_end_angle))
<BR><BR>[Stack]<UL><LI>Max Depth = 216<LI>Call Chain = arc_anim_end_angle &rArr; lv_arc_set_end_angle &rArr; inv_arc_area &rArr; lv_obj_invalidate_area &rArr; _lv_inv_area &rArr; _lv_area_is_in &rArr; _lv_area_is_point_on
</UL>
<BR>[Calls]<UL><LI><a href="#[26f]">&gt;&gt;</a>&nbsp;&nbsp;&nbsp;lv_arc_set_end_angle
</UL>
<BR>[Address Reference Count : 1]<UL><LI> lv_spinner.o(.text.lv_spinner_constructor)
</UL>
<P><STRONG><a name="[b9]"></a>arc_anim_start_angle</STRONG> (Thumb, 6 bytes, Stack size 0 bytes, lv_spinner.o(.text.arc_anim_start_angle))
<BR><BR>[Stack]<UL><LI>Max Depth = 208<LI>Call Chain = arc_anim_start_angle &rArr; lv_arc_set_start_angle &rArr; inv_arc_area &rArr; lv_obj_invalidate_area &rArr; _lv_inv_area &rArr; _lv_area_is_in &rArr; _lv_area_is_point_on
</UL>
<BR>[Calls]<UL><LI><a href="#[270]">&gt;&gt;</a>&nbsp;&nbsp;&nbsp;lv_arc_set_start_angle
</UL>
<BR>[Address Reference Count : 1]<UL><LI> lv_spinner.o(.text.lv_spinner_constructor)
</UL>
<P><STRONG><a name="[10d]"></a>lv_spinner_constructor</STRONG> (Thumb, 144 bytes, Stack size 88 bytes, lv_spinner.o(.text.lv_spinner_constructor))
<BR><BR>[Stack]<UL><LI>Max Depth = 368<LI>Call Chain = lv_spinner_constructor &rArr; lv_arc_set_bg_angles &rArr; lv_arc_set_bg_start_angle &rArr; value_update &rArr; lv_arc_set_end_angle &rArr; inv_arc_area &rArr; lv_obj_invalidate_area &rArr; _lv_inv_area &rArr; _lv_area_is_in &rArr; _lv_area_is_point_on
</UL>
<BR>[Calls]<UL><LI><a href="#[357]">&gt;&gt;</a>&nbsp;&nbsp;&nbsp;lv_obj_clear_flag
<LI><a href="#[25b]">&gt;&gt;</a>&nbsp;&nbsp;&nbsp;lv_anim_start
<LI><a href="#[25a]">&gt;&gt;</a>&nbsp;&nbsp;&nbsp;lv_anim_init
<LI><a href="#[367]">&gt;&gt;</a>&nbsp;&nbsp;&nbsp;lv_arc_set_rotation
<LI><a href="#[363]">&gt;&gt;</a>&nbsp;&nbsp;&nbsp;lv_arc_set_bg_angles
</UL>
<BR>[Address Reference Count : 1]<UL><LI> lv_spinner.o(.rodata.lv_spinner_class)
</UL>
<P><STRONG><a name="[bc]"></a>btns_value_changed_event_cb</STRONG> (Thumb, 34 bytes, Stack size 16 bytes, lv_tabview.o(.text.btns_value_changed_event_cb))
<BR><BR>[Stack]<UL><LI>Max Depth = 440<LI>Call Chain = btns_value_changed_event_cb &rArr; lv_tabview_set_act &rArr; lv_obj_update_layout &rArr; layout_update_core &rArr;  layout_update_core (Cycle)
</UL>
<BR>[Calls]<UL><LI><a href="#[28d]">&gt;&gt;</a>&nbsp;&nbsp;&nbsp;lv_obj_get_parent
<LI><a href="#[28c]">&gt;&gt;</a>&nbsp;&nbsp;&nbsp;lv_event_get_target
<LI><a href="#[28e]">&gt;&gt;</a>&nbsp;&nbsp;&nbsp;lv_btnmatrix_get_selected_btn
<LI><a href="#[28f]">&gt;&gt;</a>&nbsp;&nbsp;&nbsp;lv_tabview_set_act
</UL>
<BR>[Address Reference Count : 1]<UL><LI> lv_tabview.o(.text.lv_tabview_constructor)
</UL>
<P><STRONG><a name="[bd]"></a>cont_scroll_end_event_cb</STRONG> (Thumb, 146 bytes, Stack size 24 bytes, lv_tabview.o(.text.cont_scroll_end_event_cb))
<BR><BR>[Stack]<UL><LI>Max Depth = 448<LI>Call Chain = cont_scroll_end_event_cb &rArr; lv_tabview_set_act &rArr; lv_obj_update_layout &rArr; layout_update_core &rArr;  layout_update_core (Cycle)
</UL>
<BR>[Calls]<UL><LI><a href="#[298]">&gt;&gt;</a>&nbsp;&nbsp;&nbsp;lv_obj_get_scroll_end
<LI><a href="#[292]">&gt;&gt;</a>&nbsp;&nbsp;&nbsp;lv_obj_get_content_width
<LI><a href="#[257]">&gt;&gt;</a>&nbsp;&nbsp;&nbsp;lv_obj_get_style_prop
<LI><a href="#[28d]">&gt;&gt;</a>&nbsp;&nbsp;&nbsp;lv_obj_get_parent
<LI><a href="#[28c]">&gt;&gt;</a>&nbsp;&nbsp;&nbsp;lv_event_get_target
<LI><a href="#[297]">&gt;&gt;</a>&nbsp;&nbsp;&nbsp;lv_event_get_code
<LI><a href="#[287]">&gt;&gt;</a>&nbsp;&nbsp;&nbsp;lv_event_send
<LI><a href="#[28f]">&gt;&gt;</a>&nbsp;&nbsp;&nbsp;lv_tabview_set_act
</UL>
<BR>[Address Reference Count : 1]<UL><LI> lv_tabview.o(.text.lv_tabview_constructor)
</UL>
<P><STRONG><a name="[114]"></a>lv_tabview_constructor</STRONG> (Thumb, 314 bytes, Stack size 16 bytes, lv_tabview.o(.text.lv_tabview_constructor))
<BR><BR>[Stack]<UL><LI>Max Depth = 272<LI>Call Chain = lv_tabview_constructor &rArr; lv_obj_create &rArr; lv_obj_class_init_obj &rArr; lv_theme_apply &rArr; lv_obj_remove_style &rArr; lv_obj_refresh_style &rArr; lv_obj_refresh_ext_draw_size &rArr; lv_obj_invalidate &rArr; lv_obj_invalidate_area &rArr; _lv_inv_area &rArr; _lv_area_is_in &rArr; _lv_area_is_point_on
</UL>
<BR>[Calls]<UL><LI><a href="#[391]">&gt;&gt;</a>&nbsp;&nbsp;&nbsp;lv_obj_set_scrollbar_mode
<LI><a href="#[433]">&gt;&gt;</a>&nbsp;&nbsp;&nbsp;lv_obj_set_scroll_snap_x
<LI><a href="#[3b7]">&gt;&gt;</a>&nbsp;&nbsp;&nbsp;lv_obj_set_height
<LI><a href="#[254]">&gt;&gt;</a>&nbsp;&nbsp;&nbsp;lv_mem_alloc
<LI><a href="#[357]">&gt;&gt;</a>&nbsp;&nbsp;&nbsp;lv_obj_clear_flag
<LI><a href="#[356]">&gt;&gt;</a>&nbsp;&nbsp;&nbsp;lv_obj_add_flag
<LI><a href="#[409]">&gt;&gt;</a>&nbsp;&nbsp;&nbsp;lv_group_get_default
<LI><a href="#[3c9]">&gt;&gt;</a>&nbsp;&nbsp;&nbsp;lv_group_add_obj
<LI><a href="#[379]">&gt;&gt;</a>&nbsp;&nbsp;&nbsp;lv_obj_add_event_cb
<LI><a href="#[37a]">&gt;&gt;</a>&nbsp;&nbsp;&nbsp;lv_obj_set_width
<LI><a href="#[435]">&gt;&gt;</a>&nbsp;&nbsp;&nbsp;lv_obj_set_size
<LI><a href="#[38f]">&gt;&gt;</a>&nbsp;&nbsp;&nbsp;lv_obj_create
<LI><a href="#[377]">&gt;&gt;</a>&nbsp;&nbsp;&nbsp;lv_btnmatrix_set_one_checked
<LI><a href="#[370]">&gt;&gt;</a>&nbsp;&nbsp;&nbsp;lv_btnmatrix_set_map
<LI><a href="#[371]">&gt;&gt;</a>&nbsp;&nbsp;&nbsp;lv_btnmatrix_create
<LI><a href="#[37c]">&gt;&gt;</a>&nbsp;&nbsp;&nbsp;lv_obj_set_flex_grow
<LI><a href="#[37b]">&gt;&gt;</a>&nbsp;&nbsp;&nbsp;lv_obj_set_flex_flow
</UL>
<BR>[Address Reference Count : 1]<UL><LI> lv_tabview.o(.rodata.lv_tabview_class)
</UL>
<P><STRONG><a name="[115]"></a>lv_tabview_destructor</STRONG> (Thumb, 100 bytes, Stack size 16 bytes, lv_tabview.o(.text.lv_tabview_destructor))
<BR><BR>[Stack]<UL><LI>Max Depth = 56<LI>Call Chain = lv_tabview_destructor &rArr; lv_mem_free &rArr; lv_tlsf_free &rArr; block_merge_next &rArr; block_remove &rArr; remove_free_block
</UL>
<BR>[Calls]<UL><LI><a href="#[23e]">&gt;&gt;</a>&nbsp;&nbsp;&nbsp;lv_mem_free
</UL>
<BR>[Address Reference Count : 1]<UL><LI> lv_tabview.o(.rodata.lv_tabview_class)
</UL>
<P><STRONG><a name="[116]"></a>lv_tabview_event</STRONG> (Thumb, 54 bytes, Stack size 16 bytes, lv_tabview.o(.text.lv_tabview_event))
<BR><BR>[Stack]<UL><LI>Max Depth = 440<LI>Call Chain = lv_tabview_event &rArr; lv_tabview_set_act &rArr; lv_obj_update_layout &rArr; layout_update_core &rArr;  layout_update_core (Cycle)
</UL>
<BR>[Calls]<UL><LI><a href="#[359]">&gt;&gt;</a>&nbsp;&nbsp;&nbsp;lv_obj_event_base
<LI><a href="#[28c]">&gt;&gt;</a>&nbsp;&nbsp;&nbsp;lv_event_get_target
<LI><a href="#[297]">&gt;&gt;</a>&nbsp;&nbsp;&nbsp;lv_event_get_code
<LI><a href="#[28f]">&gt;&gt;</a>&nbsp;&nbsp;&nbsp;lv_tabview_set_act
</UL>
<BR>[Address Reference Count : 1]<UL><LI> lv_tabview.o(.rodata.lv_tabview_class)
</UL>
<P><STRONG><a name="[11a]"></a>lv_tileview_constructor</STRONG> (Thumb, 64 bytes, Stack size 8 bytes, lv_tileview.o(.text.lv_tileview_constructor))
<BR><BR>[Stack]<UL><LI>Max Depth = 256<LI>Call Chain = lv_tileview_constructor &rArr; lv_obj_set_size &rArr; lv_obj_set_height &rArr; lv_obj_set_style_height &rArr; lv_obj_set_local_style_prop &rArr; lv_obj_refresh_style &rArr; lv_obj_refresh_ext_draw_size &rArr; lv_obj_invalidate &rArr; lv_obj_invalidate_area &rArr; _lv_inv_area &rArr; _lv_area_is_in &rArr; _lv_area_is_point_on
</UL>
<BR>[Calls]<UL><LI><a href="#[434]">&gt;&gt;</a>&nbsp;&nbsp;&nbsp;lv_obj_set_scroll_snap_y
<LI><a href="#[433]">&gt;&gt;</a>&nbsp;&nbsp;&nbsp;lv_obj_set_scroll_snap_x
<LI><a href="#[356]">&gt;&gt;</a>&nbsp;&nbsp;&nbsp;lv_obj_add_flag
<LI><a href="#[379]">&gt;&gt;</a>&nbsp;&nbsp;&nbsp;lv_obj_add_event_cb
<LI><a href="#[435]">&gt;&gt;</a>&nbsp;&nbsp;&nbsp;lv_obj_set_size
</UL>
<BR>[Address Reference Count : 1]<UL><LI> lv_tileview.o(.rodata.lv_tileview_class)
</UL>
<P><STRONG><a name="[11b]"></a>lv_tileview_tile_constructor</STRONG> (Thumb, 132 bytes, Stack size 32 bytes, lv_tileview.o(.text.lv_tileview_tile_constructor))
<BR><BR>[Stack]<UL><LI>Max Depth = 424<LI>Call Chain = lv_tileview_tile_constructor &rArr; lv_obj_update_layout &rArr; layout_update_core &rArr;  layout_update_core (Cycle)
</UL>
<BR>[Calls]<UL><LI><a href="#[432]">&gt;&gt;</a>&nbsp;&nbsp;&nbsp;lv_obj_set_scroll_dir
<LI><a href="#[232]">&gt;&gt;</a>&nbsp;&nbsp;&nbsp;lv_obj_update_layout
<LI><a href="#[292]">&gt;&gt;</a>&nbsp;&nbsp;&nbsp;lv_obj_get_content_width
<LI><a href="#[2c0]">&gt;&gt;</a>&nbsp;&nbsp;&nbsp;lv_obj_get_content_height
<LI><a href="#[28d]">&gt;&gt;</a>&nbsp;&nbsp;&nbsp;lv_obj_get_parent
<LI><a href="#[435]">&gt;&gt;</a>&nbsp;&nbsp;&nbsp;lv_obj_set_size
<LI><a href="#[431]">&gt;&gt;</a>&nbsp;&nbsp;&nbsp;lv_obj_set_pos
</UL>
<BR>[Address Reference Count : 1]<UL><LI> lv_tileview.o(.rodata.lv_tileview_tile_class)
</UL>
<P><STRONG><a name="[c2]"></a>tileview_event_cb</STRONG> (Thumb, 188 bytes, Stack size 32 bytes, lv_tileview.o(.text.tileview_event_cb))
<BR><BR>[Stack]<UL><LI>Max Depth = 144<LI>Call Chain = tileview_event_cb &rArr; lv_obj_set_scroll_dir &rArr; lv_obj_allocate_spec_attr &rArr; lv_mem_alloc &rArr; lv_tlsf_malloc &rArr; block_prepare_used &rArr; block_insert
</UL>
<BR>[Calls]<UL><LI><a href="#[432]">&gt;&gt;</a>&nbsp;&nbsp;&nbsp;lv_obj_set_scroll_dir
<LI><a href="#[298]">&gt;&gt;</a>&nbsp;&nbsp;&nbsp;lv_obj_get_scroll_end
<LI><a href="#[3b9]">&gt;&gt;</a>&nbsp;&nbsp;&nbsp;lv_obj_get_y
<LI><a href="#[41d]">&gt;&gt;</a>&nbsp;&nbsp;&nbsp;lv_obj_get_x
<LI><a href="#[292]">&gt;&gt;</a>&nbsp;&nbsp;&nbsp;lv_obj_get_content_width
<LI><a href="#[2c0]">&gt;&gt;</a>&nbsp;&nbsp;&nbsp;lv_obj_get_content_height
<LI><a href="#[28c]">&gt;&gt;</a>&nbsp;&nbsp;&nbsp;lv_event_get_target
<LI><a href="#[297]">&gt;&gt;</a>&nbsp;&nbsp;&nbsp;lv_event_get_code
<LI><a href="#[2f6]">&gt;&gt;</a>&nbsp;&nbsp;&nbsp;lv_obj_get_child_cnt
<LI><a href="#[287]">&gt;&gt;</a>&nbsp;&nbsp;&nbsp;lv_event_send
<LI><a href="#[293]">&gt;&gt;</a>&nbsp;&nbsp;&nbsp;lv_obj_get_child
</UL>
<BR>[Address Reference Count : 1]<UL><LI> lv_tileview.o(.text.lv_tileview_constructor)
</UL>
<P><STRONG><a name="[11c]"></a>lv_win_constructor</STRONG> (Thumb, 118 bytes, Stack size 16 bytes, lv_win.o(.text.lv_win_constructor))
<BR><BR>[Stack]<UL><LI>Max Depth = 272<LI>Call Chain = lv_win_constructor &rArr; lv_obj_create &rArr; lv_obj_class_init_obj &rArr; lv_theme_apply &rArr; lv_obj_remove_style &rArr; lv_obj_refresh_style &rArr; lv_obj_refresh_ext_draw_size &rArr; lv_obj_invalidate &rArr; lv_obj_invalidate_area &rArr; _lv_inv_area &rArr; _lv_area_is_in &rArr; _lv_area_is_point_on
</UL>
<BR>[Calls]<UL><LI><a href="#[96]">&gt;&gt;</a>&nbsp;&nbsp;&nbsp;lv_obj_get_width
<LI><a href="#[97]">&gt;&gt;</a>&nbsp;&nbsp;&nbsp;lv_obj_get_height
<LI><a href="#[28d]">&gt;&gt;</a>&nbsp;&nbsp;&nbsp;lv_obj_get_parent
<LI><a href="#[37a]">&gt;&gt;</a>&nbsp;&nbsp;&nbsp;lv_obj_set_width
<LI><a href="#[435]">&gt;&gt;</a>&nbsp;&nbsp;&nbsp;lv_obj_set_size
<LI><a href="#[38f]">&gt;&gt;</a>&nbsp;&nbsp;&nbsp;lv_obj_create
<LI><a href="#[37c]">&gt;&gt;</a>&nbsp;&nbsp;&nbsp;lv_obj_set_flex_grow
<LI><a href="#[37b]">&gt;&gt;</a>&nbsp;&nbsp;&nbsp;lv_obj_set_flex_flow
<LI><a href="#[42d]">&gt;&gt;</a>&nbsp;&nbsp;&nbsp;lv_obj_set_flex_align
</UL>
<BR>[Address Reference Count : 1]<UL><LI> lv_win.o(.rodata.lv_win_class)
</UL>
<P><STRONG><a name="[b4]"></a>disp_flush</STRONG> (Thumb, 42 bytes, Stack size 24 bytes, lv_port_disp.o(.text.disp_flush))
<BR><BR>[Stack]<UL><LI>Max Depth = 168<LI>Call Chain = disp_flush &rArr; LCD_Fill_DMA &rArr; LCD_Address_Set &rArr; LCD_WR_REG &rArr; HAL_SPI_Transmit &rArr; SPI_EndRxTxTransaction &rArr; SPI_WaitFlagStateUntilTimeout
</UL>
<BR>[Calls]<UL><LI><a href="#[1cb]">&gt;&gt;</a>&nbsp;&nbsp;&nbsp;LCD_Fill_DMA
<LI><a href="#[29e]">&gt;&gt;</a>&nbsp;&nbsp;&nbsp;lv_disp_flush_ready
</UL>
<BR>[Address Reference Count : 1]<UL><LI> lv_port_disp.o(.text.lv_port_disp_init)
</UL>
<P><STRONG><a name="[4d2]"></a>_printf_core</STRONG> (Thumb, 996 bytes, Stack size 104 bytes, printf8.o(i._printf_core), UNUSED)
<BR><BR>[Calls]<UL><LI><a href="#[4d3]">&gt;&gt;</a>&nbsp;&nbsp;&nbsp;_printf_pre_padding
<LI><a href="#[4d4]">&gt;&gt;</a>&nbsp;&nbsp;&nbsp;_printf_post_padding
<LI><a href="#[11f]">&gt;&gt;</a>&nbsp;&nbsp;&nbsp;__aeabi_uldivmod
</UL>
<BR>[Called By]<UL><LI><a href="#[4d1]">&gt;&gt;</a>&nbsp;&nbsp;&nbsp;__0snprintf$8
</UL>

<P><STRONG><a name="[4d4]"></a>_printf_post_padding</STRONG> (Thumb, 36 bytes, Stack size 24 bytes, printf8.o(i._printf_post_padding), UNUSED)
<BR><BR>[Called By]<UL><LI><a href="#[4d2]">&gt;&gt;</a>&nbsp;&nbsp;&nbsp;_printf_core
</UL>

<P><STRONG><a name="[4d3]"></a>_printf_pre_padding</STRONG> (Thumb, 46 bytes, Stack size 24 bytes, printf8.o(i._printf_pre_padding), UNUSED)
<BR><BR>[Called By]<UL><LI><a href="#[4d2]">&gt;&gt;</a>&nbsp;&nbsp;&nbsp;_printf_core
</UL>

<P><STRONG><a name="[cf]"></a>_snputc</STRONG> (Thumb, 22 bytes, Stack size 0 bytes, printf8.o(i._snputc))
<BR>[Address Reference Count : 1]<UL><LI> printf8.o(i.__0snprintf$8)
</UL><P>
<H3>
Undefined Global Symbols
</H3><HR></body></html>
