<!doctype html public "-//w3c//dtd html 4.0 transitional//en">
<html><head>
<title>Static Call Graph - [.\Cube_MX\Cube_MX.axf]</title></head>
<body><HR>
<H1>Static Call Graph for image .\Cube_MX\Cube_MX.axf</H1><HR>
<BR><P>#&#060CALLGRAPH&#062# ARM Linker, 6160001: Last Updated: Sun Feb  6 21:55:17 2022
<BR><P>
<H3>Maximum Stack Usage =       1812 bytes + Unknown(Functions without stacksize, Cycles, Untraceable Function Pointers)</H3><H3>
Call chain for Maximum Stack Depth:</H3>
lv_meter_event &rArr; lv_draw_arc &rArr; lv_draw_rect &rArr; lv_draw_img &rArr;  lv_draw_rect (Cycle)
<P>
<H3>
Functions with no stack information
</H3><UL>
 <LI><a href="#[13b]">__user_initial_stackheap</a>
</UL>
</UL>
<P>
<H3>
Mutually Recursive functions
</H3> <LI><a href="#[33]">ADC_IRQHandler</a>&nbsp;&nbsp;&nbsp;&rArr;&nbsp;&nbsp;&nbsp;<a href="#[33]">ADC_IRQHandler</a><BR>
 <LI><a href="#[248]">lv_obj_get_style_prop</a>&nbsp;&nbsp;&nbsp;&rArr;&nbsp;&nbsp;&nbsp;<a href="#[248]">lv_obj_get_style_prop</a><BR>
 <LI><a href="#[2aa]">event_send_core</a>&nbsp;&nbsp;&nbsp;&rArr;&nbsp;&nbsp;&nbsp;<a href="#[2aa]">event_send_core</a><BR>
 <LI><a href="#[27e]">lv_obj_move_children_by</a>&nbsp;&nbsp;&nbsp;&rArr;&nbsp;&nbsp;&nbsp;<a href="#[27e]">lv_obj_move_children_by</a><BR>
 <LI><a href="#[321]">layout_update_core</a>&nbsp;&nbsp;&nbsp;&rArr;&nbsp;&nbsp;&nbsp;<a href="#[321]">layout_update_core</a><BR>
 <LI><a href="#[299]">lv_draw_label</a>&nbsp;&nbsp;&nbsp;&rArr;&nbsp;&nbsp;&nbsp;<a href="#[294]">lv_draw_rect</a><BR>
 <LI><a href="#[2a4]">lv_draw_line</a>&nbsp;&nbsp;&nbsp;&rArr;&nbsp;&nbsp;&nbsp;<a href="#[294]">lv_draw_rect</a><BR>
 <LI><a href="#[36b]">lv_draw_img</a>&nbsp;&nbsp;&nbsp;&rArr;&nbsp;&nbsp;&nbsp;<a href="#[294]">lv_draw_rect</a><BR>
 <LI><a href="#[408]">lv_refr_obj</a>&nbsp;&nbsp;&nbsp;&rArr;&nbsp;&nbsp;&nbsp;<a href="#[408]">lv_refr_obj</a><BR>
 <LI><a href="#[406]">lv_refr_get_top_obj</a>&nbsp;&nbsp;&nbsp;&rArr;&nbsp;&nbsp;&nbsp;<a href="#[406]">lv_refr_get_top_obj</a><BR>
 <LI><a href="#[3a5]">lv_textarea_add_text</a>&nbsp;&nbsp;&nbsp;&rArr;&nbsp;&nbsp;&nbsp;<a href="#[3a5]">lv_textarea_add_text</a><BR>
 <LI><a href="#[3a6]">lv_textarea_add_char</a>&nbsp;&nbsp;&nbsp;&rArr;&nbsp;&nbsp;&nbsp;<a href="#[3a5]">lv_textarea_add_text</a><BR>
 <LI><a href="#[259]">_vsnprintf</a>&nbsp;&nbsp;&nbsp;&rArr;&nbsp;&nbsp;&nbsp;<a href="#[259]">_vsnprintf</a><BR>
 <LI><a href="#[3ec]">refresh_children_style</a>&nbsp;&nbsp;&nbsp;&rArr;&nbsp;&nbsp;&nbsp;<a href="#[3ec]">refresh_children_style</a><BR>
 <LI><a href="#[3d3]">lv_obj_construct</a>&nbsp;&nbsp;&nbsp;&rArr;&nbsp;&nbsp;&nbsp;<a href="#[3d3]">lv_obj_construct</a><BR>
 <LI><a href="#[25c]">apply_theme</a>&nbsp;&nbsp;&nbsp;&rArr;&nbsp;&nbsp;&nbsp;<a href="#[25c]">apply_theme</a><BR>
 <LI><a href="#[3f1]">report_style_change_core</a>&nbsp;&nbsp;&nbsp;&rArr;&nbsp;&nbsp;&nbsp;<a href="#[3f1]">report_style_change_core</a><BR>
 <LI><a href="#[3d6]">obj_del_core</a>&nbsp;&nbsp;&nbsp;&rArr;&nbsp;&nbsp;&nbsp;<a href="#[3d6]">obj_del_core</a><BR>
</UL>
<P>
<H3>
Function Pointers
</H3><UL>
 <LI><a href="#[33]">ADC_IRQHandler</a> from startup_stm32f405xx.o(.text) referenced from startup_stm32f405xx.o(RESET)
 <LI><a href="#[1b]">BusFault_Handler</a> from stm32f4xx_it.o(.text.BusFault_Handler) referenced from startup_stm32f405xx.o(RESET)
 <LI><a href="#[35]">CAN1_RX0_IRQHandler</a> from startup_stm32f405xx.o(.text) referenced from startup_stm32f405xx.o(RESET)
 <LI><a href="#[36]">CAN1_RX1_IRQHandler</a> from startup_stm32f405xx.o(.text) referenced from startup_stm32f405xx.o(RESET)
 <LI><a href="#[37]">CAN1_SCE_IRQHandler</a> from startup_stm32f405xx.o(.text) referenced from startup_stm32f405xx.o(RESET)
 <LI><a href="#[34]">CAN1_TX_IRQHandler</a> from startup_stm32f405xx.o(.text) referenced from startup_stm32f405xx.o(RESET)
 <LI><a href="#[5f]">CAN2_RX0_IRQHandler</a> from startup_stm32f405xx.o(.text) referenced from startup_stm32f405xx.o(RESET)
 <LI><a href="#[60]">CAN2_RX1_IRQHandler</a> from startup_stm32f405xx.o(.text) referenced from startup_stm32f405xx.o(RESET)
 <LI><a href="#[61]">CAN2_SCE_IRQHandler</a> from startup_stm32f405xx.o(.text) referenced from startup_stm32f405xx.o(RESET)
 <LI><a href="#[5e]">CAN2_TX_IRQHandler</a> from startup_stm32f405xx.o(.text) referenced from startup_stm32f405xx.o(RESET)
 <LI><a href="#[2c]">DMA1_Stream0_IRQHandler</a> from startup_stm32f405xx.o(.text) referenced from startup_stm32f405xx.o(RESET)
 <LI><a href="#[2d]">DMA1_Stream1_IRQHandler</a> from stm32f4xx_it.o(.text.DMA1_Stream1_IRQHandler) referenced from startup_stm32f405xx.o(RESET)
 <LI><a href="#[2e]">DMA1_Stream2_IRQHandler</a> from startup_stm32f405xx.o(.text) referenced from startup_stm32f405xx.o(RESET)
 <LI><a href="#[2f]">DMA1_Stream3_IRQHandler</a> from stm32f4xx_it.o(.text.DMA1_Stream3_IRQHandler) referenced from startup_stm32f405xx.o(RESET)
 <LI><a href="#[30]">DMA1_Stream4_IRQHandler</a> from startup_stm32f405xx.o(.text) referenced from startup_stm32f405xx.o(RESET)
 <LI><a href="#[31]">DMA1_Stream5_IRQHandler</a> from startup_stm32f405xx.o(.text) referenced from startup_stm32f405xx.o(RESET)
 <LI><a href="#[32]">DMA1_Stream6_IRQHandler</a> from startup_stm32f405xx.o(.text) referenced from startup_stm32f405xx.o(RESET)
 <LI><a href="#[50]">DMA1_Stream7_IRQHandler</a> from startup_stm32f405xx.o(.text) referenced from startup_stm32f405xx.o(RESET)
 <LI><a href="#[59]">DMA2_Stream0_IRQHandler</a> from startup_stm32f405xx.o(.text) referenced from startup_stm32f405xx.o(RESET)
 <LI><a href="#[5a]">DMA2_Stream1_IRQHandler</a> from startup_stm32f405xx.o(.text) referenced from startup_stm32f405xx.o(RESET)
 <LI><a href="#[5b]">DMA2_Stream2_IRQHandler</a> from stm32f4xx_it.o(.text.DMA2_Stream2_IRQHandler) referenced from startup_stm32f405xx.o(RESET)
 <LI><a href="#[5c]">DMA2_Stream3_IRQHandler</a> from stm32f4xx_it.o(.text.DMA2_Stream3_IRQHandler) referenced from startup_stm32f405xx.o(RESET)
 <LI><a href="#[5d]">DMA2_Stream4_IRQHandler</a> from startup_stm32f405xx.o(.text) referenced from startup_stm32f405xx.o(RESET)
 <LI><a href="#[63]">DMA2_Stream5_IRQHandler</a> from startup_stm32f405xx.o(.text) referenced from startup_stm32f405xx.o(RESET)
 <LI><a href="#[64]">DMA2_Stream6_IRQHandler</a> from startup_stm32f405xx.o(.text) referenced from startup_stm32f405xx.o(RESET)
 <LI><a href="#[65]">DMA2_Stream7_IRQHandler</a> from stm32f4xx_it.o(.text.DMA2_Stream7_IRQHandler) referenced from startup_stm32f405xx.o(RESET)
 <LI><a href="#[1e]">DebugMon_Handler</a> from stm32f4xx_it.o(.text.DebugMon_Handler) referenced from startup_stm32f405xx.o(RESET)
 <LI><a href="#[27]">EXTI0_IRQHandler</a> from bsp_interface.o(.text.EXTI0_IRQHandler) referenced from startup_stm32f405xx.o(RESET)
 <LI><a href="#[49]">EXTI15_10_IRQHandler</a> from startup_stm32f405xx.o(.text) referenced from startup_stm32f405xx.o(RESET)
 <LI><a href="#[28]">EXTI1_IRQHandler</a> from startup_stm32f405xx.o(.text) referenced from startup_stm32f405xx.o(RESET)
 <LI><a href="#[29]">EXTI2_IRQHandler</a> from bsp_interface.o(.text.EXTI2_IRQHandler) referenced from startup_stm32f405xx.o(RESET)
 <LI><a href="#[2a]">EXTI3_IRQHandler</a> from stm32f4xx_it.o(.text.EXTI3_IRQHandler) referenced from startup_stm32f405xx.o(RESET)
 <LI><a href="#[2b]">EXTI4_IRQHandler</a> from startup_stm32f405xx.o(.text) referenced from startup_stm32f405xx.o(RESET)
 <LI><a href="#[38]">EXTI9_5_IRQHandler</a> from stm32f4xx_it.o(.text.EXTI9_5_IRQHandler) referenced from startup_stm32f405xx.o(RESET)
 <LI><a href="#[25]">FLASH_IRQHandler</a> from startup_stm32f405xx.o(.text) referenced from startup_stm32f405xx.o(RESET)
 <LI><a href="#[51]">FMC_IRQHandler</a> from startup_stm32f405xx.o(.text) referenced from startup_stm32f405xx.o(RESET)
 <LI><a href="#[6e]">FPU_IRQHandler</a> from startup_stm32f405xx.o(.text) referenced from startup_stm32f405xx.o(RESET)
 <LI><a href="#[6d]">HASH_RNG_IRQHandler</a> from startup_stm32f405xx.o(.text) referenced from startup_stm32f405xx.o(RESET)
 <LI><a href="#[19]">HardFault_Handler</a> from stm32f4xx_it.o(.text.HardFault_Handler) referenced from startup_stm32f405xx.o(RESET)
 <LI><a href="#[41]">I2C1_ER_IRQHandler</a> from startup_stm32f405xx.o(.text) referenced from startup_stm32f405xx.o(RESET)
 <LI><a href="#[40]">I2C1_EV_IRQHandler</a> from startup_stm32f405xx.o(.text) referenced from startup_stm32f405xx.o(RESET)
 <LI><a href="#[43]">I2C2_ER_IRQHandler</a> from startup_stm32f405xx.o(.text) referenced from startup_stm32f405xx.o(RESET)
 <LI><a href="#[42]">I2C2_EV_IRQHandler</a> from startup_stm32f405xx.o(.text) referenced from startup_stm32f405xx.o(RESET)
 <LI><a href="#[68]">I2C3_ER_IRQHandler</a> from startup_stm32f405xx.o(.text) referenced from startup_stm32f405xx.o(RESET)
 <LI><a href="#[67]">I2C3_EV_IRQHandler</a> from startup_stm32f405xx.o(.text) referenced from startup_stm32f405xx.o(RESET)
 <LI><a href="#[1a]">MemManage_Handler</a> from stm32f4xx_it.o(.text.MemManage_Handler) referenced from startup_stm32f405xx.o(RESET)
 <LI><a href="#[18]">NMI_Handler</a> from stm32f4xx_it.o(.text.NMI_Handler) referenced from startup_stm32f405xx.o(RESET)
 <LI><a href="#[62]">OTG_FS_IRQHandler</a> from stm32f4xx_it.o(.text.OTG_FS_IRQHandler) referenced from startup_stm32f405xx.o(RESET)
 <LI><a href="#[4b]">OTG_FS_WKUP_IRQHandler</a> from startup_stm32f405xx.o(.text) referenced from startup_stm32f405xx.o(RESET)
 <LI><a href="#[6a]">OTG_HS_EP1_IN_IRQHandler</a> from startup_stm32f405xx.o(.text) referenced from startup_stm32f405xx.o(RESET)
 <LI><a href="#[69]">OTG_HS_EP1_OUT_IRQHandler</a> from startup_stm32f405xx.o(.text) referenced from startup_stm32f405xx.o(RESET)
 <LI><a href="#[6c]">OTG_HS_IRQHandler</a> from startup_stm32f405xx.o(.text) referenced from startup_stm32f405xx.o(RESET)
 <LI><a href="#[6b]">OTG_HS_WKUP_IRQHandler</a> from startup_stm32f405xx.o(.text) referenced from startup_stm32f405xx.o(RESET)
 <LI><a href="#[22]">PVD_IRQHandler</a> from startup_stm32f405xx.o(.text) referenced from startup_stm32f405xx.o(RESET)
 <LI><a href="#[1f]">PendSV_Handler</a> from port.o(.text.PendSV_Handler) referenced from startup_stm32f405xx.o(RESET)
 <LI><a href="#[26]">RCC_IRQHandler</a> from startup_stm32f405xx.o(.text) referenced from startup_stm32f405xx.o(RESET)
 <LI><a href="#[4a]">RTC_Alarm_IRQHandler</a> from startup_stm32f405xx.o(.text) referenced from startup_stm32f405xx.o(RESET)
 <LI><a href="#[24]">RTC_WKUP_IRQHandler</a> from startup_stm32f405xx.o(.text) referenced from startup_stm32f405xx.o(RESET)
 <LI><a href="#[17]">Reset_Handler</a> from startup_stm32f405xx.o(.text) referenced from startup_stm32f405xx.o(RESET)
 <LI><a href="#[52]">SDIO_IRQHandler</a> from startup_stm32f405xx.o(.text) referenced from startup_stm32f405xx.o(RESET)
 <LI><a href="#[44]">SPI1_IRQHandler</a> from startup_stm32f405xx.o(.text) referenced from startup_stm32f405xx.o(RESET)
 <LI><a href="#[45]">SPI2_IRQHandler</a> from startup_stm32f405xx.o(.text) referenced from startup_stm32f405xx.o(RESET)
 <LI><a href="#[54]">SPI3_IRQHandler</a> from startup_stm32f405xx.o(.text) referenced from startup_stm32f405xx.o(RESET)
 <LI><a href="#[75]">SPI_DMAError</a> from stm32f4xx_hal_spi.o(.text.SPI_DMAError) referenced 2 times from stm32f4xx_hal_spi.o(.text.HAL_SPI_Transmit_DMA)
 <LI><a href="#[73]">SPI_DMAHalfTransmitCplt</a> from stm32f4xx_hal_spi.o(.text.SPI_DMAHalfTransmitCplt) referenced 2 times from stm32f4xx_hal_spi.o(.text.HAL_SPI_Transmit_DMA)
 <LI><a href="#[74]">SPI_DMATransmitCplt</a> from stm32f4xx_hal_spi.o(.text.SPI_DMATransmitCplt) referenced 2 times from stm32f4xx_hal_spi.o(.text.HAL_SPI_Transmit_DMA)
 <LI><a href="#[1d]">SVC_Handler</a> from port.o(.text.SVC_Handler) referenced from startup_stm32f405xx.o(RESET)
 <LI><a href="#[20]">SysTick_Handler</a> from stm32f4xx_it.o(.text.SysTick_Handler) referenced from startup_stm32f405xx.o(RESET)
 <LI><a href="#[6f]">SystemInit</a> from system_stm32f4xx.o(.text.SystemInit) referenced from startup_stm32f405xx.o(.text)
 <LI><a href="#[23]">TAMP_STAMP_IRQHandler</a> from startup_stm32f405xx.o(.text) referenced from startup_stm32f405xx.o(RESET)
 <LI><a href="#[39]">TIM1_BRK_TIM9_IRQHandler</a> from startup_stm32f405xx.o(.text) referenced from startup_stm32f405xx.o(RESET)
 <LI><a href="#[3c]">TIM1_CC_IRQHandler</a> from startup_stm32f405xx.o(.text) referenced from startup_stm32f405xx.o(RESET)
 <LI><a href="#[3b]">TIM1_TRG_COM_TIM11_IRQHandler</a> from startup_stm32f405xx.o(.text) referenced from startup_stm32f405xx.o(RESET)
 <LI><a href="#[3a]">TIM1_UP_TIM10_IRQHandler</a> from stm32f4xx_it.o(.text.TIM1_UP_TIM10_IRQHandler) referenced from startup_stm32f405xx.o(RESET)
 <LI><a href="#[3d]">TIM2_IRQHandler</a> from startup_stm32f405xx.o(.text) referenced from startup_stm32f405xx.o(RESET)
 <LI><a href="#[3e]">TIM3_IRQHandler</a> from startup_stm32f405xx.o(.text) referenced from startup_stm32f405xx.o(RESET)
 <LI><a href="#[3f]">TIM4_IRQHandler</a> from stm32f4xx_it.o(.text.TIM4_IRQHandler) referenced from startup_stm32f405xx.o(RESET)
 <LI><a href="#[53]">TIM5_IRQHandler</a> from startup_stm32f405xx.o(.text) referenced from startup_stm32f405xx.o(RESET)
 <LI><a href="#[57]">TIM6_DAC_IRQHandler</a> from startup_stm32f405xx.o(.text) referenced from startup_stm32f405xx.o(RESET)
 <LI><a href="#[58]">TIM7_IRQHandler</a> from startup_stm32f405xx.o(.text) referenced from startup_stm32f405xx.o(RESET)
 <LI><a href="#[4c]">TIM8_BRK_TIM12_IRQHandler</a> from startup_stm32f405xx.o(.text) referenced from startup_stm32f405xx.o(RESET)
 <LI><a href="#[4f]">TIM8_CC_IRQHandler</a> from startup_stm32f405xx.o(.text) referenced from startup_stm32f405xx.o(RESET)
 <LI><a href="#[4e]">TIM8_TRG_COM_TIM14_IRQHandler</a> from startup_stm32f405xx.o(.text) referenced from startup_stm32f405xx.o(RESET)
 <LI><a href="#[4d]">TIM8_UP_TIM13_IRQHandler</a> from startup_stm32f405xx.o(.text) referenced from startup_stm32f405xx.o(RESET)
 <LI><a href="#[55]">UART4_IRQHandler</a> from startup_stm32f405xx.o(.text) referenced from startup_stm32f405xx.o(RESET)
 <LI><a href="#[56]">UART5_IRQHandler</a> from startup_stm32f405xx.o(.text) referenced from startup_stm32f405xx.o(RESET)
 <LI><a href="#[76]">UART_DMAAbortOnError</a> from stm32f4xx_hal_uart.o(.text.UART_DMAAbortOnError) referenced 2 times from stm32f4xx_hal_uart.o(.text.HAL_UART_IRQHandler)
 <LI><a href="#[77]">UART_DMAError</a> from stm32f4xx_hal_uart.o(.text.UART_DMAError) referenced 2 times from stm32f4xx_hal_uart.o(.text.HAL_UART_Transmit_DMA)
 <LI><a href="#[78]">UART_DMATransmitCplt</a> from stm32f4xx_hal_uart.o(.text.UART_DMATransmitCplt) referenced 2 times from stm32f4xx_hal_uart.o(.text.HAL_UART_Transmit_DMA)
 <LI><a href="#[79]">UART_DMATxHalfCplt</a> from stm32f4xx_hal_uart.o(.text.UART_DMATxHalfCplt) referenced 2 times from stm32f4xx_hal_uart.o(.text.HAL_UART_Transmit_DMA)
 <LI><a href="#[46]">USART1_IRQHandler</a> from stm32f4xx_it.o(.text.USART1_IRQHandler) referenced from startup_stm32f405xx.o(RESET)
 <LI><a href="#[47]">USART2_IRQHandler</a> from startup_stm32f405xx.o(.text) referenced from startup_stm32f405xx.o(RESET)
 <LI><a href="#[48]">USART3_IRQHandler</a> from stm32f4xx_it.o(.text.USART3_IRQHandler) referenced from startup_stm32f405xx.o(RESET)
 <LI><a href="#[66]">USART6_IRQHandler</a> from startup_stm32f405xx.o(.text) referenced from startup_stm32f405xx.o(RESET)
 <LI><a href="#[7]">USBD_FS_ConfigStrDescriptor</a> from usbd_desc.o(.text.USBD_FS_ConfigStrDescriptor) referenced 2 times from usbd_desc.o(.data.FS_Desc)
 <LI><a href="#[2]">USBD_FS_DeviceDescriptor</a> from usbd_desc.o(.text.USBD_FS_DeviceDescriptor) referenced 2 times from usbd_desc.o(.data.FS_Desc)
 <LI><a href="#[8]">USBD_FS_InterfaceStrDescriptor</a> from usbd_desc.o(.text.USBD_FS_InterfaceStrDescriptor) referenced 2 times from usbd_desc.o(.data.FS_Desc)
 <LI><a href="#[3]">USBD_FS_LangIDStrDescriptor</a> from usbd_desc.o(.text.USBD_FS_LangIDStrDescriptor) referenced 2 times from usbd_desc.o(.data.FS_Desc)
 <LI><a href="#[4]">USBD_FS_ManufacturerStrDescriptor</a> from usbd_desc.o(.text.USBD_FS_ManufacturerStrDescriptor) referenced 2 times from usbd_desc.o(.data.FS_Desc)
 <LI><a href="#[5]">USBD_FS_ProductStrDescriptor</a> from usbd_desc.o(.text.USBD_FS_ProductStrDescriptor) referenced 2 times from usbd_desc.o(.data.FS_Desc)
 <LI><a href="#[6]">USBD_FS_SerialStrDescriptor</a> from usbd_desc.o(.text.USBD_FS_SerialStrDescriptor) referenced 2 times from usbd_desc.o(.data.FS_Desc)
 <LI><a href="#[c]">USBD_HID_DataIn</a> from usbd_hid.o(.text.USBD_HID_DataIn) referenced 2 times from usbd_hid.o(.data.USBD_HID)
 <LI><a href="#[d]">USBD_HID_DataOut</a> from usbd_hid.o(.text.USBD_HID_DataOut) referenced 2 times from usbd_hid.o(.data.USBD_HID)
 <LI><a href="#[a]">USBD_HID_DeInit</a> from usbd_hid.o(.text.USBD_HID_DeInit) referenced 2 times from usbd_hid.o(.data.USBD_HID)
 <LI><a href="#[11]">USBD_HID_GetDeviceQualifierDesc</a> from usbd_hid.o(.text.USBD_HID_GetDeviceQualifierDesc) referenced 2 times from usbd_hid.o(.data.USBD_HID)
 <LI><a href="#[f]">USBD_HID_GetFSCfgDesc</a> from usbd_hid.o(.text.USBD_HID_GetFSCfgDesc) referenced 2 times from usbd_hid.o(.data.USBD_HID)
 <LI><a href="#[e]">USBD_HID_GetHSCfgDesc</a> from usbd_hid.o(.text.USBD_HID_GetHSCfgDesc) referenced 2 times from usbd_hid.o(.data.USBD_HID)
 <LI><a href="#[10]">USBD_HID_GetOtherSpeedCfgDesc</a> from usbd_hid.o(.text.USBD_HID_GetOtherSpeedCfgDesc) referenced 2 times from usbd_hid.o(.data.USBD_HID)
 <LI><a href="#[9]">USBD_HID_Init</a> from usbd_hid.o(.text.USBD_HID_Init) referenced 2 times from usbd_hid.o(.data.USBD_HID)
 <LI><a href="#[b]">USBD_HID_Setup</a> from usbd_hid.o(.text.USBD_HID_Setup) referenced 2 times from usbd_hid.o(.data.USBD_HID)
 <LI><a href="#[1c]">UsageFault_Handler</a> from stm32f4xx_it.o(.text.UsageFault_Handler) referenced from startup_stm32f405xx.o(RESET)
 <LI><a href="#[21]">WWDG_IRQHandler</a> from startup_stm32f405xx.o(.text) referenced from startup_stm32f405xx.o(RESET)
 <LI><a href="#[70]">__main</a> from __main.o(!!!main) referenced from startup_stm32f405xx.o(.text)
 <LI><a href="#[a1]">_lv_disp_refr_timer</a> from lv_refr.o(.text._lv_disp_refr_timer) referenced 2 times from lv_hal_disp.o(.text.lv_disp_drv_register)
 <LI><a href="#[b3]">_out_buffer</a> from lv_printf.o(.text._out_buffer) referenced 2 times from lv_printf.o(.text.lv_snprintf)
 <LI><a href="#[b3]">_out_buffer</a> from lv_printf.o(.text._out_buffer) referenced 2 times from lv_printf.o(.text.lv_vsnprintf)
 <LI><a href="#[84]">_out_null</a> from lv_printf.o(.text._out_null) referenced 2 times from lv_printf.o(.text._vsnprintf)
 <LI><a href="#[72]">_printf_input_char</a> from _printf_char_common.o(.text) referenced from _printf_char_common.o(.text)
 <LI><a href="#[71]">_snputc</a> from _snputc.o(.text) referenced from noretval__2snprintf.o(.text)
 <LI><a href="#[7a]">anim_timer</a> from lv_anim.o(.text.anim_timer) referenced 2 times from lv_anim.o(.text._lv_anim_core_init)
 <LI><a href="#[b4]">arc_anim_end_angle</a> from lv_spinner.o(.text.arc_anim_end_angle) referenced 2 times from lv_spinner.o(.text.lv_spinner_constructor)
 <LI><a href="#[b6]">arc_anim_start_angle</a> from lv_spinner.o(.text.arc_anim_start_angle) referenced 2 times from lv_spinner.o(.text.lv_spinner_constructor)
 <LI><a href="#[85]">bm2166_transmit</a> from bsp_bm2166.o(.text.bm2166_transmit) referenced 2 times from bsp_bm2166.o(.text.bm2166_init)
 <LI><a href="#[b9]">btns_value_changed_event_cb</a> from lv_tabview.o(.text.btns_value_changed_event_cb) referenced 2 times from lv_tabview.o(.text.lv_tabview_constructor)
 <LI><a href="#[7c]">color_blend_true_color_additive</a> from lv_draw_blend.o(.text.color_blend_true_color_additive) referenced 2 times from lv_draw_blend.o(.text._lv_blend_fill)
 <LI><a href="#[7c]">color_blend_true_color_additive</a> from lv_draw_blend.o(.text.color_blend_true_color_additive) referenced 2 times from lv_draw_blend.o(.text._lv_blend_map)
 <LI><a href="#[7b]">color_blend_true_color_subtractive</a> from lv_draw_blend.o(.text.color_blend_true_color_subtractive) referenced 2 times from lv_draw_blend.o(.text._lv_blend_fill)
 <LI><a href="#[7b]">color_blend_true_color_subtractive</a> from lv_draw_blend.o(.text.color_blend_true_color_subtractive) referenced 2 times from lv_draw_blend.o(.text._lv_blend_map)
 <LI><a href="#[ba]">cont_scroll_end_event_cb</a> from lv_tabview.o(.text.cont_scroll_end_event_cb) referenced 2 times from lv_tabview.o(.text.lv_tabview_constructor)
 <LI><a href="#[be]">cursor_blink_anim_cb</a> from lv_textarea.o(.text.cursor_blink_anim_cb) referenced 4 times from lv_textarea.o(.text.lv_textarea_constructor)
 <LI><a href="#[be]">cursor_blink_anim_cb</a> from lv_textarea.o(.text.cursor_blink_anim_cb) referenced 6 times from lv_textarea.o(.text.lv_textarea_event)
 <LI><a href="#[be]">cursor_blink_anim_cb</a> from lv_textarea.o(.text.cursor_blink_anim_cb) referenced 4 times from lv_textarea.o(.text.lv_textarea_set_cursor_pos)
 <LI><a href="#[c9]">dark_color_filter_cb</a> from lv_theme_default.o(.text.dark_color_filter_cb) referenced 2 times from lv_theme_default.o(.text.style_init)
 <LI><a href="#[c1]">default_walker</a> from lv_tlsf.o(.text.default_walker) referenced 2 times from lv_tlsf.o(.text.lv_tlsf_walk_pool)
 <LI><a href="#[b1]">disp_flush</a> from lv_port_disp.o(.text.disp_flush) referenced 2 times from lv_port_disp.o(.text.lv_port_disp_init)
 <LI><a href="#[a0]">draw_part_begin_event_cb</a> from lv_calendar.o(.text.draw_part_begin_event_cb) referenced 2 times from lv_calendar.o(.text.lv_calendar_constructor)
 <LI><a href="#[89]">esp32_power_set</a> from bsp_interface.o(.text.esp32_power_set) referenced 2 times from bsp_interface.o(.text.bsp_interface_init)
 <LI><a href="#[cc]">flash_task</a> from flash_task.o(.text.flash_task) referenced from flash_task.o(.rodata..L__const.flash_task_creat.os_thread_def_flash_task_t)
 <LI><a href="#[a5]">flex_update</a> from lv_flex.o(.text.flex_update) referenced 2 times from lv_flex.o(.text.lv_flex_init)
 <LI><a href="#[9a]">get_click_state_num_clark</a> from key_task.o(.text.get_click_state_num_clark) referenced 2 times from key_task.o(.text.key_scan_task)
 <LI><a href="#[9a]">get_click_state_num_clark</a> from key_task.o(.text.get_click_state_num_clark) referenced 2 times from key_task.o(.text.key_scanf_for_standby)
 <LI><a href="#[ca]">grey_filter_cb</a> from lv_theme_default.o(.text.grey_filter_cb) referenced 2 times from lv_theme_default.o(.text.style_init)
 <LI><a href="#[a8]">grid_update</a> from lv_grid.o(.text.grid_update) referenced 2 times from lv_grid.o(.text.lv_grid_init)
 <LI><a href="#[a7]">kern_pair_16_compare</a> from lv_font_fmt_txt.o(.text.kern_pair_16_compare) referenced 2 times from lv_font_fmt_txt.o(.text.lv_font_get_glyph_dsc_fmt_txt)
 <LI><a href="#[a6]">kern_pair_8_compare</a> from lv_font_fmt_txt.o(.text.kern_pair_8_compare) referenced 2 times from lv_font_fmt_txt.o(.text.lv_font_get_glyph_dsc_fmt_txt)
 <LI><a href="#[cd]">key_scan_task</a> from key_task.o(.text.key_scan_task) referenced from key_task.o(.rodata..L__const.key_task_creat.os_thread_def_key_task)
 <LI><a href="#[ce]">keyboard_task</a> from keyboard_task.o(.text.keyboard_task) referenced from keyboard_task.o(.rodata..L__const.keyboard_task_creat.os_thread_def_keyboard_task_t)
 <LI><a href="#[86]">led_power_set</a> from bsp_interface.o(.text.led_power_set) referenced 2 times from bsp_interface.o(.text.bsp_interface_init)
 <LI><a href="#[b5]">lv_anim_path_ease_in_out</a> from lv_anim.o(.text.lv_anim_path_ease_in_out) referenced 2 times from lv_spinner.o(.text.lv_spinner_constructor)
 <LI><a href="#[b0]">lv_anim_path_ease_out</a> from lv_anim.o(.text.lv_anim_path_ease_out) referenced 2 times from lv_obj_scroll.o(.text.lv_obj_scroll_by)
 <LI><a href="#[b0]">lv_anim_path_ease_out</a> from lv_anim.o(.text.lv_anim_path_ease_out) referenced 2 times from lv_roller.o(.text.refr_position)
 <LI><a href="#[9b]">lv_anim_path_linear</a> from lv_anim.o(.text.lv_anim_path_linear) referenced 2 times from lv_anim.o(.text.lv_anim_init)
 <LI><a href="#[9b]">lv_anim_path_linear</a> from lv_anim.o(.text.lv_anim_path_linear) referenced 2 times from lv_style.o(.text.lv_style_transition_dsc_init)
 <LI><a href="#[9b]">lv_anim_path_linear</a> from lv_anim.o(.text.lv_anim_path_linear) referenced 2 times from lv_theme_default.o(.text.style_init)
 <LI><a href="#[bc]">lv_anim_path_step</a> from lv_anim.o(.text.lv_anim_path_step) referenced 2 times from lv_textarea.o(.text.lv_textarea_add_char)
 <LI><a href="#[bc]">lv_anim_path_step</a> from lv_anim.o(.text.lv_anim_path_step) referenced 2 times from lv_textarea.o(.text.lv_textarea_add_text)
 <LI><a href="#[bc]">lv_anim_path_step</a> from lv_anim.o(.text.lv_anim_path_step) referenced 2 times from lv_textarea.o(.text.lv_textarea_constructor)
 <LI><a href="#[bc]">lv_anim_path_step</a> from lv_anim.o(.text.lv_anim_path_step) referenced 2 times from lv_textarea.o(.text.lv_textarea_event)
 <LI><a href="#[bc]">lv_anim_path_step</a> from lv_anim.o(.text.lv_anim_path_step) referenced 2 times from lv_textarea.o(.text.lv_textarea_set_cursor_pos)
 <LI><a href="#[bc]">lv_anim_path_step</a> from lv_anim.o(.text.lv_anim_path_step) referenced 2 times from lv_textarea.o(.text.lv_textarea_set_text)
 <LI><a href="#[d5]">lv_arc_constructor</a> from lv_arc.o(.text.lv_arc_constructor) referenced from lv_arc.o(.rodata.lv_arc_class)
 <LI><a href="#[d6]">lv_arc_event</a> from lv_arc.o(.text.lv_arc_event) referenced from lv_arc.o(.rodata.lv_arc_class)
 <LI><a href="#[93]">lv_area_get_height</a> from lv_flex.o(.text.lv_area_get_height) referenced 2 times from lv_flex.o(.text.children_repos)
 <LI><a href="#[9c]">lv_area_get_height</a> from lv_bar.o(.text.lv_area_get_height) referenced 2 times from lv_bar.o(.text.lv_bar_event)
 <LI><a href="#[94]">lv_area_get_width</a> from lv_flex.o(.text.lv_area_get_width) referenced 4 times from lv_flex.o(.text.children_repos)
 <LI><a href="#[9d]">lv_area_get_width</a> from lv_bar.o(.text.lv_area_get_width) referenced 2 times from lv_bar.o(.text.lv_bar_event)
 <LI><a href="#[96]">lv_area_set_height</a> from lv_area.o(.text.lv_area_set_height) referenced 2 times from lv_flex.o(.text.children_repos)
 <LI><a href="#[95]">lv_area_set_width</a> from lv_area.o(.text.lv_area_set_width) referenced 2 times from lv_flex.o(.text.children_repos)
 <LI><a href="#[9e]">lv_bar_anim</a> from lv_bar.o(.text.lv_bar_anim) referenced 2 times from lv_bar.o(.text.lv_bar_set_start_value)
 <LI><a href="#[9e]">lv_bar_anim</a> from lv_bar.o(.text.lv_bar_anim) referenced 2 times from lv_bar.o(.text.lv_bar_set_value)
 <LI><a href="#[9f]">lv_bar_anim_ready</a> from lv_bar.o(.text.lv_bar_anim_ready) referenced 2 times from lv_bar.o(.text.lv_bar_set_start_value)
 <LI><a href="#[9f]">lv_bar_anim_ready</a> from lv_bar.o(.text.lv_bar_anim_ready) referenced 2 times from lv_bar.o(.text.lv_bar_set_value)
 <LI><a href="#[d7]">lv_bar_constructor</a> from lv_bar.o(.text.lv_bar_constructor) referenced from lv_bar.o(.rodata.lv_bar_class)
 <LI><a href="#[d8]">lv_bar_destructor</a> from lv_bar.o(.text.lv_bar_destructor) referenced from lv_bar.o(.rodata.lv_bar_class)
 <LI><a href="#[d9]">lv_bar_event</a> from lv_bar.o(.text.lv_bar_event) referenced from lv_bar.o(.rodata.lv_bar_class)
 <LI><a href="#[da]">lv_btn_constructor</a> from lv_btn.o(.text.lv_btn_constructor) referenced from lv_btn.o(.rodata.lv_btn_class)
 <LI><a href="#[db]">lv_btnmatrix_constructor</a> from lv_btnmatrix.o(.text.lv_btnmatrix_constructor) referenced from lv_btnmatrix.o(.rodata.lv_btnmatrix_class)
 <LI><a href="#[dc]">lv_btnmatrix_destructor</a> from lv_btnmatrix.o(.text.lv_btnmatrix_destructor) referenced from lv_btnmatrix.o(.rodata.lv_btnmatrix_class)
 <LI><a href="#[dd]">lv_btnmatrix_event</a> from lv_btnmatrix.o(.text.lv_btnmatrix_event) referenced from lv_btnmatrix.o(.rodata.lv_btnmatrix_class)
 <LI><a href="#[de]">lv_calendar_constructor</a> from lv_calendar.o(.text.lv_calendar_constructor) referenced from lv_calendar.o(.rodata.lv_calendar_class)
 <LI><a href="#[e1]">lv_chart_constructor</a> from lv_chart.o(.text.lv_chart_constructor) referenced from lv_chart.o(.rodata.lv_chart_class)
 <LI><a href="#[e2]">lv_chart_destructor</a> from lv_chart.o(.text.lv_chart_destructor) referenced from lv_chart.o(.rodata.lv_chart_class)
 <LI><a href="#[e3]">lv_chart_event</a> from lv_chart.o(.text.lv_chart_event) referenced from lv_chart.o(.rodata.lv_chart_class)
 <LI><a href="#[e4]">lv_checkbox_constructor</a> from lv_checkbox.o(.text.lv_checkbox_constructor) referenced from lv_checkbox.o(.rodata.lv_checkbox_class)
 <LI><a href="#[e5]">lv_checkbox_destructor</a> from lv_checkbox.o(.text.lv_checkbox_destructor) referenced from lv_checkbox.o(.rodata.lv_checkbox_class)
 <LI><a href="#[e6]">lv_checkbox_event</a> from lv_checkbox.o(.text.lv_checkbox_event) referenced from lv_checkbox.o(.rodata.lv_checkbox_class)
 <LI><a href="#[e7]">lv_colorwheel_constructor</a> from lv_colorwheel.o(.text.lv_colorwheel_constructor) referenced from lv_colorwheel.o(.rodata.lv_colorwheel_class)
 <LI><a href="#[e8]">lv_colorwheel_event</a> from lv_colorwheel.o(.text.lv_colorwheel_event) referenced from lv_colorwheel.o(.rodata.lv_colorwheel_class)
 <LI><a href="#[a2]">lv_draw_mask_angle</a> from lv_draw_mask.o(.text.lv_draw_mask_angle) referenced 2 times from lv_draw_mask.o(.text.lv_draw_mask_angle_init)
 <LI><a href="#[a3]">lv_draw_mask_line</a> from lv_draw_mask.o(.text.lv_draw_mask_line) referenced 2 times from lv_draw_mask.o(.text.lv_draw_mask_line_points_init)
 <LI><a href="#[a4]">lv_draw_mask_radius</a> from lv_draw_mask.o(.text.lv_draw_mask_radius) referenced 2 times from lv_draw_mask.o(.text.lv_draw_mask_radius_init)
 <LI><a href="#[e9]">lv_dropdown_constructor</a> from lv_dropdown.o(.text.lv_dropdown_constructor) referenced from lv_dropdown.o(.rodata.lv_dropdown_class)
 <LI><a href="#[ea]">lv_dropdown_destructor</a> from lv_dropdown.o(.text.lv_dropdown_destructor) referenced from lv_dropdown.o(.rodata.lv_dropdown_class)
 <LI><a href="#[eb]">lv_dropdown_event</a> from lv_dropdown.o(.text.lv_dropdown_event) referenced from lv_dropdown.o(.rodata.lv_dropdown_class)
 <LI><a href="#[ee]">lv_dropdown_list_event</a> from lv_dropdown.o(.text.lv_dropdown_list_event) referenced from lv_dropdown.o(.rodata.lv_dropdownlist_class)
 <LI><a href="#[ec]">lv_dropdownlist_constructor</a> from lv_dropdown.o(.text.lv_dropdownlist_constructor) referenced from lv_dropdown.o(.rodata.lv_dropdownlist_class)
 <LI><a href="#[ed]">lv_dropdownlist_destructor</a> from lv_dropdown.o(.text.lv_dropdownlist_destructor) referenced from lv_dropdown.o(.rodata.lv_dropdownlist_class)
 <LI><a href="#[f0]">lv_font_get_bitmap_fmt_txt</a> from lv_font_fmt_txt.o(.text.lv_font_get_bitmap_fmt_txt) referenced from lv_font_montserrat_14.o(.rodata.lv_font_montserrat_14)
 <LI><a href="#[ef]">lv_font_get_glyph_dsc_fmt_txt</a> from lv_font_fmt_txt.o(.text.lv_font_get_glyph_dsc_fmt_txt) referenced from lv_font_montserrat_14.o(.rodata.lv_font_montserrat_14)
 <LI><a href="#[f1]">lv_img_constructor</a> from lv_img.o(.text.lv_img_constructor) referenced from lv_img.o(.rodata.lv_img_class)
 <LI><a href="#[80]">lv_img_decoder_built_in_close</a> from lv_img_decoder.o(.text.lv_img_decoder_built_in_close) referenced 2 times from lv_img_decoder.o(.text._lv_img_decoder_init)
 <LI><a href="#[7d]">lv_img_decoder_built_in_info</a> from lv_img_decoder.o(.text.lv_img_decoder_built_in_info) referenced 2 times from lv_img_decoder.o(.text._lv_img_decoder_init)
 <LI><a href="#[7e]">lv_img_decoder_built_in_open</a> from lv_img_decoder.o(.text.lv_img_decoder_built_in_open) referenced 2 times from lv_img_decoder.o(.text._lv_img_decoder_init)
 <LI><a href="#[7f]">lv_img_decoder_built_in_read_line</a> from lv_img_decoder.o(.text.lv_img_decoder_built_in_read_line) referenced 2 times from lv_img_decoder.o(.text._lv_img_decoder_init)
 <LI><a href="#[f2]">lv_img_destructor</a> from lv_img.o(.text.lv_img_destructor) referenced from lv_img.o(.rodata.lv_img_class)
 <LI><a href="#[f3]">lv_img_event</a> from lv_img.o(.text.lv_img_event) referenced from lv_img.o(.rodata.lv_img_class)
 <LI><a href="#[f4]">lv_keyboard_constructor</a> from lv_keyboard.o(.text.lv_keyboard_constructor) referenced from lv_keyboard.o(.rodata.lv_keyboard_class)
 <LI><a href="#[a9]">lv_keyboard_def_event_cb</a> from lv_keyboard.o(.text.lv_keyboard_def_event_cb) referenced 2 times from lv_keyboard.o(.text.lv_keyboard_constructor)
 <LI><a href="#[f5]">lv_label_constructor</a> from lv_label.o(.text.lv_label_constructor) referenced from lv_label.o(.rodata.lv_label_class)
 <LI><a href="#[f6]">lv_label_destructor</a> from lv_label.o(.text.lv_label_destructor) referenced from lv_label.o(.rodata.lv_label_class)
 <LI><a href="#[f7]">lv_label_event</a> from lv_label.o(.text.lv_label_event) referenced from lv_label.o(.rodata.lv_label_class)
 <LI><a href="#[f8]">lv_led_constructor</a> from lv_led.o(.text.lv_led_constructor) referenced from lv_led.o(.rodata.lv_led_class)
 <LI><a href="#[f9]">lv_led_event</a> from lv_led.o(.text.lv_led_event) referenced from lv_led.o(.rodata.lv_led_class)
 <LI><a href="#[fa]">lv_line_constructor</a> from lv_line.o(.text.lv_line_constructor) referenced from lv_line.o(.rodata.lv_line_class)
 <LI><a href="#[fb]">lv_line_event</a> from lv_line.o(.text.lv_line_event) referenced from lv_line.o(.rodata.lv_line_class)
 <LI><a href="#[ac]">lv_mem_walker</a> from lv_mem.o(.text.lv_mem_walker) referenced 2 times from lv_mem.o(.text.lv_mem_alloc)
 <LI><a href="#[ac]">lv_mem_walker</a> from lv_mem.o(.text.lv_mem_walker) referenced 2 times from lv_mem.o(.text.lv_mem_realloc)
 <LI><a href="#[fc]">lv_meter_constructor</a> from lv_meter.o(.text.lv_meter_constructor) referenced from lv_meter.o(.rodata.lv_meter_class)
 <LI><a href="#[fd]">lv_meter_destructor</a> from lv_meter.o(.text.lv_meter_destructor) referenced from lv_meter.o(.rodata.lv_meter_class)
 <LI><a href="#[fe]">lv_meter_event</a> from lv_meter.o(.text.lv_meter_event) referenced from lv_meter.o(.rodata.lv_meter_class)
 <LI><a href="#[ff]">lv_obj_constructor</a> from lv_obj.o(.text.lv_obj_constructor) referenced from lv_obj.o(.rodata.lv_obj_class)
 <LI><a href="#[100]">lv_obj_destructor</a> from lv_obj.o(.text.lv_obj_destructor) referenced from lv_obj.o(.rodata.lv_obj_class)
 <LI><a href="#[101]">lv_obj_event</a> from lv_obj.o(.text.lv_obj_event) referenced from lv_obj.o(.rodata.lv_obj_class)
 <LI><a href="#[98]">lv_obj_get_height</a> from lv_obj_pos.o(.text.lv_obj_get_height) referenced 2 times from lv_flex.o(.text.find_track_end)
 <LI><a href="#[97]">lv_obj_get_width</a> from lv_obj_pos.o(.text.lv_obj_get_width) referenced 2 times from lv_flex.o(.text.find_track_end)
 <LI><a href="#[102]">lv_roller_constructor</a> from lv_roller.o(.text.lv_roller_constructor) referenced from lv_roller.o(.rodata.lv_roller_class)
 <LI><a href="#[103]">lv_roller_event</a> from lv_roller.o(.text.lv_roller_event) referenced from lv_roller.o(.rodata.lv_roller_class)
 <LI><a href="#[104]">lv_roller_label_event</a> from lv_roller.o(.text.lv_roller_label_event) referenced from lv_roller.o(.rodata.lv_roller_label_class)
 <LI><a href="#[105]">lv_slider_constructor</a> from lv_slider.o(.text.lv_slider_constructor) referenced from lv_slider.o(.rodata.lv_slider_class)
 <LI><a href="#[106]">lv_slider_event</a> from lv_slider.o(.text.lv_slider_event) referenced from lv_slider.o(.rodata.lv_slider_class)
 <LI><a href="#[107]">lv_spinbox_constructor</a> from lv_spinbox.o(.text.lv_spinbox_constructor) referenced from lv_spinbox.o(.rodata.lv_spinbox_class)
 <LI><a href="#[108]">lv_spinbox_event</a> from lv_spinbox.o(.text.lv_spinbox_event) referenced from lv_spinbox.o(.rodata.lv_spinbox_class)
 <LI><a href="#[109]">lv_spinner_constructor</a> from lv_spinner.o(.text.lv_spinner_constructor) referenced from lv_spinner.o(.rodata.lv_spinner_class)
 <LI><a href="#[b7]">lv_switch_anim_exec_cb</a> from lv_switch.o(.text.lv_switch_anim_exec_cb) referenced 2 times from lv_switch.o(.text.lv_switch_event)
 <LI><a href="#[b8]">lv_switch_anim_ready</a> from lv_switch.o(.text.lv_switch_anim_ready) referenced 2 times from lv_switch.o(.text.lv_switch_event)
 <LI><a href="#[10a]">lv_switch_constructor</a> from lv_switch.o(.text.lv_switch_constructor) referenced from lv_switch.o(.rodata.lv_switch_class)
 <LI><a href="#[10b]">lv_switch_destructor</a> from lv_switch.o(.text.lv_switch_destructor) referenced from lv_switch.o(.rodata.lv_switch_class)
 <LI><a href="#[10c]">lv_switch_event</a> from lv_switch.o(.text.lv_switch_event) referenced from lv_switch.o(.rodata.lv_switch_class)
 <LI><a href="#[10d]">lv_table_constructor</a> from lv_table.o(.text.lv_table_constructor) referenced from lv_table.o(.rodata.lv_table_class)
 <LI><a href="#[10e]">lv_table_destructor</a> from lv_table.o(.text.lv_table_destructor) referenced from lv_table.o(.rodata.lv_table_class)
 <LI><a href="#[10f]">lv_table_event</a> from lv_table.o(.text.lv_table_event) referenced from lv_table.o(.rodata.lv_table_class)
 <LI><a href="#[110]">lv_tabview_constructor</a> from lv_tabview.o(.text.lv_tabview_constructor) referenced from lv_tabview.o(.rodata.lv_tabview_class)
 <LI><a href="#[111]">lv_tabview_destructor</a> from lv_tabview.o(.text.lv_tabview_destructor) referenced from lv_tabview.o(.rodata.lv_tabview_class)
 <LI><a href="#[112]">lv_tabview_event</a> from lv_tabview.o(.text.lv_tabview_event) referenced from lv_tabview.o(.rodata.lv_tabview_class)
 <LI><a href="#[113]">lv_textarea_constructor</a> from lv_textarea.o(.text.lv_textarea_constructor) referenced from lv_textarea.o(.rodata.lv_textarea_class)
 <LI><a href="#[114]">lv_textarea_destructor</a> from lv_textarea.o(.text.lv_textarea_destructor) referenced from lv_textarea.o(.rodata.lv_textarea_class)
 <LI><a href="#[115]">lv_textarea_event</a> from lv_textarea.o(.text.lv_textarea_event) referenced from lv_textarea.o(.rodata.lv_textarea_class)
 <LI><a href="#[116]">lv_tileview_constructor</a> from lv_tileview.o(.text.lv_tileview_constructor) referenced from lv_tileview.o(.rodata.lv_tileview_class)
 <LI><a href="#[117]">lv_tileview_tile_constructor</a> from lv_tileview.o(.text.lv_tileview_tile_constructor) referenced from lv_tileview.o(.rodata.lv_tileview_tile_class)
 <LI><a href="#[16]">lv_txt_unicode_to_utf8</a> from lv_txt.o(.text.lv_txt_unicode_to_utf8) referenced 2 times from lv_txt.o(.data._lv_txt_unicode_to_encoded)
 <LI><a href="#[12]">lv_txt_utf8_get_byte_id</a> from lv_txt.o(.text.lv_txt_utf8_get_byte_id) referenced 2 times from lv_txt.o(.data._lv_txt_encoded_get_byte_id)
 <LI><a href="#[13]">lv_txt_utf8_get_char_id</a> from lv_txt.o(.text.lv_txt_utf8_get_char_id) referenced 2 times from lv_txt.o(.data._lv_txt_encoded_get_char_id)
 <LI><a href="#[15]">lv_txt_utf8_get_length</a> from lv_txt.o(.text.lv_txt_utf8_get_length) referenced 2 times from lv_txt.o(.data._lv_txt_get_encoded_length)
 <LI><a href="#[1]">lv_txt_utf8_next</a> from lv_txt.o(.text.lv_txt_utf8_next) referenced 2 times from lv_txt.o(.data..L_MergedGlobals)
 <LI><a href="#[14]">lv_txt_utf8_prev</a> from lv_txt.o(.text.lv_txt_utf8_prev) referenced 2 times from lv_txt.o(.data._lv_txt_encoded_prev)
 <LI><a href="#[0]">lv_txt_utf8_size</a> from lv_txt.o(.text.lv_txt_utf8_size) referenced 2 times from lv_txt.o(.data..L_MergedGlobals)
 <LI><a href="#[118]">lv_win_constructor</a> from lv_win.o(.text.lv_win_constructor) referenced from lv_win.o(.rodata.lv_win_class)
 <LI><a href="#[cf]">lvgl_task</a> from lvgl_task.o(.text.lvgl_task) referenced from lvgl_task.o(.rodata..L__const.lvgl_task_creat.os_thread_def_lvgl_task_t)
 <LI><a href="#[d0]">lvgl_tick_task</a> from lvgl_task.o(.text.lvgl_tick_task) referenced from lvgl_task.o(.rodata..L__const.lvgl_task_creat.os_thread_def_lvgl_tick_task_t)
 <LI><a href="#[d1]">lvgl_user_task</a> from lvgl_task.o(.text.lvgl_user_task) referenced from lvgl_task.o(.rodata..L__const.lvgl_task_creat.os_thread_def_lvgl_user_task_t)
 <LI><a href="#[c2]">month_event_cb</a> from lv_calendar_header_arrow.o(.text.month_event_cb) referenced 4 times from lv_calendar_header_arrow.o(.text.my_constructor)
 <LI><a href="#[df]">my_constructor</a> from lv_calendar_header_arrow.o(.text.my_constructor) referenced from lv_calendar_header_arrow.o(.rodata.lv_calendar_header_arrow_class)
 <LI><a href="#[e0]">my_constructor</a> from lv_calendar_header_dropdown.o(.text.my_constructor) referenced from lv_calendar_header_dropdown.o(.rodata.lv_calendar_header_dropdown_class)
 <LI><a href="#[92]">power_all_close_fun</a> from bsp_interface.o(.text.power_all_close_fun) referenced 2 times from bsp_interface.o(.text.bsp_interface_init)
 <LI><a href="#[91]">power_all_open_fun</a> from bsp_interface.o(.text.power_all_open_fun) referenced 2 times from bsp_interface.o(.text.bsp_interface_init)
 <LI><a href="#[8b]">power_ble_close_fun</a> from bsp_interface.o(.text.power_ble_close_fun) referenced 2 times from bsp_interface.o(.text.bsp_interface_init)
 <LI><a href="#[88]">power_ble_open_fun</a> from bsp_interface.o(.text.power_ble_open_fun) referenced 2 times from bsp_interface.o(.text.bsp_interface_init)
 <LI><a href="#[d2]">power_info_task</a> from power_task.o(.text.power_info_task) referenced from power_task.o(.rodata..L__const.power_task_creat.os_thread_def_power_task)
 <LI><a href="#[87]">power_init_fun</a> from bsp_interface.o(.text.power_init_fun) referenced 2 times from bsp_interface.o(.text.bsp_interface_init)
 <LI><a href="#[8d]">power_lcd_close_fun</a> from bsp_interface.o(.text.power_lcd_close_fun) referenced 2 times from bsp_interface.o(.text.bsp_interface_init)
 <LI><a href="#[8c]">power_lcd_open_fun</a> from bsp_interface.o(.text.power_lcd_open_fun) referenced 2 times from bsp_interface.o(.text.bsp_interface_init)
 <LI><a href="#[90]">power_led_close_fun</a> from bsp_interface.o(.text.power_led_close_fun) referenced 2 times from bsp_interface.o(.text.bsp_interface_init)
 <LI><a href="#[8e]">power_led_open_fun</a> from bsp_interface.o(.text.power_led_open_fun) referenced 2 times from bsp_interface.o(.text.bsp_interface_init)
 <LI><a href="#[cb]">prvIdleTask</a> from tasks.o(.text.prvIdleTask) referenced 2 times from tasks.o(.text.vTaskStartScheduler)
 <LI><a href="#[c7]">prvTaskExitError</a> from port.o(.text.prvTaskExitError) referenced 2 times from port.o(.text.pxPortInitialiseStack)
 <LI><a href="#[bb]">pwd_char_hider_anim</a> from lv_textarea.o(.text.pwd_char_hider_anim) referenced 2 times from lv_textarea.o(.text.lv_textarea_add_char)
 <LI><a href="#[bb]">pwd_char_hider_anim</a> from lv_textarea.o(.text.pwd_char_hider_anim) referenced 2 times from lv_textarea.o(.text.lv_textarea_add_text)
 <LI><a href="#[bb]">pwd_char_hider_anim</a> from lv_textarea.o(.text.pwd_char_hider_anim) referenced 2 times from lv_textarea.o(.text.lv_textarea_set_text)
 <LI><a href="#[bd]">pwd_char_hider_anim_ready</a> from lv_textarea.o(.text.pwd_char_hider_anim_ready) referenced 2 times from lv_textarea.o(.text.lv_textarea_add_char)
 <LI><a href="#[bd]">pwd_char_hider_anim_ready</a> from lv_textarea.o(.text.pwd_char_hider_anim_ready) referenced 2 times from lv_textarea.o(.text.lv_textarea_add_text)
 <LI><a href="#[bd]">pwd_char_hider_anim_ready</a> from lv_textarea.o(.text.pwd_char_hider_anim_ready) referenced 2 times from lv_textarea.o(.text.lv_textarea_set_text)
 <LI><a href="#[af]">scroll_anim_ready_cb</a> from lv_obj_scroll.o(.text.scroll_anim_ready_cb) referenced 2 times from lv_obj_scroll.o(.text.lv_obj_scroll_by)
 <LI><a href="#[c8]">scroll_anim_ready_cb</a> from lv_roller.o(.text.scroll_anim_ready_cb) referenced 2 times from lv_roller.o(.text.refr_position)
 <LI><a href="#[ad]">scroll_x_anim</a> from lv_obj_scroll.o(.text.scroll_x_anim) referenced 2 times from lv_obj_scroll.o(.text.lv_obj_get_scroll_end)
 <LI><a href="#[ad]">scroll_x_anim</a> from lv_obj_scroll.o(.text.scroll_x_anim) referenced 4 times from lv_obj_scroll.o(.text.lv_obj_scroll_by)
 <LI><a href="#[ad]">scroll_x_anim</a> from lv_obj_scroll.o(.text.scroll_x_anim) referenced 2 times from lv_obj_scroll.o(.text.lv_obj_scroll_to_x)
 <LI><a href="#[ad]">scroll_x_anim</a> from lv_obj_scroll.o(.text.scroll_x_anim) referenced 2 times from lv_obj_scroll.o(.text.scroll_area_into_view)
 <LI><a href="#[ae]">scroll_y_anim</a> from lv_obj_scroll.o(.text.scroll_y_anim) referenced 2 times from lv_obj_scroll.o(.text.lv_obj_get_scroll_end)
 <LI><a href="#[ae]">scroll_y_anim</a> from lv_obj_scroll.o(.text.scroll_y_anim) referenced 4 times from lv_obj_scroll.o(.text.lv_obj_scroll_by)
 <LI><a href="#[ae]">scroll_y_anim</a> from lv_obj_scroll.o(.text.scroll_y_anim) referenced 2 times from lv_obj_scroll.o(.text.lv_obj_scroll_to)
 <LI><a href="#[ae]">scroll_y_anim</a> from lv_obj_scroll.o(.text.scroll_y_anim) referenced 2 times from lv_obj_scroll.o(.text.lv_obj_scroll_to_y)
 <LI><a href="#[ae]">scroll_y_anim</a> from lv_obj_scroll.o(.text.scroll_y_anim) referenced 2 times from lv_obj_scroll.o(.text.scroll_area_into_view)
 <LI><a href="#[aa]">set_ofs_x_anim</a> from lv_label.o(.text.set_ofs_x_anim) referenced 8 times from lv_label.o(.text.lv_label_refr_text)
 <LI><a href="#[aa]">set_ofs_x_anim</a> from lv_label.o(.text.set_ofs_x_anim) referenced 2 times from lv_label.o(.text.lv_label_set_long_mode)
 <LI><a href="#[ab]">set_ofs_y_anim</a> from lv_label.o(.text.set_ofs_y_anim) referenced 6 times from lv_label.o(.text.lv_label_refr_text)
 <LI><a href="#[ab]">set_ofs_y_anim</a> from lv_label.o(.text.set_ofs_y_anim) referenced 2 times from lv_label.o(.text.lv_label_set_long_mode)
 <LI><a href="#[b2]">set_y_anim</a> from lv_roller.o(.text.set_y_anim) referenced 2 times from lv_roller.o(.text.lv_roller_event)
 <LI><a href="#[b2]">set_y_anim</a> from lv_roller.o(.text.set_y_anim) referenced 4 times from lv_roller.o(.text.refr_position)
 <LI><a href="#[8f]">sys_enter_stop</a> from bsp_interface.o(.text.sys_enter_stop) referenced 2 times from bsp_interface.o(.text.bsp_interface_init)
 <LI><a href="#[bf]">theme_apply</a> from lv_theme_default.o(.text.theme_apply) referenced 2 times from lv_theme_default.o(.text.lv_theme_default_init)
 <LI><a href="#[c0]">tileview_event_cb</a> from lv_tileview.o(.text.tileview_event_cb) referenced 2 times from lv_tileview.o(.text.lv_tileview_constructor)
 <LI><a href="#[8a]">touch_lcd_power_set</a> from bsp_interface.o(.text.touch_lcd_power_set) referenced 2 times from bsp_interface.o(.text.bsp_interface_init)
 <LI><a href="#[d3]">touch_task</a> from touch_task.o(.text.touch_task) referenced from touch_task.o(.rodata..L__const.touch_task_creat.os_thread_def_touch_task_t)
 <LI><a href="#[81]">trans_anim_cb</a> from lv_obj_style.o(.text.trans_anim_cb) referenced 2 times from lv_obj_style.o(.text._lv_obj_style_create_transition)
 <LI><a href="#[83]">trans_anim_ready_cb</a> from lv_obj_style.o(.text.trans_anim_ready_cb) referenced 2 times from lv_obj_style.o(.text._lv_obj_style_create_transition)
 <LI><a href="#[82]">trans_anim_start_cb</a> from lv_obj_style.o(.text.trans_anim_start_cb) referenced 2 times from lv_obj_style.o(.text._lv_obj_style_create_transition)
 <LI><a href="#[99]">unicode_list_compare</a> from lv_font_fmt_txt.o(.text.unicode_list_compare) referenced 4 times from lv_font_fmt_txt.o(.text.get_glyph_dsc_id)
 <LI><a href="#[c3]">value_changed_event_cb</a> from lv_calendar_header_arrow.o(.text.value_changed_event_cb) referenced 4 times from lv_calendar_header_arrow.o(.text.my_constructor)
 <LI><a href="#[d4]">ws2812b_task</a> from ws2812b_task.o(.text.ws2812b_task) referenced from ws2812b_task.o(.rodata..L__const.ws2812b_task_creat.os_thread_def_rgbled_task)
 <LI><a href="#[c4]">year_event_cb</a> from lv_calendar_header_dropdown.o(.text.year_event_cb) referenced 2 times from lv_calendar_header_dropdown.o(.text.my_constructor)
</UL>
<P>
<H3>
Global Symbols
</H3>
<P><STRONG><a name="[70]"></a>__main</STRONG> (Thumb, 8 bytes, Stack size 0 bytes, __main.o(!!!main))
<BR><BR>[Calls]<UL><LI><a href="#[119]">&gt;&gt;</a>&nbsp;&nbsp;&nbsp;__scatterload
<LI><a href="#[11a]">&gt;&gt;</a>&nbsp;&nbsp;&nbsp;__rt_entry
</UL>
<BR>[Address Reference Count : 1]<UL><LI> startup_stm32f405xx.o(.text)
</UL>
<P><STRONG><a name="[119]"></a>__scatterload</STRONG> (Thumb, 0 bytes, Stack size unknown bytes, __scatter.o(!!!scatter))
<BR><BR>[Called By]<UL><LI><a href="#[70]">&gt;&gt;</a>&nbsp;&nbsp;&nbsp;__main
</UL>

<P><STRONG><a name="[11b]"></a>__scatterload_rt2</STRONG> (Thumb, 44 bytes, Stack size unknown bytes, __scatter.o(!!!scatter), UNUSED)
<BR><BR>[Calls]<UL><LI><a href="#[11a]">&gt;&gt;</a>&nbsp;&nbsp;&nbsp;__rt_entry
</UL>

<P><STRONG><a name="[49c]"></a>__scatterload_rt2_thumb_only</STRONG> (Thumb, 0 bytes, Stack size unknown bytes, __scatter.o(!!!scatter), UNUSED)

<P><STRONG><a name="[49d]"></a>__scatterload_null</STRONG> (Thumb, 0 bytes, Stack size unknown bytes, __scatter.o(!!!scatter), UNUSED)

<P><STRONG><a name="[49e]"></a>__decompress</STRONG> (Thumb, 90 bytes, Stack size unknown bytes, __dczerorl2.o(!!dczerorl2), UNUSED)

<P><STRONG><a name="[49f]"></a>__decompress1</STRONG> (Thumb, 0 bytes, Stack size unknown bytes, __dczerorl2.o(!!dczerorl2), UNUSED)

<P><STRONG><a name="[4a0]"></a>__scatterload_zeroinit</STRONG> (Thumb, 28 bytes, Stack size unknown bytes, __scatter_zi.o(!!handler_zi), UNUSED)

<P><STRONG><a name="[11c]"></a>_printf_d</STRONG> (Thumb, 0 bytes, Stack size unknown bytes, _printf_d.o(.ARM.Collect$$_printf_percent$$00000009))
<BR><BR>[Stack]<UL><LI>Max Depth = 56 + Unknown Stack Size
<LI>Call Chain = _printf_d &rArr; _printf_int_dec &rArr; _printf_int_common
</UL>
<BR>[Calls]<UL><LI><a href="#[11d]">&gt;&gt;</a>&nbsp;&nbsp;&nbsp;_printf_int_dec
</UL>

<P><STRONG><a name="[131]"></a>_printf_percent</STRONG> (Thumb, 0 bytes, Stack size unknown bytes, _printf_percent.o(.ARM.Collect$$_printf_percent$$00000000))
<BR><BR>[Called By]<UL><LI><a href="#[130]">&gt;&gt;</a>&nbsp;&nbsp;&nbsp;__printf
</UL>

<P><STRONG><a name="[11e]"></a>_printf_s</STRONG> (Thumb, 0 bytes, Stack size unknown bytes, _printf_s.o(.ARM.Collect$$_printf_percent$$00000014))
<BR><BR>[Stack]<UL><LI>Max Depth = 24 + Unknown Stack Size
<LI>Call Chain = _printf_s &rArr; _printf_string &rArr; _printf_cs_common &rArr; _printf_str
</UL>
<BR>[Calls]<UL><LI><a href="#[11f]">&gt;&gt;</a>&nbsp;&nbsp;&nbsp;_printf_string
</UL>

<P><STRONG><a name="[4a1]"></a>_printf_percent_end</STRONG> (Thumb, 0 bytes, Stack size unknown bytes, _printf_percent_end.o(.ARM.Collect$$_printf_percent$$00000017))

<P><STRONG><a name="[125]"></a>__rt_lib_init</STRONG> (Thumb, 0 bytes, Stack size unknown bytes, libinit.o(.ARM.Collect$$libinit$$00000000))
<BR><BR>[Called By]<UL><LI><a href="#[124]">&gt;&gt;</a>&nbsp;&nbsp;&nbsp;__rt_entry_li
</UL>

<P><STRONG><a name="[120]"></a>__rt_lib_init_fp_1</STRONG> (Thumb, 0 bytes, Stack size unknown bytes, libinit2.o(.ARM.Collect$$libinit$$00000001))
<BR><BR>[Calls]<UL><LI><a href="#[121]">&gt;&gt;</a>&nbsp;&nbsp;&nbsp;_fp_init
</UL>

<P><STRONG><a name="[4a2]"></a>__rt_lib_init_alloca_1</STRONG> (Thumb, 0 bytes, Stack size unknown bytes, libinit2.o(.ARM.Collect$$libinit$$0000002E))

<P><STRONG><a name="[4a3]"></a>__rt_lib_init_argv_1</STRONG> (Thumb, 0 bytes, Stack size unknown bytes, libinit2.o(.ARM.Collect$$libinit$$0000002C))

<P><STRONG><a name="[4a4]"></a>__rt_lib_init_atexit_1</STRONG> (Thumb, 0 bytes, Stack size unknown bytes, libinit2.o(.ARM.Collect$$libinit$$0000001B))

<P><STRONG><a name="[4a5]"></a>__rt_lib_init_clock_1</STRONG> (Thumb, 0 bytes, Stack size unknown bytes, libinit2.o(.ARM.Collect$$libinit$$00000021))

<P><STRONG><a name="[4a6]"></a>__rt_lib_init_cpp_1</STRONG> (Thumb, 0 bytes, Stack size unknown bytes, libinit2.o(.ARM.Collect$$libinit$$00000032))

<P><STRONG><a name="[4a7]"></a>__rt_lib_init_exceptions_1</STRONG> (Thumb, 0 bytes, Stack size unknown bytes, libinit2.o(.ARM.Collect$$libinit$$00000030))

<P><STRONG><a name="[4a8]"></a>__rt_lib_init_fp_trap_1</STRONG> (Thumb, 0 bytes, Stack size unknown bytes, libinit2.o(.ARM.Collect$$libinit$$0000001F))

<P><STRONG><a name="[4a9]"></a>__rt_lib_init_getenv_1</STRONG> (Thumb, 0 bytes, Stack size unknown bytes, libinit2.o(.ARM.Collect$$libinit$$00000023))

<P><STRONG><a name="[4aa]"></a>__rt_lib_init_heap_1</STRONG> (Thumb, 0 bytes, Stack size unknown bytes, libinit2.o(.ARM.Collect$$libinit$$0000000A))

<P><STRONG><a name="[4ab]"></a>__rt_lib_init_lc_collate_1</STRONG> (Thumb, 0 bytes, Stack size unknown bytes, libinit2.o(.ARM.Collect$$libinit$$00000011))

<P><STRONG><a name="[4ac]"></a>__rt_lib_init_lc_ctype_1</STRONG> (Thumb, 0 bytes, Stack size unknown bytes, libinit2.o(.ARM.Collect$$libinit$$00000013))

<P><STRONG><a name="[4ad]"></a>__rt_lib_init_lc_monetary_1</STRONG> (Thumb, 0 bytes, Stack size unknown bytes, libinit2.o(.ARM.Collect$$libinit$$00000015))

<P><STRONG><a name="[4ae]"></a>__rt_lib_init_lc_numeric_1</STRONG> (Thumb, 0 bytes, Stack size unknown bytes, libinit2.o(.ARM.Collect$$libinit$$00000017))

<P><STRONG><a name="[4af]"></a>__rt_lib_init_lc_time_1</STRONG> (Thumb, 0 bytes, Stack size unknown bytes, libinit2.o(.ARM.Collect$$libinit$$00000019))

<P><STRONG><a name="[4b0]"></a>__rt_lib_init_preinit_1</STRONG> (Thumb, 0 bytes, Stack size unknown bytes, libinit2.o(.ARM.Collect$$libinit$$00000004))

<P><STRONG><a name="[4b1]"></a>__rt_lib_init_rand_1</STRONG> (Thumb, 0 bytes, Stack size unknown bytes, libinit2.o(.ARM.Collect$$libinit$$0000000E))

<P><STRONG><a name="[4b2]"></a>__rt_lib_init_return</STRONG> (Thumb, 0 bytes, Stack size unknown bytes, libinit2.o(.ARM.Collect$$libinit$$00000033))

<P><STRONG><a name="[4b3]"></a>__rt_lib_init_signal_1</STRONG> (Thumb, 0 bytes, Stack size unknown bytes, libinit2.o(.ARM.Collect$$libinit$$0000001D))

<P><STRONG><a name="[4b4]"></a>__rt_lib_init_stdio_1</STRONG> (Thumb, 0 bytes, Stack size unknown bytes, libinit2.o(.ARM.Collect$$libinit$$00000025))

<P><STRONG><a name="[4b5]"></a>__rt_lib_init_user_alloc_1</STRONG> (Thumb, 0 bytes, Stack size unknown bytes, libinit2.o(.ARM.Collect$$libinit$$0000000C))

<P><STRONG><a name="[12a]"></a>__rt_lib_shutdown</STRONG> (Thumb, 0 bytes, Stack size unknown bytes, libshutdown.o(.ARM.Collect$$libshutdown$$00000000))
<BR><BR>[Called By]<UL><LI><a href="#[129]">&gt;&gt;</a>&nbsp;&nbsp;&nbsp;__rt_exit_ls
</UL>

<P><STRONG><a name="[4b6]"></a>__rt_lib_shutdown_cpp_1</STRONG> (Thumb, 0 bytes, Stack size unknown bytes, libshutdown2.o(.ARM.Collect$$libshutdown$$00000002))

<P><STRONG><a name="[4b7]"></a>__rt_lib_shutdown_fp_trap_1</STRONG> (Thumb, 0 bytes, Stack size unknown bytes, libshutdown2.o(.ARM.Collect$$libshutdown$$00000007))

<P><STRONG><a name="[4b8]"></a>__rt_lib_shutdown_heap_1</STRONG> (Thumb, 0 bytes, Stack size unknown bytes, libshutdown2.o(.ARM.Collect$$libshutdown$$0000000F))

<P><STRONG><a name="[4b9]"></a>__rt_lib_shutdown_return</STRONG> (Thumb, 0 bytes, Stack size unknown bytes, libshutdown2.o(.ARM.Collect$$libshutdown$$00000010))

<P><STRONG><a name="[4ba]"></a>__rt_lib_shutdown_signal_1</STRONG> (Thumb, 0 bytes, Stack size unknown bytes, libshutdown2.o(.ARM.Collect$$libshutdown$$0000000A))

<P><STRONG><a name="[4bb]"></a>__rt_lib_shutdown_stdio_1</STRONG> (Thumb, 0 bytes, Stack size unknown bytes, libshutdown2.o(.ARM.Collect$$libshutdown$$00000004))

<P><STRONG><a name="[4bc]"></a>__rt_lib_shutdown_user_alloc_1</STRONG> (Thumb, 0 bytes, Stack size unknown bytes, libshutdown2.o(.ARM.Collect$$libshutdown$$0000000C))

<P><STRONG><a name="[11a]"></a>__rt_entry</STRONG> (Thumb, 0 bytes, Stack size unknown bytes, __rtentry.o(.ARM.Collect$$rtentry$$00000000))
<BR><BR>[Called By]<UL><LI><a href="#[70]">&gt;&gt;</a>&nbsp;&nbsp;&nbsp;__main
<LI><a href="#[11b]">&gt;&gt;</a>&nbsp;&nbsp;&nbsp;__scatterload_rt2
</UL>

<P><STRONG><a name="[4bd]"></a>__rt_entry_presh_1</STRONG> (Thumb, 0 bytes, Stack size unknown bytes, __rtentry2.o(.ARM.Collect$$rtentry$$00000002))

<P><STRONG><a name="[122]"></a>__rt_entry_sh</STRONG> (Thumb, 0 bytes, Stack size unknown bytes, __rtentry4.o(.ARM.Collect$$rtentry$$00000004))
<BR><BR>[Stack]<UL><LI>Max Depth = 8 + Unknown Stack Size
<LI>Call Chain = __rt_entry_sh &rArr; __user_setup_stackheap
</UL>
<BR>[Calls]<UL><LI><a href="#[123]">&gt;&gt;</a>&nbsp;&nbsp;&nbsp;__user_setup_stackheap
</UL>

<P><STRONG><a name="[124]"></a>__rt_entry_li</STRONG> (Thumb, 0 bytes, Stack size unknown bytes, __rtentry2.o(.ARM.Collect$$rtentry$$0000000A))
<BR><BR>[Calls]<UL><LI><a href="#[125]">&gt;&gt;</a>&nbsp;&nbsp;&nbsp;__rt_lib_init
</UL>

<P><STRONG><a name="[4be]"></a>__rt_entry_postsh_1</STRONG> (Thumb, 0 bytes, Stack size unknown bytes, __rtentry2.o(.ARM.Collect$$rtentry$$00000009))

<P><STRONG><a name="[126]"></a>__rt_entry_main</STRONG> (Thumb, 0 bytes, Stack size unknown bytes, __rtentry2.o(.ARM.Collect$$rtentry$$0000000D))
<BR><BR>[Stack]<UL><LI>Max Depth = 392 + Unknown Stack Size
<LI>Call Chain = __rt_entry_main &rArr; main &rArr; MX_FREERTOS_Init &rArr; lvgl_task_creat &rArr; osThreadCreate &rArr; xTaskCreate &rArr; pvPortMalloc &rArr; xTaskResumeAll &rArr; xTaskIncrementTick
</UL>
<BR>[Calls]<UL><LI><a href="#[127]">&gt;&gt;</a>&nbsp;&nbsp;&nbsp;main
<LI><a href="#[128]">&gt;&gt;</a>&nbsp;&nbsp;&nbsp;exit
</UL>

<P><STRONG><a name="[4bf]"></a>__rt_entry_postli_1</STRONG> (Thumb, 0 bytes, Stack size unknown bytes, __rtentry2.o(.ARM.Collect$$rtentry$$0000000C))

<P><STRONG><a name="[13c]"></a>__rt_exit</STRONG> (Thumb, 0 bytes, Stack size unknown bytes, rtexit.o(.ARM.Collect$$rtexit$$00000000))
<BR><BR>[Called By]<UL><LI><a href="#[128]">&gt;&gt;</a>&nbsp;&nbsp;&nbsp;exit
</UL>

<P><STRONG><a name="[129]"></a>__rt_exit_ls</STRONG> (Thumb, 0 bytes, Stack size unknown bytes, rtexit2.o(.ARM.Collect$$rtexit$$00000003))
<BR><BR>[Calls]<UL><LI><a href="#[12a]">&gt;&gt;</a>&nbsp;&nbsp;&nbsp;__rt_lib_shutdown
</UL>

<P><STRONG><a name="[4c0]"></a>__rt_exit_prels_1</STRONG> (Thumb, 0 bytes, Stack size unknown bytes, rtexit2.o(.ARM.Collect$$rtexit$$00000002))

<P><STRONG><a name="[12b]"></a>__rt_exit_exit</STRONG> (Thumb, 0 bytes, Stack size unknown bytes, rtexit2.o(.ARM.Collect$$rtexit$$00000004))
<BR><BR>[Calls]<UL><LI><a href="#[12c]">&gt;&gt;</a>&nbsp;&nbsp;&nbsp;_sys_exit
</UL>

<P><STRONG><a name="[17]"></a>Reset_Handler</STRONG> (Thumb, 8 bytes, Stack size 0 bytes, startup_stm32f405xx.o(.text))
<BR>[Address Reference Count : 1]<UL><LI> startup_stm32f405xx.o(RESET)
</UL>
<P><STRONG><a name="[33]"></a>ADC_IRQHandler</STRONG> (Thumb, 0 bytes, Stack size 0 bytes, startup_stm32f405xx.o(.text))
<BR><BR>[Calls]<UL><LI><a href="#[33]">&gt;&gt;</a>&nbsp;&nbsp;&nbsp;ADC_IRQHandler
</UL>
<BR>[Called By]<UL><LI><a href="#[33]">&gt;&gt;</a>&nbsp;&nbsp;&nbsp;ADC_IRQHandler
</UL>
<BR>[Address Reference Count : 1]<UL><LI> startup_stm32f405xx.o(RESET)
</UL>
<P><STRONG><a name="[35]"></a>CAN1_RX0_IRQHandler</STRONG> (Thumb, 0 bytes, Stack size 0 bytes, startup_stm32f405xx.o(.text))
<BR>[Address Reference Count : 1]<UL><LI> startup_stm32f405xx.o(RESET)
</UL>
<P><STRONG><a name="[36]"></a>CAN1_RX1_IRQHandler</STRONG> (Thumb, 0 bytes, Stack size 0 bytes, startup_stm32f405xx.o(.text))
<BR>[Address Reference Count : 1]<UL><LI> startup_stm32f405xx.o(RESET)
</UL>
<P><STRONG><a name="[37]"></a>CAN1_SCE_IRQHandler</STRONG> (Thumb, 0 bytes, Stack size 0 bytes, startup_stm32f405xx.o(.text))
<BR>[Address Reference Count : 1]<UL><LI> startup_stm32f405xx.o(RESET)
</UL>
<P><STRONG><a name="[34]"></a>CAN1_TX_IRQHandler</STRONG> (Thumb, 0 bytes, Stack size 0 bytes, startup_stm32f405xx.o(.text))
<BR>[Address Reference Count : 1]<UL><LI> startup_stm32f405xx.o(RESET)
</UL>
<P><STRONG><a name="[5f]"></a>CAN2_RX0_IRQHandler</STRONG> (Thumb, 0 bytes, Stack size 0 bytes, startup_stm32f405xx.o(.text))
<BR>[Address Reference Count : 1]<UL><LI> startup_stm32f405xx.o(RESET)
</UL>
<P><STRONG><a name="[60]"></a>CAN2_RX1_IRQHandler</STRONG> (Thumb, 0 bytes, Stack size 0 bytes, startup_stm32f405xx.o(.text))
<BR>[Address Reference Count : 1]<UL><LI> startup_stm32f405xx.o(RESET)
</UL>
<P><STRONG><a name="[61]"></a>CAN2_SCE_IRQHandler</STRONG> (Thumb, 0 bytes, Stack size 0 bytes, startup_stm32f405xx.o(.text))
<BR>[Address Reference Count : 1]<UL><LI> startup_stm32f405xx.o(RESET)
</UL>
<P><STRONG><a name="[5e]"></a>CAN2_TX_IRQHandler</STRONG> (Thumb, 0 bytes, Stack size 0 bytes, startup_stm32f405xx.o(.text))
<BR>[Address Reference Count : 1]<UL><LI> startup_stm32f405xx.o(RESET)
</UL>
<P><STRONG><a name="[2c]"></a>DMA1_Stream0_IRQHandler</STRONG> (Thumb, 0 bytes, Stack size 0 bytes, startup_stm32f405xx.o(.text))
<BR>[Address Reference Count : 1]<UL><LI> startup_stm32f405xx.o(RESET)
</UL>
<P><STRONG><a name="[2e]"></a>DMA1_Stream2_IRQHandler</STRONG> (Thumb, 0 bytes, Stack size 0 bytes, startup_stm32f405xx.o(.text))
<BR>[Address Reference Count : 1]<UL><LI> startup_stm32f405xx.o(RESET)
</UL>
<P><STRONG><a name="[30]"></a>DMA1_Stream4_IRQHandler</STRONG> (Thumb, 0 bytes, Stack size 0 bytes, startup_stm32f405xx.o(.text))
<BR>[Address Reference Count : 1]<UL><LI> startup_stm32f405xx.o(RESET)
</UL>
<P><STRONG><a name="[31]"></a>DMA1_Stream5_IRQHandler</STRONG> (Thumb, 0 bytes, Stack size 0 bytes, startup_stm32f405xx.o(.text))
<BR>[Address Reference Count : 1]<UL><LI> startup_stm32f405xx.o(RESET)
</UL>
<P><STRONG><a name="[32]"></a>DMA1_Stream6_IRQHandler</STRONG> (Thumb, 0 bytes, Stack size 0 bytes, startup_stm32f405xx.o(.text))
<BR>[Address Reference Count : 1]<UL><LI> startup_stm32f405xx.o(RESET)
</UL>
<P><STRONG><a name="[50]"></a>DMA1_Stream7_IRQHandler</STRONG> (Thumb, 0 bytes, Stack size 0 bytes, startup_stm32f405xx.o(.text))
<BR>[Address Reference Count : 1]<UL><LI> startup_stm32f405xx.o(RESET)
</UL>
<P><STRONG><a name="[59]"></a>DMA2_Stream0_IRQHandler</STRONG> (Thumb, 0 bytes, Stack size 0 bytes, startup_stm32f405xx.o(.text))
<BR>[Address Reference Count : 1]<UL><LI> startup_stm32f405xx.o(RESET)
</UL>
<P><STRONG><a name="[5a]"></a>DMA2_Stream1_IRQHandler</STRONG> (Thumb, 0 bytes, Stack size 0 bytes, startup_stm32f405xx.o(.text))
<BR>[Address Reference Count : 1]<UL><LI> startup_stm32f405xx.o(RESET)
</UL>
<P><STRONG><a name="[5d]"></a>DMA2_Stream4_IRQHandler</STRONG> (Thumb, 0 bytes, Stack size 0 bytes, startup_stm32f405xx.o(.text))
<BR>[Address Reference Count : 1]<UL><LI> startup_stm32f405xx.o(RESET)
</UL>
<P><STRONG><a name="[63]"></a>DMA2_Stream5_IRQHandler</STRONG> (Thumb, 0 bytes, Stack size 0 bytes, startup_stm32f405xx.o(.text))
<BR>[Address Reference Count : 1]<UL><LI> startup_stm32f405xx.o(RESET)
</UL>
<P><STRONG><a name="[64]"></a>DMA2_Stream6_IRQHandler</STRONG> (Thumb, 0 bytes, Stack size 0 bytes, startup_stm32f405xx.o(.text))
<BR>[Address Reference Count : 1]<UL><LI> startup_stm32f405xx.o(RESET)
</UL>
<P><STRONG><a name="[49]"></a>EXTI15_10_IRQHandler</STRONG> (Thumb, 0 bytes, Stack size 0 bytes, startup_stm32f405xx.o(.text))
<BR>[Address Reference Count : 1]<UL><LI> startup_stm32f405xx.o(RESET)
</UL>
<P><STRONG><a name="[28]"></a>EXTI1_IRQHandler</STRONG> (Thumb, 0 bytes, Stack size 0 bytes, startup_stm32f405xx.o(.text))
<BR>[Address Reference Count : 1]<UL><LI> startup_stm32f405xx.o(RESET)
</UL>
<P><STRONG><a name="[2b]"></a>EXTI4_IRQHandler</STRONG> (Thumb, 0 bytes, Stack size 0 bytes, startup_stm32f405xx.o(.text))
<BR>[Address Reference Count : 1]<UL><LI> startup_stm32f405xx.o(RESET)
</UL>
<P><STRONG><a name="[25]"></a>FLASH_IRQHandler</STRONG> (Thumb, 0 bytes, Stack size 0 bytes, startup_stm32f405xx.o(.text))
<BR>[Address Reference Count : 1]<UL><LI> startup_stm32f405xx.o(RESET)
</UL>
<P><STRONG><a name="[51]"></a>FMC_IRQHandler</STRONG> (Thumb, 0 bytes, Stack size 0 bytes, startup_stm32f405xx.o(.text))
<BR>[Address Reference Count : 1]<UL><LI> startup_stm32f405xx.o(RESET)
</UL>
<P><STRONG><a name="[6e]"></a>FPU_IRQHandler</STRONG> (Thumb, 0 bytes, Stack size 0 bytes, startup_stm32f405xx.o(.text))
<BR>[Address Reference Count : 1]<UL><LI> startup_stm32f405xx.o(RESET)
</UL>
<P><STRONG><a name="[6d]"></a>HASH_RNG_IRQHandler</STRONG> (Thumb, 0 bytes, Stack size 0 bytes, startup_stm32f405xx.o(.text))
<BR>[Address Reference Count : 1]<UL><LI> startup_stm32f405xx.o(RESET)
</UL>
<P><STRONG><a name="[41]"></a>I2C1_ER_IRQHandler</STRONG> (Thumb, 0 bytes, Stack size 0 bytes, startup_stm32f405xx.o(.text))
<BR>[Address Reference Count : 1]<UL><LI> startup_stm32f405xx.o(RESET)
</UL>
<P><STRONG><a name="[40]"></a>I2C1_EV_IRQHandler</STRONG> (Thumb, 0 bytes, Stack size 0 bytes, startup_stm32f405xx.o(.text))
<BR>[Address Reference Count : 1]<UL><LI> startup_stm32f405xx.o(RESET)
</UL>
<P><STRONG><a name="[43]"></a>I2C2_ER_IRQHandler</STRONG> (Thumb, 0 bytes, Stack size 0 bytes, startup_stm32f405xx.o(.text))
<BR>[Address Reference Count : 1]<UL><LI> startup_stm32f405xx.o(RESET)
</UL>
<P><STRONG><a name="[42]"></a>I2C2_EV_IRQHandler</STRONG> (Thumb, 0 bytes, Stack size 0 bytes, startup_stm32f405xx.o(.text))
<BR>[Address Reference Count : 1]<UL><LI> startup_stm32f405xx.o(RESET)
</UL>
<P><STRONG><a name="[68]"></a>I2C3_ER_IRQHandler</STRONG> (Thumb, 0 bytes, Stack size 0 bytes, startup_stm32f405xx.o(.text))
<BR>[Address Reference Count : 1]<UL><LI> startup_stm32f405xx.o(RESET)
</UL>
<P><STRONG><a name="[67]"></a>I2C3_EV_IRQHandler</STRONG> (Thumb, 0 bytes, Stack size 0 bytes, startup_stm32f405xx.o(.text))
<BR>[Address Reference Count : 1]<UL><LI> startup_stm32f405xx.o(RESET)
</UL>
<P><STRONG><a name="[4b]"></a>OTG_FS_WKUP_IRQHandler</STRONG> (Thumb, 0 bytes, Stack size 0 bytes, startup_stm32f405xx.o(.text))
<BR>[Address Reference Count : 1]<UL><LI> startup_stm32f405xx.o(RESET)
</UL>
<P><STRONG><a name="[6a]"></a>OTG_HS_EP1_IN_IRQHandler</STRONG> (Thumb, 0 bytes, Stack size 0 bytes, startup_stm32f405xx.o(.text))
<BR>[Address Reference Count : 1]<UL><LI> startup_stm32f405xx.o(RESET)
</UL>
<P><STRONG><a name="[69]"></a>OTG_HS_EP1_OUT_IRQHandler</STRONG> (Thumb, 0 bytes, Stack size 0 bytes, startup_stm32f405xx.o(.text))
<BR>[Address Reference Count : 1]<UL><LI> startup_stm32f405xx.o(RESET)
</UL>
<P><STRONG><a name="[6c]"></a>OTG_HS_IRQHandler</STRONG> (Thumb, 0 bytes, Stack size 0 bytes, startup_stm32f405xx.o(.text))
<BR>[Address Reference Count : 1]<UL><LI> startup_stm32f405xx.o(RESET)
</UL>
<P><STRONG><a name="[6b]"></a>OTG_HS_WKUP_IRQHandler</STRONG> (Thumb, 0 bytes, Stack size 0 bytes, startup_stm32f405xx.o(.text))
<BR>[Address Reference Count : 1]<UL><LI> startup_stm32f405xx.o(RESET)
</UL>
<P><STRONG><a name="[22]"></a>PVD_IRQHandler</STRONG> (Thumb, 0 bytes, Stack size 0 bytes, startup_stm32f405xx.o(.text))
<BR>[Address Reference Count : 1]<UL><LI> startup_stm32f405xx.o(RESET)
</UL>
<P><STRONG><a name="[26]"></a>RCC_IRQHandler</STRONG> (Thumb, 0 bytes, Stack size 0 bytes, startup_stm32f405xx.o(.text))
<BR>[Address Reference Count : 1]<UL><LI> startup_stm32f405xx.o(RESET)
</UL>
<P><STRONG><a name="[4a]"></a>RTC_Alarm_IRQHandler</STRONG> (Thumb, 0 bytes, Stack size 0 bytes, startup_stm32f405xx.o(.text))
<BR>[Address Reference Count : 1]<UL><LI> startup_stm32f405xx.o(RESET)
</UL>
<P><STRONG><a name="[24]"></a>RTC_WKUP_IRQHandler</STRONG> (Thumb, 0 bytes, Stack size 0 bytes, startup_stm32f405xx.o(.text))
<BR>[Address Reference Count : 1]<UL><LI> startup_stm32f405xx.o(RESET)
</UL>
<P><STRONG><a name="[52]"></a>SDIO_IRQHandler</STRONG> (Thumb, 0 bytes, Stack size 0 bytes, startup_stm32f405xx.o(.text))
<BR>[Address Reference Count : 1]<UL><LI> startup_stm32f405xx.o(RESET)
</UL>
<P><STRONG><a name="[44]"></a>SPI1_IRQHandler</STRONG> (Thumb, 0 bytes, Stack size 0 bytes, startup_stm32f405xx.o(.text))
<BR>[Address Reference Count : 1]<UL><LI> startup_stm32f405xx.o(RESET)
</UL>
<P><STRONG><a name="[45]"></a>SPI2_IRQHandler</STRONG> (Thumb, 0 bytes, Stack size 0 bytes, startup_stm32f405xx.o(.text))
<BR>[Address Reference Count : 1]<UL><LI> startup_stm32f405xx.o(RESET)
</UL>
<P><STRONG><a name="[54]"></a>SPI3_IRQHandler</STRONG> (Thumb, 0 bytes, Stack size 0 bytes, startup_stm32f405xx.o(.text))
<BR>[Address Reference Count : 1]<UL><LI> startup_stm32f405xx.o(RESET)
</UL>
<P><STRONG><a name="[23]"></a>TAMP_STAMP_IRQHandler</STRONG> (Thumb, 0 bytes, Stack size 0 bytes, startup_stm32f405xx.o(.text))
<BR>[Address Reference Count : 1]<UL><LI> startup_stm32f405xx.o(RESET)
</UL>
<P><STRONG><a name="[39]"></a>TIM1_BRK_TIM9_IRQHandler</STRONG> (Thumb, 0 bytes, Stack size 0 bytes, startup_stm32f405xx.o(.text))
<BR>[Address Reference Count : 1]<UL><LI> startup_stm32f405xx.o(RESET)
</UL>
<P><STRONG><a name="[3c]"></a>TIM1_CC_IRQHandler</STRONG> (Thumb, 0 bytes, Stack size 0 bytes, startup_stm32f405xx.o(.text))
<BR>[Address Reference Count : 1]<UL><LI> startup_stm32f405xx.o(RESET)
</UL>
<P><STRONG><a name="[3b]"></a>TIM1_TRG_COM_TIM11_IRQHandler</STRONG> (Thumb, 0 bytes, Stack size 0 bytes, startup_stm32f405xx.o(.text))
<BR>[Address Reference Count : 1]<UL><LI> startup_stm32f405xx.o(RESET)
</UL>
<P><STRONG><a name="[3d]"></a>TIM2_IRQHandler</STRONG> (Thumb, 0 bytes, Stack size 0 bytes, startup_stm32f405xx.o(.text))
<BR>[Address Reference Count : 1]<UL><LI> startup_stm32f405xx.o(RESET)
</UL>
<P><STRONG><a name="[3e]"></a>TIM3_IRQHandler</STRONG> (Thumb, 0 bytes, Stack size 0 bytes, startup_stm32f405xx.o(.text))
<BR>[Address Reference Count : 1]<UL><LI> startup_stm32f405xx.o(RESET)
</UL>
<P><STRONG><a name="[53]"></a>TIM5_IRQHandler</STRONG> (Thumb, 0 bytes, Stack size 0 bytes, startup_stm32f405xx.o(.text))
<BR>[Address Reference Count : 1]<UL><LI> startup_stm32f405xx.o(RESET)
</UL>
<P><STRONG><a name="[57]"></a>TIM6_DAC_IRQHandler</STRONG> (Thumb, 0 bytes, Stack size 0 bytes, startup_stm32f405xx.o(.text))
<BR>[Address Reference Count : 1]<UL><LI> startup_stm32f405xx.o(RESET)
</UL>
<P><STRONG><a name="[58]"></a>TIM7_IRQHandler</STRONG> (Thumb, 0 bytes, Stack size 0 bytes, startup_stm32f405xx.o(.text))
<BR>[Address Reference Count : 1]<UL><LI> startup_stm32f405xx.o(RESET)
</UL>
<P><STRONG><a name="[4c]"></a>TIM8_BRK_TIM12_IRQHandler</STRONG> (Thumb, 0 bytes, Stack size 0 bytes, startup_stm32f405xx.o(.text))
<BR>[Address Reference Count : 1]<UL><LI> startup_stm32f405xx.o(RESET)
</UL>
<P><STRONG><a name="[4f]"></a>TIM8_CC_IRQHandler</STRONG> (Thumb, 0 bytes, Stack size 0 bytes, startup_stm32f405xx.o(.text))
<BR>[Address Reference Count : 1]<UL><LI> startup_stm32f405xx.o(RESET)
</UL>
<P><STRONG><a name="[4e]"></a>TIM8_TRG_COM_TIM14_IRQHandler</STRONG> (Thumb, 0 bytes, Stack size 0 bytes, startup_stm32f405xx.o(.text))
<BR>[Address Reference Count : 1]<UL><LI> startup_stm32f405xx.o(RESET)
</UL>
<P><STRONG><a name="[4d]"></a>TIM8_UP_TIM13_IRQHandler</STRONG> (Thumb, 0 bytes, Stack size 0 bytes, startup_stm32f405xx.o(.text))
<BR>[Address Reference Count : 1]<UL><LI> startup_stm32f405xx.o(RESET)
</UL>
<P><STRONG><a name="[55]"></a>UART4_IRQHandler</STRONG> (Thumb, 0 bytes, Stack size 0 bytes, startup_stm32f405xx.o(.text))
<BR>[Address Reference Count : 1]<UL><LI> startup_stm32f405xx.o(RESET)
</UL>
<P><STRONG><a name="[56]"></a>UART5_IRQHandler</STRONG> (Thumb, 0 bytes, Stack size 0 bytes, startup_stm32f405xx.o(.text))
<BR>[Address Reference Count : 1]<UL><LI> startup_stm32f405xx.o(RESET)
</UL>
<P><STRONG><a name="[47]"></a>USART2_IRQHandler</STRONG> (Thumb, 0 bytes, Stack size 0 bytes, startup_stm32f405xx.o(.text))
<BR>[Address Reference Count : 1]<UL><LI> startup_stm32f405xx.o(RESET)
</UL>
<P><STRONG><a name="[66]"></a>USART6_IRQHandler</STRONG> (Thumb, 0 bytes, Stack size 0 bytes, startup_stm32f405xx.o(.text))
<BR>[Address Reference Count : 1]<UL><LI> startup_stm32f405xx.o(RESET)
</UL>
<P><STRONG><a name="[21]"></a>WWDG_IRQHandler</STRONG> (Thumb, 0 bytes, Stack size 0 bytes, startup_stm32f405xx.o(.text))
<BR>[Address Reference Count : 1]<UL><LI> startup_stm32f405xx.o(RESET)
</UL>
<P><STRONG><a name="[13b]"></a>__user_initial_stackheap</STRONG> (Thumb, 0 bytes, Stack size unknown bytes, startup_stm32f405xx.o(.text))
<BR><BR>[Called By]<UL><LI><a href="#[123]">&gt;&gt;</a>&nbsp;&nbsp;&nbsp;__user_setup_stackheap
</UL>

<P><STRONG><a name="[1a3]"></a>__aeabi_uldivmod</STRONG> (Thumb, 0 bytes, Stack size 48 bytes, lludivv7m.o(.text))
<BR><BR>[Stack]<UL><LI>Max Depth = 48<LI>Call Chain = __aeabi_uldivmod
</UL>
<BR>[Called By]<UL><LI><a href="#[1a2]">&gt;&gt;</a>&nbsp;&nbsp;&nbsp;HAL_RCC_GetSysClockFreq
<LI><a href="#[1bd]">&gt;&gt;</a>&nbsp;&nbsp;&nbsp;UART_SetConfig
<LI><a href="#[259]">&gt;&gt;</a>&nbsp;&nbsp;&nbsp;_vsnprintf
</UL>

<P><STRONG><a name="[4c1]"></a>_ll_udiv</STRONG> (Thumb, 240 bytes, Stack size 48 bytes, lludivv7m.o(.text), UNUSED)

<P><STRONG><a name="[12d]"></a>__2snprintf</STRONG> (Thumb, 48 bytes, Stack size 32 bytes, noretval__2snprintf.o(.text))
<BR><BR>[Stack]<UL><LI>Max Depth = 120 + Unknown Stack Size
<LI>Call Chain = __2snprintf &rArr; _printf_char_common &rArr; __printf
</UL>
<BR>[Calls]<UL><LI><a href="#[12f]">&gt;&gt;</a>&nbsp;&nbsp;&nbsp;_sputc
<LI><a href="#[12e]">&gt;&gt;</a>&nbsp;&nbsp;&nbsp;_printf_char_common
</UL>
<BR>[Called By]<UL><LI><a href="#[471]">&gt;&gt;</a>&nbsp;&nbsp;&nbsp;write_user_info
<LI><a href="#[2b2]">&gt;&gt;</a>&nbsp;&nbsp;&nbsp;set_pass_word_def
<LI><a href="#[2b5]">&gt;&gt;</a>&nbsp;&nbsp;&nbsp;set_lvgl_style
<LI><a href="#[2b3]">&gt;&gt;</a>&nbsp;&nbsp;&nbsp;set_lvgl_def
<LI><a href="#[2ce]">&gt;&gt;</a>&nbsp;&nbsp;&nbsp;read_user_info
<LI><a href="#[2c7]">&gt;&gt;</a>&nbsp;&nbsp;&nbsp;read_default_word
<LI><a href="#[2c5]">&gt;&gt;</a>&nbsp;&nbsp;&nbsp;read_default_name
<LI><a href="#[2c3]">&gt;&gt;</a>&nbsp;&nbsp;&nbsp;read_current_word
<LI><a href="#[2c1]">&gt;&gt;</a>&nbsp;&nbsp;&nbsp;read_current_name
<LI><a href="#[2d8]">&gt;&gt;</a>&nbsp;&nbsp;&nbsp;interface_level2
<LI><a href="#[2e8]">&gt;&gt;</a>&nbsp;&nbsp;&nbsp;lv_set_gui_lable_select
<LI><a href="#[2e4]">&gt;&gt;</a>&nbsp;&nbsp;&nbsp;lv_color_code_config
<LI><a href="#[3bb]">&gt;&gt;</a>&nbsp;&nbsp;&nbsp;lv_main_lable_updata
</UL>

<P><STRONG><a name="[130]"></a>__printf</STRONG> (Thumb, 104 bytes, Stack size 24 bytes, __printf.o(.text))
<BR><BR>[Stack]<UL><LI>Max Depth = 24 + Unknown Stack Size
<LI>Call Chain = __printf
</UL>
<BR>[Calls]<UL><LI><a href="#[131]">&gt;&gt;</a>&nbsp;&nbsp;&nbsp;_printf_percent
</UL>
<BR>[Called By]<UL><LI><a href="#[12e]">&gt;&gt;</a>&nbsp;&nbsp;&nbsp;_printf_char_common
</UL>

<P><STRONG><a name="[138]"></a>_printf_str</STRONG> (Thumb, 82 bytes, Stack size 16 bytes, _printf_str.o(.text))
<BR><BR>[Stack]<UL><LI>Max Depth = 16<LI>Call Chain = _printf_str
</UL>
<BR>[Called By]<UL><LI><a href="#[137]">&gt;&gt;</a>&nbsp;&nbsp;&nbsp;_printf_cs_common
</UL>

<P><STRONG><a name="[11d]"></a>_printf_int_dec</STRONG> (Thumb, 104 bytes, Stack size 24 bytes, _printf_dec.o(.text))
<BR><BR>[Stack]<UL><LI>Max Depth = 56<LI>Call Chain = _printf_int_dec &rArr; _printf_int_common
</UL>
<BR>[Calls]<UL><LI><a href="#[132]">&gt;&gt;</a>&nbsp;&nbsp;&nbsp;_printf_int_common
</UL>
<BR>[Called By]<UL><LI><a href="#[11c]">&gt;&gt;</a>&nbsp;&nbsp;&nbsp;_printf_d
</UL>

<P><STRONG><a name="[388]"></a>strcpy</STRONG> (Thumb, 72 bytes, Stack size 12 bytes, strcpy.o(.text))
<BR><BR>[Stack]<UL><LI>Max Depth = 12<LI>Call Chain = strcpy
</UL>
<BR>[Called By]<UL><LI><a href="#[39d]">&gt;&gt;</a>&nbsp;&nbsp;&nbsp;lv_img_set_src
<LI><a href="#[23f]">&gt;&gt;</a>&nbsp;&nbsp;&nbsp;lv_img_decoder_open
<LI><a href="#[414]">&gt;&gt;</a>&nbsp;&nbsp;&nbsp;lv_textarea_set_text
<LI><a href="#[3af]">&gt;&gt;</a>&nbsp;&nbsp;&nbsp;lv_label_set_text
<LI><a href="#[387]">&gt;&gt;</a>&nbsp;&nbsp;&nbsp;lv_dropdown_set_options
</UL>

<P><STRONG><a name="[252]"></a>strlen</STRONG> (Thumb, 62 bytes, Stack size 8 bytes, strlen.o(.text))
<BR><BR>[Stack]<UL><LI>Max Depth = 8<LI>Call Chain = strlen
</UL>
<BR>[Called By]<UL><LI><a href="#[472]">&gt;&gt;</a>&nbsp;&nbsp;&nbsp;str_to_key_msg
<LI><a href="#[2e0]">&gt;&gt;</a>&nbsp;&nbsp;&nbsp;keyboard_buffer_show
<LI><a href="#[ce]">&gt;&gt;</a>&nbsp;&nbsp;&nbsp;keyboard_task
<LI><a href="#[39d]">&gt;&gt;</a>&nbsp;&nbsp;&nbsp;lv_img_set_src
<LI><a href="#[3bb]">&gt;&gt;</a>&nbsp;&nbsp;&nbsp;lv_main_lable_updata
<LI><a href="#[390]">&gt;&gt;</a>&nbsp;&nbsp;&nbsp;lv_fs_get_ext
<LI><a href="#[23f]">&gt;&gt;</a>&nbsp;&nbsp;&nbsp;lv_img_decoder_open
<LI><a href="#[414]">&gt;&gt;</a>&nbsp;&nbsp;&nbsp;lv_textarea_set_text
<LI><a href="#[3aa]">&gt;&gt;</a>&nbsp;&nbsp;&nbsp;lv_textarea_del_char
<LI><a href="#[3a5]">&gt;&gt;</a>&nbsp;&nbsp;&nbsp;lv_textarea_add_text
<LI><a href="#[3a6]">&gt;&gt;</a>&nbsp;&nbsp;&nbsp;lv_textarea_add_char
<LI><a href="#[3af]">&gt;&gt;</a>&nbsp;&nbsp;&nbsp;lv_label_set_text
<LI><a href="#[3b5]">&gt;&gt;</a>&nbsp;&nbsp;&nbsp;lv_label_ins_text
<LI><a href="#[3b1]">&gt;&gt;</a>&nbsp;&nbsp;&nbsp;lv_label_refr_text
<LI><a href="#[387]">&gt;&gt;</a>&nbsp;&nbsp;&nbsp;lv_dropdown_set_options
<LI><a href="#[eb]">&gt;&gt;</a>&nbsp;&nbsp;&nbsp;lv_dropdown_event
<LI><a href="#[255]">&gt;&gt;</a>&nbsp;&nbsp;&nbsp;_lv_txt_ins
<LI><a href="#[251]">&gt;&gt;</a>&nbsp;&nbsp;&nbsp;_lv_txt_cut
<LI><a href="#[412]">&gt;&gt;</a>&nbsp;&nbsp;&nbsp;lv_spinbox_updatevalue
<LI><a href="#[108]">&gt;&gt;</a>&nbsp;&nbsp;&nbsp;lv_spinbox_event
</UL>

<P><STRONG><a name="[31f]"></a>strcat</STRONG> (Thumb, 24 bytes, Stack size 0 bytes, strcat.o(.text))
<BR><BR>[Called By]<UL><LI><a href="#[ce]">&gt;&gt;</a>&nbsp;&nbsp;&nbsp;keyboard_task
<LI><a href="#[3bb]">&gt;&gt;</a>&nbsp;&nbsp;&nbsp;lv_main_lable_updata
</UL>

<P><STRONG><a name="[2b1]"></a>__aeabi_memcpy4</STRONG> (Thumb, 0 bytes, Stack size 8 bytes, rt_memcpy_w.o(.text))
<BR><BR>[Stack]<UL><LI>Max Depth = 8<LI>Call Chain = __aeabi_memcpy4
</UL>
<BR>[Called By]<UL><LI><a href="#[1cb]">&gt;&gt;</a>&nbsp;&nbsp;&nbsp;flash_info_init
<LI><a href="#[cc]">&gt;&gt;</a>&nbsp;&nbsp;&nbsp;flash_task
</UL>

<P><STRONG><a name="[4c2]"></a>__aeabi_memcpy8</STRONG> (Thumb, 0 bytes, Stack size 8 bytes, rt_memcpy_w.o(.text), UNUSED)

<P><STRONG><a name="[4c3]"></a>__rt_memcpy_w</STRONG> (Thumb, 100 bytes, Stack size 8 bytes, rt_memcpy_w.o(.text), UNUSED)

<P><STRONG><a name="[4c4]"></a>_memcpy_lastbytes_aligned</STRONG> (Thumb, 0 bytes, Stack size unknown bytes, rt_memcpy_w.o(.text), UNUSED)

<P><STRONG><a name="[133]"></a>__aeabi_memset</STRONG> (Thumb, 16 bytes, Stack size 0 bytes, aeabi_memset.o(.text))
<BR><BR>[Stack]<UL><LI>Max Depth = 4<LI>Call Chain = __aeabi_memset &rArr; _memset &rArr; _memset_w
</UL>
<BR>[Calls]<UL><LI><a href="#[134]">&gt;&gt;</a>&nbsp;&nbsp;&nbsp;_memset
</UL>
<BR>[Called By]<UL><LI><a href="#[258]">&gt;&gt;</a>&nbsp;&nbsp;&nbsp;_ntoa_format
<LI><a href="#[377]">&gt;&gt;</a>&nbsp;&nbsp;&nbsp;lv_memset
<LI><a href="#[28c]">&gt;&gt;</a>&nbsp;&nbsp;&nbsp;lv_memset_ff
</UL>

<P><STRONG><a name="[135]"></a>__aeabi_memset4</STRONG> (Thumb, 16 bytes, Stack size 0 bytes, aeabi_memset4.o(.text))
<BR><BR>[Stack]<UL><LI>Max Depth = 4<LI>Call Chain = __aeabi_memset4 &rArr; _memset_w
</UL>
<BR>[Calls]<UL><LI><a href="#[136]">&gt;&gt;</a>&nbsp;&nbsp;&nbsp;_memset_w
</UL>
<BR>[Called By]<UL><LI><a href="#[2e0]">&gt;&gt;</a>&nbsp;&nbsp;&nbsp;keyboard_buffer_show
<LI><a href="#[28c]">&gt;&gt;</a>&nbsp;&nbsp;&nbsp;lv_memset_ff
<LI><a href="#[412]">&gt;&gt;</a>&nbsp;&nbsp;&nbsp;lv_spinbox_updatevalue
</UL>

<P><STRONG><a name="[4c5]"></a>__aeabi_memset8</STRONG> (Thumb, 0 bytes, Stack size 0 bytes, aeabi_memset4.o(.text), UNUSED)

<P><STRONG><a name="[3bd]"></a>__aeabi_memclr</STRONG> (Thumb, 0 bytes, Stack size unknown bytes, rt_memclr.o(.text))
<BR><BR>[Called By]<UL><LI><a href="#[471]">&gt;&gt;</a>&nbsp;&nbsp;&nbsp;write_user_info
<LI><a href="#[22d]">&gt;&gt;</a>&nbsp;&nbsp;&nbsp;lv_memset_00
<LI><a href="#[245]">&gt;&gt;</a>&nbsp;&nbsp;&nbsp;lv_mem_alloc
<LI><a href="#[2cb]">&gt;&gt;</a>&nbsp;&nbsp;&nbsp;lv_mem_realloc
</UL>

<P><STRONG><a name="[4c6]"></a>__rt_memclr</STRONG> (Thumb, 0 bytes, Stack size unknown bytes, rt_memclr.o(.text), UNUSED)

<P><STRONG><a name="[134]"></a>_memset</STRONG> (Thumb, 64 bytes, Stack size 0 bytes, rt_memclr.o(.text))
<BR><BR>[Stack]<UL><LI>Max Depth = 4<LI>Call Chain = _memset &rArr; _memset_w
</UL>
<BR>[Calls]<UL><LI><a href="#[136]">&gt;&gt;</a>&nbsp;&nbsp;&nbsp;_memset_w
</UL>
<BR>[Called By]<UL><LI><a href="#[133]">&gt;&gt;</a>&nbsp;&nbsp;&nbsp;__aeabi_memset
</UL>

<P><STRONG><a name="[2b0]"></a>__aeabi_memclr4</STRONG> (Thumb, 0 bytes, Stack size unknown bytes, rt_memclr_w.o(.text))
<BR><BR>[Called By]<UL><LI><a href="#[1cc]">&gt;&gt;</a>&nbsp;&nbsp;&nbsp;key_scanf_for_standby
<LI><a href="#[1cb]">&gt;&gt;</a>&nbsp;&nbsp;&nbsp;flash_info_init
<LI><a href="#[d3]">&gt;&gt;</a>&nbsp;&nbsp;&nbsp;touch_task
[...]
<LI>Call Chain = lv_led_event &rArr; lv_draw_rect &rArr; lv_draw_img &rArr;  lv_draw_rect (Cycle)
</UL>
<BR>[Calls]<UL><LI><a href="#[293]">&gt;&gt;</a>&nbsp;&nbsp;&nbsp;lv_obj_init_draw_rect_dsc
<LI><a href="#[2a2]">&gt;&gt;</a>&nbsp;&nbsp;&nbsp;lv_obj_draw_dsc_init
<LI><a href="#[292]">&gt;&gt;</a>&nbsp;&nbsp;&nbsp;lv_draw_rect_dsc_init
<LI><a href="#[294]">&gt;&gt;</a>&nbsp;&nbsp;&nbsp;lv_draw_rect
<LI><a href="#[32b]">&gt;&gt;</a>&nbsp;&nbsp;&nbsp;lv_obj_event_base
<LI><a href="#[276]">&gt;&gt;</a>&nbsp;&nbsp;&nbsp;lv_event_get_target
<LI><a href="#[29a]">&gt;&gt;</a>&nbsp;&nbsp;&nbsp;lv_event_get_param
<LI><a href="#[280]">&gt;&gt;</a>&nbsp;&nbsp;&nbsp;lv_event_get_code
<LI><a href="#[271]">&gt;&gt;</a>&nbsp;&nbsp;&nbsp;lv_event_send
</UL>
<BR>[Address Reference Count : 1]<UL><LI> lv_led.o(.rodata.lv_led_class)
</UL>
<P><STRONG><a name="[fc]"></a>lv_meter_constructor</STRONG> (Thumb, 28 bytes, Stack size 8 bytes, lv_meter.o(.text.lv_meter_constructor))
<BR><BR>[Stack]<UL><LI>Max Depth = 8<LI>Call Chain = lv_meter_constructor
</UL>
<BR>[Calls]<UL><LI><a href="#[214]">&gt;&gt;</a>&nbsp;&nbsp;&nbsp;_lv_ll_init
</UL>
<BR>[Address Reference Count : 1]<UL><LI> lv_meter.o(.rodata.lv_meter_class)
</UL>
<P><STRONG><a name="[fd]"></a>lv_meter_destructor</STRONG> (Thumb, 24 bytes, Stack size 8 bytes, lv_meter.o(.text.lv_meter_destructor))
<BR><BR>[Stack]<UL><LI>Max Depth = 76<LI>Call Chain = lv_meter_destructor &rArr; _lv_ll_clear &rArr; lv_mem_free &rArr; lv_tlsf_free &rArr; block_merge_next
</UL>
<BR>[Calls]<UL><LI><a href="#[244]">&gt;&gt;</a>&nbsp;&nbsp;&nbsp;_lv_ll_clear
</UL>
<BR>[Address Reference Count : 1]<UL><LI> lv_meter.o(.rodata.lv_meter_class)
</UL>
<P><STRONG><a name="[fe]"></a>lv_meter_event</STRONG> (Thumb, 2328 bytes, Stack size 408 bytes, lv_meter.o(.text.lv_meter_event))
<BR><BR>[Stack]<UL><LI>Max Depth = 1812 + Unknown Stack Size
<LI>Call Chain = lv_meter_event &rArr; lv_draw_arc &rArr; lv_draw_rect &rArr; lv_draw_img &rArr;  lv_draw_rect (Cycle)
</UL>
<BR>[Calls]<UL><LI><a href="#[3b0]">&gt;&gt;</a>&nbsp;&nbsp;&nbsp;lv_obj_get_content_coords
<LI><a href="#[2a1]">&gt;&gt;</a>&nbsp;&nbsp;&nbsp;lv_obj_init_draw_line_dsc
<LI><a href="#[297]">&gt;&gt;</a>&nbsp;&nbsp;&nbsp;lv_obj_init_draw_label_dsc
<LI><a href="#[37d]">&gt;&gt;</a>&nbsp;&nbsp;&nbsp;lv_obj_init_draw_img_dsc
<LI><a href="#[293]">&gt;&gt;</a>&nbsp;&nbsp;&nbsp;lv_obj_init_draw_rect_dsc
<LI><a href="#[2a2]">&gt;&gt;</a>&nbsp;&nbsp;&nbsp;lv_obj_draw_dsc_init
<LI><a href="#[292]">&gt;&gt;</a>&nbsp;&nbsp;&nbsp;lv_draw_rect_dsc_init
<LI><a href="#[294]">&gt;&gt;</a>&nbsp;&nbsp;&nbsp;lv_draw_rect
<LI><a href="#[28a]">&gt;&gt;</a>&nbsp;&nbsp;&nbsp;lv_draw_mask_radius_init
<LI><a href="#[28e]">&gt;&gt;</a>&nbsp;&nbsp;&nbsp;lv_draw_mask_free_param
<LI><a href="#[28b]">&gt;&gt;</a>&nbsp;&nbsp;&nbsp;lv_draw_mask_add
<LI><a href="#[248]">&gt;&gt;</a>&nbsp;&nbsp;&nbsp;lv_obj_get_style_prop
<LI><a href="#[352]">&gt;&gt;</a>&nbsp;&nbsp;&nbsp;_lv_ll_get_tail
<LI><a href="#[353]">&gt;&gt;</a>&nbsp;&nbsp;&nbsp;_lv_ll_get_prev
<LI><a href="#[32b]">&gt;&gt;</a>&nbsp;&nbsp;&nbsp;lv_obj_event_base
<LI><a href="#[276]">&gt;&gt;</a>&nbsp;&nbsp;&nbsp;lv_event_get_target
<LI><a href="#[29a]">&gt;&gt;</a>&nbsp;&nbsp;&nbsp;lv_event_get_param
<LI><a href="#[280]">&gt;&gt;</a>&nbsp;&nbsp;&nbsp;lv_event_get_code
<LI><a href="#[271]">&gt;&gt;</a>&nbsp;&nbsp;&nbsp;lv_event_send
<LI><a href="#[2a5]">&gt;&gt;</a>&nbsp;&nbsp;&nbsp;lv_snprintf
<LI><a href="#[2a3]">&gt;&gt;</a>&nbsp;&nbsp;&nbsp;lv_map
<LI><a href="#[2a6]">&gt;&gt;</a>&nbsp;&nbsp;&nbsp;lv_txt_get_size
<LI><a href="#[2a0]">&gt;&gt;</a>&nbsp;&nbsp;&nbsp;lv_draw_line_dsc_init
<LI><a href="#[2a4]">&gt;&gt;</a>&nbsp;&nbsp;&nbsp;lv_draw_line
<LI><a href="#[296]">&gt;&gt;</a>&nbsp;&nbsp;&nbsp;lv_draw_label_dsc_init
<LI><a href="#[299]">&gt;&gt;</a>&nbsp;&nbsp;&nbsp;lv_draw_label
<LI><a href="#[224]">&gt;&gt;</a>&nbsp;&nbsp;&nbsp;lv_memcpy
<LI><a href="#[236]">&gt;&gt;</a>&nbsp;&nbsp;&nbsp;lv_trigo_sin
<LI><a href="#[28f]">&gt;&gt;</a>&nbsp;&nbsp;&nbsp;lv_draw_mask_remove_id
<LI><a href="#[331]">&gt;&gt;</a>&nbsp;&nbsp;&nbsp;lv_draw_arc_dsc_init
<LI><a href="#[333]">&gt;&gt;</a>&nbsp;&nbsp;&nbsp;lv_draw_arc
<LI><a href="#[379]">&gt;&gt;</a>&nbsp;&nbsp;&nbsp;lv_img_decoder_get_info
<LI><a href="#[36f]">&gt;&gt;</a>&nbsp;&nbsp;&nbsp;lv_draw_img_dsc_init
<LI><a href="#[36b]">&gt;&gt;</a>&nbsp;&nbsp;&nbsp;lv_draw_img
</UL>
<BR>[Address Reference Count : 1]<UL><LI> lv_meter.o(.rodata.lv_meter_class)
</UL>
<P><STRONG><a name="[107]"></a>lv_spinbox_constructor</STRONG> (Thumb, 88 bytes, Stack size 8 bytes, lv_spinbox.o(.text.lv_spinbox_constructor))
<BR><BR>[Stack]<UL><LI>Max Depth = 772 + Unknown Stack Size
<LI>Call Chain = lv_spinbox_constructor &rArr; lv_spinbox_updatevalue &rArr; lv_textarea_set_text &rArr; lv_textarea_add_char &rArr;  lv_textarea_add_text (Cycle)
</UL>
<BR>[Calls]<UL><LI><a href="#[34c]">&gt;&gt;</a>&nbsp;&nbsp;&nbsp;lv_obj_set_width
<LI><a href="#[410]">&gt;&gt;</a>&nbsp;&nbsp;&nbsp;lv_textarea_set_one_line
<LI><a href="#[411]">&gt;&gt;</a>&nbsp;&nbsp;&nbsp;lv_textarea_set_cursor_click_pos
<LI><a href="#[412]">&gt;&gt;</a>&nbsp;&nbsp;&nbsp;lv_spinbox_updatevalue
</UL>
<BR>[Address Reference Count : 1]<UL><LI> lv_spinbox.o(.rodata.lv_spinbox_class)
</UL>
<P><STRONG><a name="[108]"></a>lv_spinbox_event</STRONG> (Thumb, 810 bytes, Stack size 16 bytes, lv_spinbox.o(.text.lv_spinbox_event))
<BR><BR>[Stack]<UL><LI>Max Depth = 780 + Unknown Stack Size
<LI>Call Chain = lv_spinbox_event &rArr; lv_spinbox_updatevalue &rArr; lv_textarea_set_text &rArr; lv_textarea_add_char &rArr;  lv_textarea_add_text (Cycle)
</UL>
<BR>[Calls]<UL><LI><a href="#[273]">&gt;&gt;</a>&nbsp;&nbsp;&nbsp;lv_obj_get_group
<LI><a href="#[272]">&gt;&gt;</a>&nbsp;&nbsp;&nbsp;lv_indev_get_type
<LI><a href="#[32c]">&gt;&gt;</a>&nbsp;&nbsp;&nbsp;lv_group_get_editing
<LI><a href="#[32b]">&gt;&gt;</a>&nbsp;&nbsp;&nbsp;lv_obj_event_base
<LI><a href="#[26c]">&gt;&gt;</a>&nbsp;&nbsp;&nbsp;lv_indev_get_act
<LI><a href="#[276]">&gt;&gt;</a>&nbsp;&nbsp;&nbsp;lv_event_get_target
<LI><a href="#[29a]">&gt;&gt;</a>&nbsp;&nbsp;&nbsp;lv_event_get_param
<LI><a href="#[280]">&gt;&gt;</a>&nbsp;&nbsp;&nbsp;lv_event_get_code
<LI><a href="#[413]">&gt;&gt;</a>&nbsp;&nbsp;&nbsp;lv_pow
<LI><a href="#[3ad]">&gt;&gt;</a>&nbsp;&nbsp;&nbsp;lv_textarea_set_cursor_pos
<LI><a href="#[3ac]">&gt;&gt;</a>&nbsp;&nbsp;&nbsp;lv_textarea_get_text
<LI><a href="#[3a8]">&gt;&gt;</a>&nbsp;&nbsp;&nbsp;lv_textarea_cursor_left
<LI><a href="#[3a6]">&gt;&gt;</a>&nbsp;&nbsp;&nbsp;lv_textarea_add_char
<LI><a href="#[252]">&gt;&gt;</a>&nbsp;&nbsp;&nbsp;strlen
<LI><a href="#[412]">&gt;&gt;</a>&nbsp;&nbsp;&nbsp;lv_spinbox_updatevalue
</UL>
<BR>[Address Reference Count : 1]<UL><LI> lv_spinbox.o(.rodata.lv_spinbox_class)
</UL>
<P><STRONG><a name="[412]"></a>lv_spinbox_updatevalue</STRONG> (Thumb, 628 bytes, Stack size 72 bytes, lv_spinbox.o(.text.lv_spinbox_updatevalue))
<BR><BR>[Stack]<UL><LI>Max Depth = 764 + Unknown Stack Size
<LI>Call Chain = lv_spinbox_updatevalue &rArr; lv_textarea_set_text &rArr; lv_textarea_add_char &rArr;  lv_textarea_add_text (Cycle)
</UL>
<BR>[Calls]<UL><LI><a href="#[22d]">&gt;&gt;</a>&nbsp;&nbsp;&nbsp;lv_memset_00
<LI><a href="#[2a5]">&gt;&gt;</a>&nbsp;&nbsp;&nbsp;lv_snprintf
<LI><a href="#[414]">&gt;&gt;</a>&nbsp;&nbsp;&nbsp;lv_textarea_set_text
<LI><a href="#[3ad]">&gt;&gt;</a>&nbsp;&nbsp;&nbsp;lv_textarea_set_cursor_pos
<LI><a href="#[135]">&gt;&gt;</a>&nbsp;&nbsp;&nbsp;__aeabi_memset4
<LI><a href="#[252]">&gt;&gt;</a>&nbsp;&nbsp;&nbsp;strlen
</UL>
<BR>[Called By]<UL><LI><a href="#[108]">&gt;&gt;</a>&nbsp;&nbsp;&nbsp;lv_spinbox_event
<LI><a href="#[107]">&gt;&gt;</a>&nbsp;&nbsp;&nbsp;lv_spinbox_constructor
</UL>

<P><STRONG><a name="[b4]"></a>arc_anim_end_angle</STRONG> (Thumb, 6 bytes, Stack size 0 bytes, lv_spinner.o(.text.arc_anim_end_angle))
<BR><BR>[Stack]<UL><LI>Max Depth = 236<LI>Call Chain = arc_anim_end_angle &rArr; lv_arc_set_end_angle &rArr; inv_arc_area &rArr; lv_obj_calculate_ext_draw_size &rArr; lv_obj_get_style_prop &rArr;  lv_obj_get_style_prop (Cycle)
</UL>
<BR>[Calls]<UL><LI><a href="#[25d]">&gt;&gt;</a>&nbsp;&nbsp;&nbsp;lv_arc_set_end_angle
</UL>
<BR>[Address Reference Count : 1]<UL><LI> lv_spinner.o(.text.lv_spinner_constructor)
</UL>
<P><STRONG><a name="[b6]"></a>arc_anim_start_angle</STRONG> (Thumb, 6 bytes, Stack size 0 bytes, lv_spinner.o(.text.arc_anim_start_angle))
<BR><BR>[Stack]<UL><LI>Max Depth = 228<LI>Call Chain = arc_anim_start_angle &rArr; lv_arc_set_start_angle &rArr; inv_arc_area &rArr; lv_obj_calculate_ext_draw_size &rArr; lv_obj_get_style_prop &rArr;  lv_obj_get_style_prop (Cycle)
</UL>
<BR>[Calls]<UL><LI><a href="#[25e]">&gt;&gt;</a>&nbsp;&nbsp;&nbsp;lv_arc_set_start_angle
</UL>
<BR>[Address Reference Count : 1]<UL><LI> lv_spinner.o(.text.lv_spinner_constructor)
</UL>
<P><STRONG><a name="[109]"></a>lv_spinner_constructor</STRONG> (Thumb, 136 bytes, Stack size 88 bytes, lv_spinner.o(.text.lv_spinner_constructor))
<BR><BR>[Stack]<UL><LI>Max Depth = 388 + Unknown Stack Size
<LI>Call Chain = lv_spinner_constructor &rArr; lv_arc_set_bg_angles &rArr; lv_arc_set_bg_start_angle &rArr; value_update &rArr; lv_arc_set_angles &rArr; inv_arc_area &rArr; lv_obj_calculate_ext_draw_size &rArr; lv_obj_get_style_prop &rArr;  lv_obj_get_style_prop (Cycle)
</UL>
<BR>[Calls]<UL><LI><a href="#[329]">&gt;&gt;</a>&nbsp;&nbsp;&nbsp;lv_obj_clear_flag
<LI><a href="#[24c]">&gt;&gt;</a>&nbsp;&nbsp;&nbsp;lv_anim_start
<LI><a href="#[24b]">&gt;&gt;</a>&nbsp;&nbsp;&nbsp;lv_anim_init
<LI><a href="#[339]">&gt;&gt;</a>&nbsp;&nbsp;&nbsp;lv_arc_set_rotation
<LI><a href="#[336]">&gt;&gt;</a>&nbsp;&nbsp;&nbsp;lv_arc_set_bg_angles
</UL>
<BR>[Address Reference Count : 1]<UL><LI> lv_spinner.o(.rodata.lv_spinner_class)
</UL>
<P><STRONG><a name="[b9]"></a>btns_value_changed_event_cb</STRONG> (Thumb, 34 bytes, Stack size 16 bytes, lv_tabview.o(.text.btns_value_changed_event_cb))
<BR><BR>[Stack]<UL><LI>Max Depth = 444 + Unknown Stack Size
<LI>Call Chain = btns_value_changed_event_cb &rArr; lv_tabview_set_act &rArr; lv_obj_update_layout &rArr; layout_update_core &rArr;  layout_update_core (Cycle)
</UL>
<BR>[Calls]<UL><LI><a href="#[277]">&gt;&gt;</a>&nbsp;&nbsp;&nbsp;lv_obj_get_parent
<LI><a href="#[276]">&gt;&gt;</a>&nbsp;&nbsp;&nbsp;lv_event_get_target
<LI><a href="#[278]">&gt;&gt;</a>&nbsp;&nbsp;&nbsp;lv_btnmatrix_get_selected_btn
<LI><a href="#[279]">&gt;&gt;</a>&nbsp;&nbsp;&nbsp;lv_tabview_set_act
</UL>
<BR>[Address Reference Count : 1]<UL><LI> lv_tabview.o(.text.lv_tabview_constructor)
</UL>
<P><STRONG><a name="[ba]"></a>cont_scroll_end_event_cb</STRONG> (Thumb, 146 bytes, Stack size 24 bytes, lv_tabview.o(.text.cont_scroll_end_event_cb))
<BR><BR>[Stack]<UL><LI>Max Depth = 452 + Unknown Stack Size
<LI>Call Chain = cont_scroll_end_event_cb &rArr; lv_tabview_set_act &rArr; lv_obj_update_layout &rArr; layout_update_core &rArr;  layout_update_core (Cycle)
</UL>
<BR>[Calls]<UL><LI><a href="#[281]">&gt;&gt;</a>&nbsp;&nbsp;&nbsp;lv_obj_get_scroll_end
<LI><a href="#[27b]">&gt;&gt;</a>&nbsp;&nbsp;&nbsp;lv_obj_get_content_width
<LI><a href="#[248]">&gt;&gt;</a>&nbsp;&nbsp;&nbsp;lv_obj_get_style_prop
<LI><a href="#[277]">&gt;&gt;</a>&nbsp;&nbsp;&nbsp;lv_obj_get_parent
<LI><a href="#[276]">&gt;&gt;</a>&nbsp;&nbsp;&nbsp;lv_event_get_target
<LI><a href="#[280]">&gt;&gt;</a>&nbsp;&nbsp;&nbsp;lv_event_get_code
<LI><a href="#[271]">&gt;&gt;</a>&nbsp;&nbsp;&nbsp;lv_event_send
<LI><a href="#[279]">&gt;&gt;</a>&nbsp;&nbsp;&nbsp;lv_tabview_set_act
</UL>
<BR>[Address Reference Count : 1]<UL><LI> lv_tabview.o(.text.lv_tabview_constructor)
</UL>
<P><STRONG><a name="[110]"></a>lv_tabview_constructor</STRONG> (Thumb, 304 bytes, Stack size 24 bytes, lv_tabview.o(.text.lv_tabview_constructor))
<BR><BR>[Stack]<UL><LI>Max Depth = 292 + Unknown Stack Size
<LI>Call Chain = lv_tabview_constructor &rArr; lv_obj_clear_flag &rArr; lv_obj_get_scrollbar_area &rArr; lv_obj_get_scroll_left &rArr; lv_obj_get_style_prop &rArr;  lv_obj_get_style_prop (Cycle)
</UL>
<BR>[Calls]<UL><LI><a href="#[362]">&gt;&gt;</a>&nbsp;&nbsp;&nbsp;lv_obj_set_scrollbar_mode
<LI><a href="#[3f9]">&gt;&gt;</a>&nbsp;&nbsp;&nbsp;lv_obj_set_scroll_snap_x
<LI><a href="#[381]">&gt;&gt;</a>&nbsp;&nbsp;&nbsp;lv_obj_set_height
<LI><a href="#[245]">&gt;&gt;</a>&nbsp;&nbsp;&nbsp;lv_mem_alloc
<LI><a href="#[329]">&gt;&gt;</a>&nbsp;&nbsp;&nbsp;lv_obj_clear_flag
<LI><a href="#[328]">&gt;&gt;</a>&nbsp;&nbsp;&nbsp;lv_obj_add_flag
<LI><a href="#[3d4]">&gt;&gt;</a>&nbsp;&nbsp;&nbsp;lv_group_get_default
<LI><a href="#[392]">&gt;&gt;</a>&nbsp;&nbsp;&nbsp;lv_group_add_obj
<LI><a href="#[34b]">&gt;&gt;</a>&nbsp;&nbsp;&nbsp;lv_obj_add_event_cb
<LI><a href="#[34c]">&gt;&gt;</a>&nbsp;&nbsp;&nbsp;lv_obj_set_width
<LI><a href="#[3fb]">&gt;&gt;</a>&nbsp;&nbsp;&nbsp;lv_obj_set_size
<LI><a href="#[360]">&gt;&gt;</a>&nbsp;&nbsp;&nbsp;lv_obj_create
<LI><a href="#[34e]">&gt;&gt;</a>&nbsp;&nbsp;&nbsp;lv_obj_set_flex_grow
<LI><a href="#[34d]">&gt;&gt;</a>&nbsp;&nbsp;&nbsp;lv_obj_set_flex_flow
<LI><a href="#[349]">&gt;&gt;</a>&nbsp;&nbsp;&nbsp;lv_btnmatrix_set_one_checked
<LI><a href="#[340]">&gt;&gt;</a>&nbsp;&nbsp;&nbsp;lv_btnmatrix_set_map
<LI><a href="#[341]">&gt;&gt;</a>&nbsp;&nbsp;&nbsp;lv_btnmatrix_create
</UL>
<BR>[Address Reference Count : 1]<UL><LI> lv_tabview.o(.rodata.lv_tabview_class)
</UL>
<P><STRONG><a name="[111]"></a>lv_tabview_destructor</STRONG> (Thumb, 100 bytes, Stack size 16 bytes, lv_tabview.o(.text.lv_tabview_destructor))
<BR><BR>[Stack]<UL><LI>Max Depth = 60<LI>Call Chain = lv_tabview_destructor &rArr; lv_mem_free &rArr; lv_tlsf_free &rArr; block_merge_next
</UL>
<BR>[Calls]<UL><LI><a href="#[232]">&gt;&gt;</a>&nbsp;&nbsp;&nbsp;lv_mem_free
</UL>
<BR>[Address Reference Count : 1]<UL><LI> lv_tabview.o(.rodata.lv_tabview_class)
</UL>
<P><STRONG><a name="[112]"></a>lv_tabview_event</STRONG> (Thumb, 54 bytes, Stack size 16 bytes, lv_tabview.o(.text.lv_tabview_event))
<BR><BR>[Stack]<UL><LI>Max Depth = 444 + Unknown Stack Size
<LI>Call Chain = lv_tabview_event &rArr; lv_tabview_set_act &rArr; lv_obj_update_layout &rArr; layout_update_core &rArr;  layout_update_core (Cycle)
</UL>
<BR>[Calls]<UL><LI><a href="#[32b]">&gt;&gt;</a>&nbsp;&nbsp;&nbsp;lv_obj_event_base
<LI><a href="#[276]">&gt;&gt;</a>&nbsp;&nbsp;&nbsp;lv_event_get_target
<LI><a href="#[280]">&gt;&gt;</a>&nbsp;&nbsp;&nbsp;lv_event_get_code
<LI><a href="#[279]">&gt;&gt;</a>&nbsp;&nbsp;&nbsp;lv_tabview_set_act
</UL>
<BR>[Address Reference Count : 1]<UL><LI> lv_tabview.o(.rodata.lv_tabview_class)
</UL>
<P><STRONG><a name="[116]"></a>lv_tileview_constructor</STRONG> (Thumb, 64 bytes, Stack size 8 bytes, lv_tileview.o(.text.lv_tileview_constructor))
<BR><BR>[Stack]<UL><LI>Max Depth = 268 + Unknown Stack Size
<LI>Call Chain = lv_tileview_constructor &rArr; lv_obj_add_flag &rArr; lv_obj_get_scrollbar_area &rArr; lv_obj_get_scroll_left &rArr; lv_obj_get_style_prop &rArr;  lv_obj_get_style_prop (Cycle)
</UL>
<BR>[Calls]<UL><LI><a href="#[3fa]">&gt;&gt;</a>&nbsp;&nbsp;&nbsp;lv_obj_set_scroll_snap_y
<LI><a href="#[3f9]">&gt;&gt;</a>&nbsp;&nbsp;&nbsp;lv_obj_set_scroll_snap_x
<LI><a href="#[328]">&gt;&gt;</a>&nbsp;&nbsp;&nbsp;lv_obj_add_flag
<LI><a href="#[34b]">&gt;&gt;</a>&nbsp;&nbsp;&nbsp;lv_obj_add_event_cb
<LI><a href="#[3fb]">&gt;&gt;</a>&nbsp;&nbsp;&nbsp;lv_obj_set_size
</UL>
<BR>[Address Reference Count : 1]<UL><LI> lv_tileview.o(.rodata.lv_tileview_class)
</UL>
<P><STRONG><a name="[117]"></a>lv_tileview_tile_constructor</STRONG> (Thumb, 100 bytes, Stack size 24 bytes, lv_tileview.o(.text.lv_tileview_tile_constructor))
<BR><BR>[Stack]<UL><LI>Max Depth = 420 + Unknown Stack Size
<LI>Call Chain = lv_tileview_tile_constructor &rArr; lv_obj_update_layout &rArr; layout_update_core &rArr;  layout_update_core (Cycle)
</UL>
<BR>[Calls]<UL><LI><a href="#[3f8]">&gt;&gt;</a>&nbsp;&nbsp;&nbsp;lv_obj_set_scroll_dir
<LI><a href="#[226]">&gt;&gt;</a>&nbsp;&nbsp;&nbsp;lv_obj_update_layout
<LI><a href="#[27b]">&gt;&gt;</a>&nbsp;&nbsp;&nbsp;lv_obj_get_content_width
<LI><a href="#[2a8]">&gt;&gt;</a>&nbsp;&nbsp;&nbsp;lv_obj_get_content_height
<LI><a href="#[277]">&gt;&gt;</a>&nbsp;&nbsp;&nbsp;lv_obj_get_parent
<LI><a href="#[3fb]">&gt;&gt;</a>&nbsp;&nbsp;&nbsp;lv_obj_set_size
<LI><a href="#[3f7]">&gt;&gt;</a>&nbsp;&nbsp;&nbsp;lv_obj_set_pos
</UL>
<BR>[Address Reference Count : 1]<UL><LI> lv_tileview.o(.rodata.lv_tileview_tile_class)
</UL>
<P><STRONG><a name="[c0]"></a>tileview_event_cb</STRONG> (Thumb, 190 bytes, Stack size 32 bytes, lv_tileview.o(.text.tileview_event_cb))
<BR><BR>[Stack]<UL><LI>Max Depth = 156 + Unknown Stack Size
<LI>Call Chain = tileview_event_cb &rArr; lv_obj_get_y &rArr; lv_obj_get_style_prop &rArr;  lv_obj_get_style_prop (Cycle)
</UL>
<BR>[Calls]<UL><LI><a href="#[3f8]">&gt;&gt;</a>&nbsp;&nbsp;&nbsp;lv_obj_set_scroll_dir
<LI><a href="#[281]">&gt;&gt;</a>&nbsp;&nbsp;&nbsp;lv_obj_get_scroll_end
<LI><a href="#[383]">&gt;&gt;</a>&nbsp;&nbsp;&nbsp;lv_obj_get_y
<LI><a href="#[3e7]">&gt;&gt;</a>&nbsp;&nbsp;&nbsp;lv_obj_get_x
<LI><a href="#[27b]">&gt;&gt;</a>&nbsp;&nbsp;&nbsp;lv_obj_get_content_width
<LI><a href="#[2a8]">&gt;&gt;</a>&nbsp;&nbsp;&nbsp;lv_obj_get_content_height
<LI><a href="#[276]">&gt;&gt;</a>&nbsp;&nbsp;&nbsp;lv_event_get_target
<LI><a href="#[280]">&gt;&gt;</a>&nbsp;&nbsp;&nbsp;lv_event_get_code
<LI><a href="#[2d1]">&gt;&gt;</a>&nbsp;&nbsp;&nbsp;lv_obj_get_child_cnt
<LI><a href="#[271]">&gt;&gt;</a>&nbsp;&nbsp;&nbsp;lv_event_send
<LI><a href="#[27c]">&gt;&gt;</a>&nbsp;&nbsp;&nbsp;lv_obj_get_child
</UL>
<BR>[Address Reference Count : 1]<UL><LI> lv_tileview.o(.text.lv_tileview_constructor)
</UL>
<P><STRONG><a name="[118]"></a>lv_win_constructor</STRONG> (Thumb, 118 bytes, Stack size 16 bytes, lv_win.o(.text.lv_win_constructor))
<BR><BR>[Stack]<UL><LI>Max Depth = 256 + Unknown Stack Size
<LI>Call Chain = lv_win_constructor &rArr; lv_obj_create &rArr; lv_obj_class_init_obj &rArr; lv_theme_apply &rArr; lv_obj_remove_style &rArr; lv_obj_refresh_style &rArr; refresh_children_style &rArr;  refresh_children_style (Cycle)
</UL>
<BR>[Calls]<UL><LI><a href="#[97]">&gt;&gt;</a>&nbsp;&nbsp;&nbsp;lv_obj_get_width
<LI><a href="#[98]">&gt;&gt;</a>&nbsp;&nbsp;&nbsp;lv_obj_get_height
<LI><a href="#[277]">&gt;&gt;</a>&nbsp;&nbsp;&nbsp;lv_obj_get_parent
<LI><a href="#[34c]">&gt;&gt;</a>&nbsp;&nbsp;&nbsp;lv_obj_set_width
<LI><a href="#[3fb]">&gt;&gt;</a>&nbsp;&nbsp;&nbsp;lv_obj_set_size
<LI><a href="#[360]">&gt;&gt;</a>&nbsp;&nbsp;&nbsp;lv_obj_create
<LI><a href="#[34e]">&gt;&gt;</a>&nbsp;&nbsp;&nbsp;lv_obj_set_flex_grow
<LI><a href="#[34d]">&gt;&gt;</a>&nbsp;&nbsp;&nbsp;lv_obj_set_flex_flow
<LI><a href="#[3f3]">&gt;&gt;</a>&nbsp;&nbsp;&nbsp;lv_obj_set_flex_align
</UL>
<BR>[Address Reference Count : 1]<UL><LI> lv_win.o(.rodata.lv_win_class)
</UL>
<P><STRONG><a name="[b1]"></a>disp_flush</STRONG> (Thumb, 42 bytes, Stack size 24 bytes, lv_port_disp.o(.text.disp_flush))
<BR><BR>[Stack]<UL><LI>Max Depth = 152<LI>Call Chain = disp_flush &rArr; LCD_Fill_DMA &rArr; LCD_Address_Set &rArr; HAL_SPI_Transmit &rArr; SPI_WaitFlagStateUntilTimeout
</UL>
<BR>[Calls]<UL><LI><a href="#[1c3]">&gt;&gt;</a>&nbsp;&nbsp;&nbsp;LCD_Fill_DMA
<LI><a href="#[286]">&gt;&gt;</a>&nbsp;&nbsp;&nbsp;lv_disp_flush_ready
</UL>
<BR>[Address Reference Count : 1]<UL><LI> lv_port_disp.o(.text.lv_port_disp_init)
</UL>
<P><STRONG><a name="[499]"></a>_dadd1</STRONG> (Thumb, 0 bytes, Stack size unknown bytes, daddsub_clz.o(x$fpl$dadd), UNUSED)
<BR><BR>[Called By]<UL><LI><a href="#[498]">&gt;&gt;</a>&nbsp;&nbsp;&nbsp;_dsub
</UL>

<P><STRONG><a name="[493]"></a>_dsub1</STRONG> (Thumb, 0 bytes, Stack size unknown bytes, daddsub_clz.o(x$fpl$dsub), UNUSED)
<BR><BR>[Called By]<UL><LI><a href="#[492]">&gt;&gt;</a>&nbsp;&nbsp;&nbsp;_dadd
</UL>

<P><STRONG><a name="[72]"></a>_printf_input_char</STRONG> (Thumb, 10 bytes, Stack size 0 bytes, _printf_char_common.o(.text))
<BR>[Address Reference Count : 1]<UL><LI> _printf_char_common.o(.text)
</UL><P>
<H3>
Undefined Global Symbols
</H3><HR></body></html>
